Component: ARM Compiler 5.06 update 6 (build 750) Tool: armlink [4d35ed]

==============================================================================

Section Cross References

    impinviir_intr.o(.text) refers to i2s.o(.text) for i2s_rx
    impinviir_intr.o(.text) refers to f2d.o(x$fpl$f2d) for __aeabi_f2d
    impinviir_intr.o(.text) refers to dmul.o(x$fpl$dmul) for __aeabi_dmul
    impinviir_intr.o(.text) refers to daddsub_clz.o(x$fpl$dadd) for __aeabi_dadd
    impinviir_intr.o(.text) refers to d2f.o(x$fpl$d2f) for __aeabi_d2f
    impinviir_intr.o(.text) refers to audio.o(.text) for audio_init
    impinviir_intr.o(.text) refers to impinviir_intr.o(.data) for .data
    audio.o(.text) refers to gpio.o(.text) for gpio_set_mode
    audio.o(.text) refers to delay.o(.text) for delay_ms
    audio.o(.text) refers to i2c.o(.text) for i2c_write
    audio.o(.text) refers to i2s.o(.text) for i2s_init
    audio.o(.text) refers to dstc.o(.text) for dstc_init
    audio.o(.text) refers to audio.o(.data) for .data
    delay.o(.text) refers to delay.o(.emb_text) for delay_cycles
    i2c.o(.text) refers to delay.o(.text) for delay_us
    i2s.o(.text) refers to i2s.o(.data) for .data
    dstc.o(.text) refers to dstc.o(.bss) for .bss
    dstc.o(.text) refers to dstc.o(.data) for .data
    startup_s6e2cc.o(STACK) refers (Special) to heapauxi.o(.text) for __use_two_region_memory
    startup_s6e2cc.o(HEAP) refers (Special) to heapauxi.o(.text) for __use_two_region_memory
    startup_s6e2cc.o(RESET) refers (Special) to heapauxi.o(.text) for __use_two_region_memory
    startup_s6e2cc.o(RESET) refers to startup_s6e2cc.o(STACK) for __initial_sp
    startup_s6e2cc.o(RESET) refers to startup_s6e2cc.o(.text) for Reset_Handler
    startup_s6e2cc.o(RESET) refers to dstc.o(.text) for DSTC_COMP_IRQHandler
    startup_s6e2cc.o(RESET) refers to i2s.o(.text) for PRGCRC_I2S_IRQHandler
    startup_s6e2cc.o(.text) refers (Special) to heapauxi.o(.text) for __use_two_region_memory
    startup_s6e2cc.o(.text) refers to system_s6e2cc.o(.text) for SystemInit
    startup_s6e2cc.o(.text) refers to __main.o(!!!main) for __main
    startup_s6e2cc.o(.text) refers to startup_s6e2cc.o(HEAP) for Heap_Mem
    startup_s6e2cc.o(.text) refers to startup_s6e2cc.o(STACK) for Stack_Mem
    system_s6e2cc.o(.text) refers to system_s6e2cc.o(.data) for .data
    __main.o(!!!main) refers to __rtentry.o(.ARM.Collect$$rtentry$$00000000) for __rt_entry
    d2f.o(x$fpl$d2f) refers (Special) to usenofp.o(x$fpl$usenofp) for __I$use$fp
    d2f.o(x$fpl$d2f) refers to fretinf.o(x$fpl$fretinf) for __fpl_fretinf
    d2f.o(x$fpl$d2f) refers to dnaninf.o(x$fpl$dnaninf) for __fpl_dnaninf
    daddsub_clz.o(x$fpl$dadd) refers (Special) to usenofp.o(x$fpl$usenofp) for __I$use$fp
    daddsub_clz.o(x$fpl$dadd) refers to daddsub_clz.o(x$fpl$dsub) for _dsub1
    daddsub_clz.o(x$fpl$dadd) refers to dretinf.o(x$fpl$dretinf) for __fpl_dretinf
    daddsub_clz.o(x$fpl$dadd) refers to dnaninf.o(x$fpl$dnaninf) for __fpl_dnaninf
    daddsub_clz.o(x$fpl$drsb) refers (Special) to usenofp.o(x$fpl$usenofp) for __I$use$fp
    daddsub_clz.o(x$fpl$drsb) refers to daddsub_clz.o(x$fpl$dadd) for _dadd1
    daddsub_clz.o(x$fpl$drsb) refers to daddsub_clz.o(x$fpl$dsub) for _dsub1
    daddsub_clz.o(x$fpl$dsub) refers (Special) to usenofp.o(x$fpl$usenofp) for __I$use$fp
    daddsub_clz.o(x$fpl$dsub) refers to daddsub_clz.o(x$fpl$dadd) for _dadd1
    daddsub_clz.o(x$fpl$dsub) refers to dnaninf.o(x$fpl$dnaninf) for __fpl_dnaninf
    dmul.o(x$fpl$dmul) refers (Special) to usenofp.o(x$fpl$usenofp) for __I$use$fp
    dmul.o(x$fpl$dmul) refers to dretinf.o(x$fpl$dretinf) for __fpl_dretinf
    dmul.o(x$fpl$dmul) refers to dnaninf.o(x$fpl$dnaninf) for __fpl_dnaninf
    f2d.o(x$fpl$f2d) refers (Special) to usenofp.o(x$fpl$usenofp) for __I$use$fp
    f2d.o(x$fpl$f2d) refers to fnaninf.o(x$fpl$fnaninf) for __fpl_fnaninf
    f2d.o(x$fpl$f2d) refers to dretinf.o(x$fpl$dretinf) for __fpl_dretinf
    __rtentry.o(.ARM.Collect$$rtentry$$00000000) refers (Special) to __rtentry2.o(.ARM.Collect$$rtentry$$0000000A) for __rt_entry_li
    __rtentry.o(.ARM.Collect$$rtentry$$00000000) refers (Special) to __rtentry2.o(.ARM.Collect$$rtentry$$0000000D) for __rt_entry_main
    __rtentry.o(.ARM.Collect$$rtentry$$00000000) refers (Special) to __rtentry2.o(.ARM.Collect$$rtentry$$0000000C) for __rt_entry_postli_1
    __rtentry.o(.ARM.Collect$$rtentry$$00000000) refers (Special) to __rtentry2.o(.ARM.Collect$$rtentry$$00000009) for __rt_entry_postsh_1
    __rtentry.o(.ARM.Collect$$rtentry$$00000000) refers (Special) to __rtentry2.o(.ARM.Collect$$rtentry$$00000002) for __rt_entry_presh_1
    __rtentry.o(.ARM.Collect$$rtentry$$00000000) refers (Special) to __rtentry4.o(.ARM.Collect$$rtentry$$00000004) for __rt_entry_sh
    dnaninf.o(x$fpl$dnaninf) refers (Special) to usenofp.o(x$fpl$usenofp) for __I$use$fp
    dretinf.o(x$fpl$dretinf) refers (Special) to usenofp.o(x$fpl$usenofp) for __I$use$fp
    fnaninf.o(x$fpl$fnaninf) refers (Special) to usenofp.o(x$fpl$usenofp) for __I$use$fp
    fretinf.o(x$fpl$fretinf) refers (Special) to usenofp.o(x$fpl$usenofp) for __I$use$fp
    __rtentry2.o(.ARM.Collect$$rtentry$$00000008) refers to boardinit2.o(.text) for _platform_post_stackheap_init
    __rtentry2.o(.ARM.Collect$$rtentry$$0000000A) refers to libinit.o(.ARM.Collect$$libinit$$00000000) for __rt_lib_init
    __rtentry2.o(.ARM.Collect$$rtentry$$0000000B) refers to boardinit3.o(.text) for _platform_post_lib_init
    __rtentry2.o(.ARM.Collect$$rtentry$$0000000D) refers to impinviir_intr.o(.text) for main
    __rtentry2.o(.ARM.Collect$$rtentry$$0000000D) refers to exit.o(.text) for exit
    __rtentry2.o(.ARM.exidx) refers to __rtentry2.o(.ARM.Collect$$rtentry$$00000001) for .ARM.Collect$$rtentry$$00000001
    __rtentry2.o(.ARM.exidx) refers to __rtentry2.o(.ARM.Collect$$rtentry$$00000008) for .ARM.Collect$$rtentry$$00000008
    __rtentry2.o(.ARM.exidx) refers to __rtentry2.o(.ARM.Collect$$rtentry$$0000000A) for .ARM.Collect$$rtentry$$0000000A
    __rtentry2.o(.ARM.exidx) refers to __rtentry2.o(.ARM.Collect$$rtentry$$0000000B) for .ARM.Collect$$rtentry$$0000000B
    __rtentry2.o(.ARM.exidx) refers to __rtentry2.o(.ARM.Collect$$rtentry$$0000000D) for .ARM.Collect$$rtentry$$0000000D
    __rtentry4.o(.ARM.Collect$$rtentry$$00000004) refers to sys_stackheap_outer.o(.text) for __user_setup_stackheap
    __rtentry4.o(.ARM.exidx) refers to __rtentry4.o(.ARM.Collect$$rtentry$$00000004) for .ARM.Collect$$rtentry$$00000004
    sys_stackheap_outer.o(.text) refers to libspace.o(.text) for __user_perproc_libspace
    sys_stackheap_outer.o(.text) refers to startup_s6e2cc.o(.text) for __user_initial_stackheap
    exit.o(.text) refers to rtexit.o(.ARM.Collect$$rtexit$$00000000) for __rt_exit
    libinit.o(.ARM.Collect$$libinit$$00000000) refers (Special) to libinit2.o(.ARM.Collect$$libinit$$0000002E) for __rt_lib_init_alloca_1
    libinit.o(.ARM.Collect$$libinit$$00000000) refers (Special) to libinit2.o(.ARM.Collect$$libinit$$0000002C) for __rt_lib_init_argv_1
    libinit.o(.ARM.Collect$$libinit$$00000000) refers (Special) to libinit2.o(.ARM.Collect$$libinit$$0000001B) for __rt_lib_init_atexit_1
    libinit.o(.ARM.Collect$$libinit$$00000000) refers (Special) to libinit2.o(.ARM.Collect$$libinit$$00000021) for __rt_lib_init_clock_1
    libinit.o(.ARM.Collect$$libinit$$00000000) refers (Special) to libinit2.o(.ARM.Collect$$libinit$$00000032) for __rt_lib_init_cpp_1
    libinit.o(.ARM.Collect$$libinit$$00000000) refers (Special) to libinit2.o(.ARM.Collect$$libinit$$00000030) for __rt_lib_init_exceptions_1
    libinit.o(.ARM.Collect$$libinit$$00000000) refers (Special) to libinit2.o(.ARM.Collect$$libinit$$00000001) for __rt_lib_init_fp_1
    libinit.o(.ARM.Collect$$libinit$$00000000) refers (Special) to libinit2.o(.ARM.Collect$$libinit$$0000001F) for __rt_lib_init_fp_trap_1
    libinit.o(.ARM.Collect$$libinit$$00000000) refers (Special) to libinit2.o(.ARM.Collect$$libinit$$00000023) for __rt_lib_init_getenv_1
    libinit.o(.ARM.Collect$$libinit$$00000000) refers (Special) to libinit2.o(.ARM.Collect$$libinit$$0000000A) for __rt_lib_init_heap_1
    libinit.o(.ARM.Collect$$libinit$$00000000) refers (Special) to libinit2.o(.ARM.Collect$$libinit$$00000011) for __rt_lib_init_lc_collate_1
    libinit.o(.ARM.Collect$$libinit$$00000000) refers (Special) to libinit2.o(.ARM.Collect$$libinit$$00000013) for __rt_lib_init_lc_ctype_1
    libinit.o(.ARM.Collect$$libinit$$00000000) refers (Special) to libinit2.o(.ARM.Collect$$libinit$$00000015) for __rt_lib_init_lc_monetary_1
    libinit.o(.ARM.Collect$$libinit$$00000000) refers (Special) to libinit2.o(.ARM.Collect$$libinit$$00000017) for __rt_lib_init_lc_numeric_1
    libinit.o(.ARM.Collect$$libinit$$00000000) refers (Special) to libinit2.o(.ARM.Collect$$libinit$$00000019) for __rt_lib_init_lc_time_1
    libinit.o(.ARM.Collect$$libinit$$00000000) refers (Special) to libinit2.o(.ARM.Collect$$libinit$$00000004) for __rt_lib_init_preinit_1
    libinit.o(.ARM.Collect$$libinit$$00000000) refers (Special) to libinit2.o(.ARM.Collect$$libinit$$0000000E) for __rt_lib_init_rand_1
    libinit.o(.ARM.Collect$$libinit$$00000000) refers (Special) to libinit2.o(.ARM.Collect$$libinit$$00000033) for __rt_lib_init_return
    libinit.o(.ARM.Collect$$libinit$$00000000) refers (Special) to libinit2.o(.ARM.Collect$$libinit$$0000001D) for __rt_lib_init_signal_1
    libinit.o(.ARM.Collect$$libinit$$00000000) refers (Special) to libinit2.o(.ARM.Collect$$libinit$$00000025) for __rt_lib_init_stdio_1
    libinit.o(.ARM.Collect$$libinit$$00000000) refers (Special) to libinit2.o(.ARM.Collect$$libinit$$0000000C) for __rt_lib_init_user_alloc_1
    libspace.o(.text) refers to libspace.o(.bss) for __libspace_start
    rtexit.o(.ARM.Collect$$rtexit$$00000000) refers (Special) to rtexit2.o(.ARM.Collect$$rtexit$$00000004) for __rt_exit_exit
    rtexit.o(.ARM.Collect$$rtexit$$00000000) refers (Special) to rtexit2.o(.ARM.Collect$$rtexit$$00000003) for __rt_exit_ls
    rtexit.o(.ARM.Collect$$rtexit$$00000000) refers (Special) to rtexit2.o(.ARM.Collect$$rtexit$$00000002) for __rt_exit_prels_1
    rtexit.o(.ARM.exidx) refers (Special) to rtexit2.o(.ARM.Collect$$rtexit$$00000004) for __rt_exit_exit
    rtexit.o(.ARM.exidx) refers (Special) to rtexit2.o(.ARM.Collect$$rtexit$$00000003) for __rt_exit_ls
    rtexit.o(.ARM.exidx) refers (Special) to rtexit2.o(.ARM.Collect$$rtexit$$00000002) for __rt_exit_prels_1
    rtexit.o(.ARM.exidx) refers to rtexit.o(.ARM.Collect$$rtexit$$00000000) for .ARM.Collect$$rtexit$$00000000
    libinit2.o(.ARM.Collect$$libinit$$00000001) refers to fpinit.o(x$fpl$fpinit) for _fp_init
    libinit2.o(.ARM.Collect$$libinit$$00000010) refers to libinit2.o(.ARM.Collect$$libinit$$0000000F) for .ARM.Collect$$libinit$$0000000F
    libinit2.o(.ARM.Collect$$libinit$$00000012) refers to libinit2.o(.ARM.Collect$$libinit$$0000000F) for .ARM.Collect$$libinit$$0000000F
    libinit2.o(.ARM.Collect$$libinit$$00000014) refers to libinit2.o(.ARM.Collect$$libinit$$0000000F) for .ARM.Collect$$libinit$$0000000F
    libinit2.o(.ARM.Collect$$libinit$$00000016) refers to libinit2.o(.ARM.Collect$$libinit$$0000000F) for .ARM.Collect$$libinit$$0000000F
    libinit2.o(.ARM.Collect$$libinit$$00000018) refers to libinit2.o(.ARM.Collect$$libinit$$0000000F) for .ARM.Collect$$libinit$$0000000F
    libinit2.o(.ARM.Collect$$libinit$$00000026) refers to argv_veneer.o(.emb_text) for __ARM_argv_veneer
    libinit2.o(.ARM.Collect$$libinit$$00000027) refers to argv_veneer.o(.emb_text) for __ARM_argv_veneer
    rtexit2.o(.ARM.Collect$$rtexit$$00000003) refers to libshutdown.o(.ARM.Collect$$libshutdown$$00000000) for __rt_lib_shutdown
    rtexit2.o(.ARM.Collect$$rtexit$$00000004) refers to sys_exit.o(.text) for _sys_exit
    rtexit2.o(.ARM.exidx) refers to rtexit2.o(.ARM.Collect$$rtexit$$00000001) for .ARM.Collect$$rtexit$$00000001
    rtexit2.o(.ARM.exidx) refers to rtexit2.o(.ARM.Collect$$rtexit$$00000003) for .ARM.Collect$$rtexit$$00000003
    rtexit2.o(.ARM.exidx) refers to rtexit2.o(.ARM.Collect$$rtexit$$00000004) for .ARM.Collect$$rtexit$$00000004
    argv_veneer.o(.emb_text) refers to no_argv.o(.text) for __ARM_get_argv
    sys_exit.o(.text) refers (Special) to use_no_semi.o(.text) for __I$use$semihosting
    sys_exit.o(.text) refers (Special) to indicate_semi.o(.text) for __semihosting_library_function
    _get_argv_nomalloc.o(.text) refers (Special) to hrguard.o(.text) for __heap_region$guard
    _get_argv_nomalloc.o(.text) refers to defsig_rtmem_outer.o(.text) for __rt_SIGRTMEM
    _get_argv_nomalloc.o(.text) refers to sys_command.o(.text) for _sys_command_string
    libshutdown.o(.ARM.Collect$$libshutdown$$00000000) refers (Special) to libshutdown2.o(.ARM.Collect$$libshutdown$$00000002) for __rt_lib_shutdown_cpp_1
    libshutdown.o(.ARM.Collect$$libshutdown$$00000000) refers (Special) to libshutdown2.o(.ARM.Collect$$libshutdown$$00000007) for __rt_lib_shutdown_fp_trap_1
    libshutdown.o(.ARM.Collect$$libshutdown$$00000000) refers (Special) to libshutdown2.o(.ARM.Collect$$libshutdown$$0000000F) for __rt_lib_shutdown_heap_1
    libshutdown.o(.ARM.Collect$$libshutdown$$00000000) refers (Special) to libshutdown2.o(.ARM.Collect$$libshutdown$$00000010) for __rt_lib_shutdown_return
    libshutdown.o(.ARM.Collect$$libshutdown$$00000000) refers (Special) to libshutdown2.o(.ARM.Collect$$libshutdown$$0000000A) for __rt_lib_shutdown_signal_1
    libshutdown.o(.ARM.Collect$$libshutdown$$00000000) refers (Special) to libshutdown2.o(.ARM.Collect$$libshutdown$$00000004) for __rt_lib_shutdown_stdio_1
    libshutdown.o(.ARM.Collect$$libshutdown$$00000000) refers (Special) to libshutdown2.o(.ARM.Collect$$libshutdown$$0000000C) for __rt_lib_shutdown_user_alloc_1
    sys_command.o(.text) refers (Special) to use_no_semi.o(.text) for __I$use$semihosting
    sys_command.o(.text) refers (Special) to indicate_semi.o(.text) for __semihosting_library_function
    defsig_rtmem_outer.o(.text) refers to defsig_rtmem_inner.o(.text) for __rt_SIGRTMEM_inner
    defsig_rtmem_outer.o(.text) refers to defsig_exit.o(.text) for __sig_exit
    defsig_rtmem_formal.o(.text) refers to rt_raise.o(.text) for __rt_raise
    rt_raise.o(.text) refers to __raise.o(.text) for __raise
    rt_raise.o(.text) refers to sys_exit.o(.text) for _sys_exit
    defsig_exit.o(.text) refers to sys_exit.o(.text) for _sys_exit
    defsig_rtmem_inner.o(.text) refers to defsig_general.o(.text) for __default_signal_display
    __raise.o(.text) refers to defsig.o(CL$$defsig) for __default_signal_handler
    defsig_general.o(.text) refers to sys_wrch.o(.text) for _ttywrch
    sys_wrch.o(.text) refers (Special) to use_no_semi.o(.text) for __I$use$semihosting
    sys_wrch.o(.text) refers (Special) to indicate_semi.o(.text) for __semihosting_library_function
    defsig.o(CL$$defsig) refers to defsig_rtmem_inner.o(.text) for __rt_SIGRTMEM_inner
    defsig_abrt_inner.o(.text) refers to defsig_general.o(.text) for __default_signal_display
    defsig_fpe_inner.o(.text) refers to defsig_general.o(.text) for __default_signal_display
    defsig_rtred_inner.o(.text) refers to defsig_general.o(.text) for __default_signal_display
    defsig_stak_inner.o(.text) refers to defsig_general.o(.text) for __default_signal_display
    defsig_pvfn_inner.o(.text) refers to defsig_general.o(.text) for __default_signal_display
    defsig_cppl_inner.o(.text) refers to defsig_general.o(.text) for __default_signal_display
    defsig_segv_inner.o(.text) refers to defsig_general.o(.text) for __default_signal_display
    defsig_other.o(.text) refers to defsig_general.o(.text) for __default_signal_display


==============================================================================

Removing Unused input sections from the image.

    Removing impinviir_intr.o(.rev16_text), (4 bytes).
    Removing impinviir_intr.o(.revsh_text), (4 bytes).
    Removing impinviir_intr.o(.rrx_text), (6 bytes).
    Removing audio.o(.rev16_text), (4 bytes).
    Removing audio.o(.revsh_text), (4 bytes).
    Removing audio.o(.rrx_text), (6 bytes).
    Removing gpio.o(.rev16_text), (4 bytes).
    Removing gpio.o(.revsh_text), (4 bytes).
    Removing gpio.o(.rrx_text), (6 bytes).
    Removing i2c.o(.rev16_text), (4 bytes).
    Removing i2c.o(.revsh_text), (4 bytes).
    Removing i2c.o(.rrx_text), (6 bytes).
    Removing i2s.o(.rev16_text), (4 bytes).
    Removing i2s.o(.revsh_text), (4 bytes).
    Removing i2s.o(.rrx_text), (6 bytes).
    Removing dstc.o(.rev16_text), (4 bytes).
    Removing dstc.o(.revsh_text), (4 bytes).
    Removing dstc.o(.rrx_text), (6 bytes).
    Removing dstc.o(.data), (4 bytes).
    Removing dstc.o(.data), (4 bytes).
    Removing system_s6e2cc.o(.rev16_text), (4 bytes).
    Removing system_s6e2cc.o(.revsh_text), (4 bytes).
    Removing system_s6e2cc.o(.rrx_text), (6 bytes).

23 unused section(s) (total 106 bytes) removed from the image.

==============================================================================

Image Symbol Table

    Local Symbols

    Symbol Name                              Value     Ov Type        Size  Object(Section)

    RESET                                    0x00000000   Section      576  startup_s6e2cc.o(RESET)
    ../clib/angel/boardlib.s                 0x00000000   Number         0  boardinit3.o ABSOLUTE
    ../clib/angel/boardlib.s                 0x00000000   Number         0  boardinit2.o ABSOLUTE
    ../clib/angel/boardlib.s                 0x00000000   Number         0  boardinit1.o ABSOLUTE
    ../clib/angel/boardlib.s                 0x00000000   Number         0  boardshut.o ABSOLUTE
    ../clib/angel/handlers.s                 0x00000000   Number         0  __scatter_zi.o ABSOLUTE
    ../clib/angel/handlers.s                 0x00000000   Number         0  __scatter_copy.o ABSOLUTE
    ../clib/angel/kernel.s                   0x00000000   Number         0  rtexit.o ABSOLUTE
    ../clib/angel/kernel.s                   0x00000000   Number         0  rtexit2.o ABSOLUTE
    ../clib/angel/kernel.s                   0x00000000   Number         0  __rtentry.o ABSOLUTE
    ../clib/angel/kernel.s                   0x00000000   Number         0  __rtentry2.o ABSOLUTE
    ../clib/angel/kernel.s                   0x00000000   Number         0  __rtentry4.o ABSOLUTE
    ../clib/angel/rt.s                       0x00000000   Number         0  rt_raise.o ABSOLUTE
    ../clib/angel/scatter.s                  0x00000000   Number         0  __scatter.o ABSOLUTE
    ../clib/angel/startup.s                  0x00000000   Number         0  __main.o ABSOLUTE
    ../clib/angel/sys.s                      0x00000000   Number         0  libspace.o ABSOLUTE
    ../clib/angel/sys.s                      0x00000000   Number         0  use_no_semi.o ABSOLUTE
    ../clib/angel/sys.s                      0x00000000   Number         0  indicate_semi.o ABSOLUTE
    ../clib/angel/sys.s                      0x00000000   Number         0  sys_stackheap_outer.o ABSOLUTE
    ../clib/angel/sysapp.c                   0x00000000   Number         0  sys_exit.o ABSOLUTE
    ../clib/angel/sysapp.c                   0x00000000   Number         0  sys_command.o ABSOLUTE
    ../clib/angel/sysapp.c                   0x00000000   Number         0  sys_wrch.o ABSOLUTE
    ../clib/armsys.c                         0x00000000   Number         0  argv_veneer.o ABSOLUTE
    ../clib/armsys.c                         0x00000000   Number         0  argv_veneer.o ABSOLUTE
    ../clib/armsys.c                         0x00000000   Number         0  _get_argv_nomalloc.o ABSOLUTE
    ../clib/armsys.c                         0x00000000   Number         0  no_argv.o ABSOLUTE
    ../clib/heapalloc.c                      0x00000000   Number         0  hrguard.o ABSOLUTE
    ../clib/heapaux.c                        0x00000000   Number         0  heapauxi.o ABSOLUTE
    ../clib/libinit.s                        0x00000000   Number         0  libinit2.o ABSOLUTE
    ../clib/libinit.s                        0x00000000   Number         0  libinit.o ABSOLUTE
    ../clib/libinit.s                        0x00000000   Number         0  libshutdown.o ABSOLUTE
    ../clib/libinit.s                        0x00000000   Number         0  libshutdown2.o ABSOLUTE
    ../clib/signal.c                         0x00000000   Number         0  defsig_rtmem_formal.o ABSOLUTE
    ../clib/signal.c                         0x00000000   Number         0  defsig_rtmem_outer.o ABSOLUTE
    ../clib/signal.c                         0x00000000   Number         0  defsig_other.o ABSOLUTE
    ../clib/signal.c                         0x00000000   Number         0  defsig_segv_inner.o ABSOLUTE
    ../clib/signal.c                         0x00000000   Number         0  defsig_cppl_inner.o ABSOLUTE
    ../clib/signal.c                         0x00000000   Number         0  defsig_pvfn_inner.o ABSOLUTE
    ../clib/signal.c                         0x00000000   Number         0  defsig_stak_inner.o ABSOLUTE
    ../clib/signal.c                         0x00000000   Number         0  defsig_rtred_inner.o ABSOLUTE
    ../clib/signal.c                         0x00000000   Number         0  defsig_fpe_inner.o ABSOLUTE
    ../clib/signal.c                         0x00000000   Number         0  defsig_abrt_inner.o ABSOLUTE
    ../clib/signal.c                         0x00000000   Number         0  defsig_general.o ABSOLUTE
    ../clib/signal.c                         0x00000000   Number         0  __raise.o ABSOLUTE
    ../clib/signal.c                         0x00000000   Number         0  defsig_rtmem_inner.o ABSOLUTE
    ../clib/signal.c                         0x00000000   Number         0  defsig_exit.o ABSOLUTE
    ../clib/signal.s                         0x00000000   Number         0  defsig.o ABSOLUTE
    ../clib/stdlib.c                         0x00000000   Number         0  exit.o ABSOLUTE
    ../fplib/d2f.s                           0x00000000   Number         0  d2f.o ABSOLUTE
    ../fplib/daddsub.s                       0x00000000   Number         0  daddsub_clz.o ABSOLUTE
    ../fplib/dmul.s                          0x00000000   Number         0  dmul.o ABSOLUTE
    ../fplib/dnaninf.s                       0x00000000   Number         0  dnaninf.o ABSOLUTE
    ../fplib/dretinf.s                       0x00000000   Number         0  dretinf.o ABSOLUTE
    ../fplib/f2d.s                           0x00000000   Number         0  f2d.o ABSOLUTE
    ../fplib/fnaninf.s                       0x00000000   Number         0  fnaninf.o ABSOLUTE
    ../fplib/fpinit.s                        0x00000000   Number         0  fpinit.o ABSOLUTE
    ../fplib/fretinf.s                       0x00000000   Number         0  fretinf.o ABSOLUTE
    ../fplib/usenofp.s                       0x00000000   Number         0  usenofp.o ABSOLUTE
    RTE\Device\S6E2CCAJ0A\startup_s6e2cc.s   0x00000000   Number         0  startup_s6e2cc.o ABSOLUTE
    RTE\Device\S6E2CCAJ0A\system_s6e2cc.c    0x00000000   Number         0  system_s6e2cc.o ABSOLUTE
    RTE\\Device\\S6E2CCAJ0A\\system_s6e2cc.c 0x00000000   Number         0  system_s6e2cc.o ABSOLUTE
    dc.s                                     0x00000000   Number         0  dc.o ABSOLUTE
    drivers\\audio.c                         0x00000000   Number         0  audio.o ABSOLUTE
    drivers\\delay.c                         0x00000000   Number         0  delay.o ABSOLUTE
    drivers\\dstc.c                          0x00000000   Number         0  dstc.o ABSOLUTE
    drivers\\gpio.c                          0x00000000   Number         0  gpio.o ABSOLUTE
    drivers\\i2c.c                           0x00000000   Number         0  i2c.o ABSOLUTE
    drivers\\i2s.c                           0x00000000   Number         0  i2s.o ABSOLUTE
    drivers\audio.c                          0x00000000   Number         0  audio.o ABSOLUTE
    drivers\delay.c                          0x00000000   Number         0  delay.o ABSOLUTE
    drivers\dstc.c                           0x00000000   Number         0  dstc.o ABSOLUTE
    drivers\gpio.c                           0x00000000   Number         0  gpio.o ABSOLUTE
    drivers\i2c.c                            0x00000000   Number         0  i2c.o ABSOLUTE
    drivers\i2s.c                            0x00000000   Number         0  i2s.o ABSOLUTE
    src\\impinviir_intr.c                    0x00000000   Number         0  impinviir_intr.o ABSOLUTE
    src\impinviir_intr.c                     0x00000000   Number         0  impinviir_intr.o ABSOLUTE
    !!!main                                  0x00000240   Section        8  __main.o(!!!main)
    !!!scatter                               0x00000248   Section       52  __scatter.o(!!!scatter)
    !!handler_copy                           0x0000027c   Section       26  __scatter_copy.o(!!handler_copy)
    !!handler_zi                             0x00000298   Section       28  __scatter_zi.o(!!handler_zi)
    .ARM.Collect$$libinit$$00000000          0x000002b4   Section        2  libinit.o(.ARM.Collect$$libinit$$00000000)
    .ARM.Collect$$libinit$$00000001          0x000002b6   Section        4  libinit2.o(.ARM.Collect$$libinit$$00000001)
    .ARM.Collect$$libinit$$00000004          0x000002ba   Section        0  libinit2.o(.ARM.Collect$$libinit$$00000004)
    .ARM.Collect$$libinit$$0000000A          0x000002ba   Section        0  libinit2.o(.ARM.Collect$$libinit$$0000000A)
    .ARM.Collect$$libinit$$0000000C          0x000002ba   Section        0  libinit2.o(.ARM.Collect$$libinit$$0000000C)
    .ARM.Collect$$libinit$$0000000E          0x000002ba   Section        0  libinit2.o(.ARM.Collect$$libinit$$0000000E)
    .ARM.Collect$$libinit$$00000011          0x000002ba   Section        0  libinit2.o(.ARM.Collect$$libinit$$00000011)
    .ARM.Collect$$libinit$$00000013          0x000002ba   Section        0  libinit2.o(.ARM.Collect$$libinit$$00000013)
    .ARM.Collect$$libinit$$00000015          0x000002ba   Section        0  libinit2.o(.ARM.Collect$$libinit$$00000015)
    .ARM.Collect$$libinit$$00000017          0x000002ba   Section        0  libinit2.o(.ARM.Collect$$libinit$$00000017)
    .ARM.Collect$$libinit$$00000019          0x000002ba   Section        0  libinit2.o(.ARM.Collect$$libinit$$00000019)
    .ARM.Collect$$libinit$$0000001B          0x000002ba   Section        0  libinit2.o(.ARM.Collect$$libinit$$0000001B)
    .ARM.Collect$$libinit$$0000001D          0x000002ba   Section        0  libinit2.o(.ARM.Collect$$libinit$$0000001D)
    .ARM.Collect$$libinit$$0000001F          0x000002ba   Section        0  libinit2.o(.ARM.Collect$$libinit$$0000001F)
    .ARM.Collect$$libinit$$00000021          0x000002ba   Section        0  libinit2.o(.ARM.Collect$$libinit$$00000021)
    .ARM.Collect$$libinit$$00000023          0x000002ba   Section        0  libinit2.o(.ARM.Collect$$libinit$$00000023)
    .ARM.Collect$$libinit$$00000025          0x000002ba   Section        0  libinit2.o(.ARM.Collect$$libinit$$00000025)
    .ARM.Collect$$libinit$$0000002C          0x000002ba   Section        0  libinit2.o(.ARM.Collect$$libinit$$0000002C)
    .ARM.Collect$$libinit$$0000002E          0x000002ba   Section        0  libinit2.o(.ARM.Collect$$libinit$$0000002E)
    .ARM.Collect$$libinit$$00000030          0x000002ba   Section        0  libinit2.o(.ARM.Collect$$libinit$$00000030)
    .ARM.Collect$$libinit$$00000032          0x000002ba   Section        0  libinit2.o(.ARM.Collect$$libinit$$00000032)
    .ARM.Collect$$libinit$$00000033          0x000002ba   Section        2  libinit2.o(.ARM.Collect$$libinit$$00000033)
    .ARM.Collect$$libshutdown$$00000000      0x000002bc   Section        2  libshutdown.o(.ARM.Collect$$libshutdown$$00000000)
    .ARM.Collect$$libshutdown$$00000002      0x000002be   Section        0  libshutdown2.o(.ARM.Collect$$libshutdown$$00000002)
    .ARM.Collect$$libshutdown$$00000004      0x000002be   Section        0  libshutdown2.o(.ARM.Collect$$libshutdown$$00000004)
    .ARM.Collect$$libshutdown$$00000007      0x000002be   Section        0  libshutdown2.o(.ARM.Collect$$libshutdown$$00000007)
    .ARM.Collect$$libshutdown$$0000000A      0x000002be   Section        0  libshutdown2.o(.ARM.Collect$$libshutdown$$0000000A)
    .ARM.Collect$$libshutdown$$0000000C      0x000002be   Section        0  libshutdown2.o(.ARM.Collect$$libshutdown$$0000000C)
    .ARM.Collect$$libshutdown$$0000000F      0x000002be   Section        0  libshutdown2.o(.ARM.Collect$$libshutdown$$0000000F)
    .ARM.Collect$$libshutdown$$00000010      0x000002be   Section        2  libshutdown2.o(.ARM.Collect$$libshutdown$$00000010)
    .ARM.Collect$$rtentry$$00000000          0x000002c0   Section        0  __rtentry.o(.ARM.Collect$$rtentry$$00000000)
    .ARM.Collect$$rtentry$$00000002          0x000002c0   Section        0  __rtentry2.o(.ARM.Collect$$rtentry$$00000002)
    .ARM.Collect$$rtentry$$00000004          0x000002c0   Section        6  __rtentry4.o(.ARM.Collect$$rtentry$$00000004)
    .ARM.Collect$$rtentry$$00000009          0x000002c6   Section        0  __rtentry2.o(.ARM.Collect$$rtentry$$00000009)
    .ARM.Collect$$rtentry$$0000000A          0x000002c6   Section        4  __rtentry2.o(.ARM.Collect$$rtentry$$0000000A)
    .ARM.Collect$$rtentry$$0000000C          0x000002ca   Section        0  __rtentry2.o(.ARM.Collect$$rtentry$$0000000C)
    .ARM.Collect$$rtentry$$0000000D          0x000002ca   Section        8  __rtentry2.o(.ARM.Collect$$rtentry$$0000000D)
    .ARM.Collect$$rtexit$$00000000           0x000002d2   Section        2  rtexit.o(.ARM.Collect$$rtexit$$00000000)
    .ARM.Collect$$rtexit$$00000002           0x000002d4   Section        0  rtexit2.o(.ARM.Collect$$rtexit$$00000002)
    .ARM.Collect$$rtexit$$00000003           0x000002d4   Section        4  rtexit2.o(.ARM.Collect$$rtexit$$00000003)
    .ARM.Collect$$rtexit$$00000004           0x000002d8   Section        6  rtexit2.o(.ARM.Collect$$rtexit$$00000004)
    .emb_text                                0x000002e0   Section       10  delay.o(.emb_text)
    $v0                                      0x000002e0   Number         0  delay.o(.emb_text)
    .text                                    0x000002ec   Section        0  impinviir_intr.o(.text)
    .text                                    0x00000428   Section        0  audio.o(.text)
    .text                                    0x000005a0   Section        0  delay.o(.text)
    .text                                    0x000005f4   Section        0  gpio.o(.text)
    .text                                    0x00000760   Section        0  i2c.o(.text)
    .text                                    0x00000884   Section        0  i2s.o(.text)
    __NVIC_ClearPendingIRQ                   0x00000aff   Thumb Code    26  i2s.o(.text)
    .text                                    0x00000b40   Section        0  dstc.o(.text)
    __NVIC_ClearPendingIRQ                   0x00000d4d   Thumb Code    26  dstc.o(.text)
    .text                                    0x00000d8c   Section       76  startup_s6e2cc.o(.text)
    $v0                                      0x00000d8c   Number         0  startup_s6e2cc.o(.text)
    .text                                    0x00000dd8   Section        0  system_s6e2cc.o(.text)
    .text                                    0x00000f0c   Section        0  heapauxi.o(.text)
    .text                                    0x00000f12   Section       74  sys_stackheap_outer.o(.text)
    .text                                    0x00000f5c   Section        0  exit.o(.text)
    .text                                    0x00000f70   Section        8  libspace.o(.text)
    .text                                    0x00000f78   Section        0  sys_exit.o(.text)
    .text                                    0x00000f84   Section        2  use_no_semi.o(.text)
    .text                                    0x00000f86   Section        0  indicate_semi.o(.text)
    x$fpl$d2f                                0x00000f88   Section       98  d2f.o(x$fpl$d2f)
    $v0                                      0x00000f88   Number         0  d2f.o(x$fpl$d2f)
    x$fpl$dadd                               0x00000fec   Section      336  daddsub_clz.o(x$fpl$dadd)
    $v0                                      0x00000fec   Number         0  daddsub_clz.o(x$fpl$dadd)
    _dadd1                                   0x00000ffd   Thumb Code     0  daddsub_clz.o(x$fpl$dadd)
    x$fpl$dmul                               0x0000113c   Section      340  dmul.o(x$fpl$dmul)
    $v0                                      0x0000113c   Number         0  dmul.o(x$fpl$dmul)
    x$fpl$dnaninf                            0x00001290   Section      156  dnaninf.o(x$fpl$dnaninf)
    $v0                                      0x00001290   Number         0  dnaninf.o(x$fpl$dnaninf)
    x$fpl$dretinf                            0x0000132c   Section       12  dretinf.o(x$fpl$dretinf)
    $v0                                      0x0000132c   Number         0  dretinf.o(x$fpl$dretinf)
    x$fpl$dsub                               0x00001338   Section      468  daddsub_clz.o(x$fpl$dsub)
    $v0                                      0x00001338   Number         0  daddsub_clz.o(x$fpl$dsub)
    _dsub1                                   0x00001349   Thumb Code     0  daddsub_clz.o(x$fpl$dsub)
    x$fpl$f2d                                0x0000150c   Section       86  f2d.o(x$fpl$f2d)
    $v0                                      0x0000150c   Number         0  f2d.o(x$fpl$f2d)
    x$fpl$fnaninf                            0x00001562   Section      140  fnaninf.o(x$fpl$fnaninf)
    $v0                                      0x00001562   Number         0  fnaninf.o(x$fpl$fnaninf)
    x$fpl$fpinit                             0x000015ee   Section       10  fpinit.o(x$fpl$fpinit)
    $v0                                      0x000015ee   Number         0  fpinit.o(x$fpl$fpinit)
    x$fpl$fretinf                            0x000015f8   Section       10  fretinf.o(x$fpl$fretinf)
    $v0                                      0x000015f8   Number         0  fretinf.o(x$fpl$fretinf)
    x$fpl$usenofp                            0x00001602   Section        0  usenofp.o(x$fpl$usenofp)
    .data                                    0x1ffd0000   Section       28  impinviir_intr.o(.data)
    audio_IN                                 0x1ffd0004   Data           4  impinviir_intr.o(.data)
    audio_OUT                                0x1ffd0008   Data           4  impinviir_intr.o(.data)
    .data                                    0x1ffd001c   Section        8  audio.o(.data)
    .data                                    0x1ffd0024   Section        4  i2s.o(.data)
    i2s_callback                             0x1ffd0024   Data           4  i2s.o(.data)
    .data                                    0x1ffd0028   Section        4  dstc.o(.data)
    dma_callback                             0x1ffd0028   Data           4  dstc.o(.data)
    .data                                    0x1ffd002c   Section        8  system_s6e2cc.o(.data)
    u8IoRegisterRead                         0x1ffd002c   Data           1  system_s6e2cc.o(.data)
    .bss                                     0x1ffd0034   Section     1080  dstc.o(.bss)
    dma_tx_buffer_ping                       0x1ffd0034   Data         512  dstc.o(.bss)
    dma_rx_buffer_ping                       0x1ffd0234   Data         512  dstc.o(.bss)
    .bss                                     0x1ffd046c   Section       96  libspace.o(.bss)
    HEAP                                     0x1ffd04d0   Section        0  startup_s6e2cc.o(HEAP)
    STACK                                    0x1ffd04d0   Section      512  startup_s6e2cc.o(STACK)
    Heap_Mem                                 0x1ffd04d0   Data           0  startup_s6e2cc.o(HEAP)
    Stack_Mem                                0x1ffd04d0   Data         512  startup_s6e2cc.o(STACK)
    __initial_sp                             0x1ffd06d0   Data           0  startup_s6e2cc.o(STACK)

    Global Symbols

    Symbol Name                              Value     Ov Type        Size  Object(Section)

    BuildAttributes$$THM_ISAv4$E$P$D$K$B$S$7EM$VFPi3$EXTD16$VFPS$VFMA$PE$A:L22UL41UL21$X:L11$S22US41US21$IEEE1$IW$USESV6$~STKCKD$USESV7$~SHL$OSPACE$ROPI$EBA8$UX$STANDARDLIB$REQ8$PRES8$EABIv2 0x00000000   Number         0  anon$$obj.o ABSOLUTE
    __ARM_use_no_argv                        0x00000000   Number         0  impinviir_intr.o ABSOLUTE
    __Vectors                                0x00000000   Data           4  startup_s6e2cc.o(RESET)
    __ARM_exceptions_init                     - Undefined Weak Reference
    __alloca_initialize                       - Undefined Weak Reference
    __arm_preinit_                            - Undefined Weak Reference
    __cpp_initialize__aeabi_                  - Undefined Weak Reference
    __cxa_finalize                            - Undefined Weak Reference
    __rt_locale                               - Undefined Weak Reference
    __sigvec_lookup                           - Undefined Weak Reference
    _atexit_init                              - Undefined Weak Reference
    _call_atexit_fns                          - Undefined Weak Reference
    _clock_init                               - Undefined Weak Reference
    _fp_trap_init                             - Undefined Weak Reference
    _fp_trap_shutdown                         - Undefined Weak Reference
    _get_lc_collate                           - Undefined Weak Reference
    _get_lc_ctype                             - Undefined Weak Reference
    _get_lc_monetary                          - Undefined Weak Reference
    _get_lc_numeric                           - Undefined Weak Reference
    _get_lc_time                              - Undefined Weak Reference
    _getenv_init                              - Undefined Weak Reference
    _handle_redirection                       - Undefined Weak Reference
    _init_alloc                               - Undefined Weak Reference
    _init_user_alloc                          - Undefined Weak Reference
    _initio                                   - Undefined Weak Reference
    _rand_init                                - Undefined Weak Reference
    _signal_finish                            - Undefined Weak Reference
    _signal_init                              - Undefined Weak Reference
    _terminate_alloc                          - Undefined Weak Reference
    _terminate_user_alloc                     - Undefined Weak Reference
    _terminateio                              - Undefined Weak Reference
    __Vectors_End                            0x00000240   Data           0  startup_s6e2cc.o(RESET)
    __Vectors_Size                           0x00000240   Number         0  startup_s6e2cc.o ABSOLUTE
    __main                                   0x00000241   Thumb Code     8  __main.o(!!!main)
    __scatterload                            0x00000249   Thumb Code     0  __scatter.o(!!!scatter)
    __scatterload_rt2                        0x00000249   Thumb Code    44  __scatter.o(!!!scatter)
    __scatterload_rt2_thumb_only             0x00000249   Thumb Code     0  __scatter.o(!!!scatter)
    __scatterload_null                       0x00000257   Thumb Code     0  __scatter.o(!!!scatter)
    __scatterload_copy                       0x0000027d   Thumb Code    26  __scatter_copy.o(!!handler_copy)
    __scatterload_zeroinit                   0x00000299   Thumb Code    28  __scatter_zi.o(!!handler_zi)
    __rt_lib_init                            0x000002b5   Thumb Code     0  libinit.o(.ARM.Collect$$libinit$$00000000)
    __rt_lib_init_fp_1                       0x000002b7   Thumb Code     0  libinit2.o(.ARM.Collect$$libinit$$00000001)
    __rt_lib_init_alloca_1                   0x000002bb   Thumb Code     0  libinit2.o(.ARM.Collect$$libinit$$0000002E)
    __rt_lib_init_argv_1                     0x000002bb   Thumb Code     0  libinit2.o(.ARM.Collect$$libinit$$0000002C)
    __rt_lib_init_atexit_1                   0x000002bb   Thumb Code     0  libinit2.o(.ARM.Collect$$libinit$$0000001B)
    __rt_lib_init_clock_1                    0x000002bb   Thumb Code     0  libinit2.o(.ARM.Collect$$libinit$$00000021)
    __rt_lib_init_cpp_1                      0x000002bb   Thumb Code     0  libinit2.o(.ARM.Collect$$libinit$$00000032)
    __rt_lib_init_exceptions_1               0x000002bb   Thumb Code     0  libinit2.o(.ARM.Collect$$libinit$$00000030)
    __rt_lib_init_fp_trap_1                  0x000002bb   Thumb Code     0  libinit2.o(.ARM.Collect$$libinit$$0000001F)
    __rt_lib_init_getenv_1                   0x000002bb   Thumb Code     0  libinit2.o(.ARM.Collect$$libinit$$00000023)
    __rt_lib_init_heap_1                     0x000002bb   Thumb Code     0  libinit2.o(.ARM.Collect$$libinit$$0000000A)
    __rt_lib_init_lc_collate_1               0x000002bb   Thumb Code     0  libinit2.o(.ARM.Collect$$libinit$$00000011)
    __rt_lib_init_lc_ctype_1                 0x000002bb   Thumb Code     0  libinit2.o(.ARM.Collect$$libinit$$00000013)
    __rt_lib_init_lc_monetary_1              0x000002bb   Thumb Code     0  libinit2.o(.ARM.Collect$$libinit$$00000015)
    __rt_lib_init_lc_numeric_1               0x000002bb   Thumb Code     0  libinit2.o(.ARM.Collect$$libinit$$00000017)
    __rt_lib_init_lc_time_1                  0x000002bb   Thumb Code     0  libinit2.o(.ARM.Collect$$libinit$$00000019)
    __rt_lib_init_preinit_1                  0x000002bb   Thumb Code     0  libinit2.o(.ARM.Collect$$libinit$$00000004)
    __rt_lib_init_rand_1                     0x000002bb   Thumb Code     0  libinit2.o(.ARM.Collect$$libinit$$0000000E)
    __rt_lib_init_return                     0x000002bb   Thumb Code     0  libinit2.o(.ARM.Collect$$libinit$$00000033)
    __rt_lib_init_signal_1                   0x000002bb   Thumb Code     0  libinit2.o(.ARM.Collect$$libinit$$0000001D)
    __rt_lib_init_stdio_1                    0x000002bb   Thumb Code     0  libinit2.o(.ARM.Collect$$libinit$$00000025)
    __rt_lib_init_user_alloc_1               0x000002bb   Thumb Code     0  libinit2.o(.ARM.Collect$$libinit$$0000000C)
    __rt_lib_shutdown                        0x000002bd   Thumb Code     0  libshutdown.o(.ARM.Collect$$libshutdown$$00000000)
    __rt_lib_shutdown_cpp_1                  0x000002bf   Thumb Code     0  libshutdown2.o(.ARM.Collect$$libshutdown$$00000002)
    __rt_lib_shutdown_fp_trap_1              0x000002bf   Thumb Code     0  libshutdown2.o(.ARM.Collect$$libshutdown$$00000007)
    __rt_lib_shutdown_heap_1                 0x000002bf   Thumb Code     0  libshutdown2.o(.ARM.Collect$$libshutdown$$0000000F)
    __rt_lib_shutdown_return                 0x000002bf   Thumb Code     0  libshutdown2.o(.ARM.Collect$$libshutdown$$00000010)
    __rt_lib_shutdown_signal_1               0x000002bf   Thumb Code     0  libshutdown2.o(.ARM.Collect$$libshutdown$$0000000A)
    __rt_lib_shutdown_stdio_1                0x000002bf   Thumb Code     0  libshutdown2.o(.ARM.Collect$$libshutdown$$00000004)
    __rt_lib_shutdown_user_alloc_1           0x000002bf   Thumb Code     0  libshutdown2.o(.ARM.Collect$$libshutdown$$0000000C)
    __rt_entry                               0x000002c1   Thumb Code     0  __rtentry.o(.ARM.Collect$$rtentry$$00000000)
    __rt_entry_presh_1                       0x000002c1   Thumb Code     0  __rtentry2.o(.ARM.Collect$$rtentry$$00000002)
    __rt_entry_sh                            0x000002c1   Thumb Code     0  __rtentry4.o(.ARM.Collect$$rtentry$$00000004)
    __rt_entry_li                            0x000002c7   Thumb Code     0  __rtentry2.o(.ARM.Collect$$rtentry$$0000000A)
    __rt_entry_postsh_1                      0x000002c7   Thumb Code     0  __rtentry2.o(.ARM.Collect$$rtentry$$00000009)
    __rt_entry_main                          0x000002cb   Thumb Code     0  __rtentry2.o(.ARM.Collect$$rtentry$$0000000D)
    __rt_entry_postli_1                      0x000002cb   Thumb Code     0  __rtentry2.o(.ARM.Collect$$rtentry$$0000000C)
    __rt_exit                                0x000002d3   Thumb Code     0  rtexit.o(.ARM.Collect$$rtexit$$00000000)
    __rt_exit_ls                             0x000002d5   Thumb Code     0  rtexit2.o(.ARM.Collect$$rtexit$$00000003)
    __rt_exit_prels_1                        0x000002d5   Thumb Code     0  rtexit2.o(.ARM.Collect$$rtexit$$00000002)
    __rt_exit_exit                           0x000002d9   Thumb Code     0  rtexit2.o(.ARM.Collect$$rtexit$$00000004)
    delay_cycles                             0x000002e1   Thumb Code    10  delay.o(.emb_text)
    I2S_HANDLER                              0x000002ed   Thumb Code   230  impinviir_intr.o(.text)
    main                                     0x000003d3   Thumb Code    48  impinviir_intr.o(.text)
    init_LED                                 0x00000429   Thumb Code    32  audio.o(.text)
    prbs                                     0x00000449   Thumb Code    60  audio.o(.text)
    Codec_WriteRegister                      0x00000485   Thumb Code    30  audio.o(.text)
    audio_init                               0x000004a3   Thumb Code   230  audio.o(.text)
    delay_ms                                 0x000005a1   Thumb Code    36  delay.o(.text)
    delay_us                                 0x000005c5   Thumb Code    34  delay.o(.text)
    gpio_set_mode                            0x000005f5   Thumb Code   234  gpio.o(.text)
    gpio_toggle                              0x000006df   Thumb Code    34  gpio.o(.text)
    gpio_set                                 0x00000701   Thumb Code    24  gpio.o(.text)
    gpio_get                                 0x00000719   Thumb Code    20  gpio.o(.text)
    gpio_set_range                           0x0000072d   Thumb Code     2  gpio.o(.text)
    gpio_set_trigger                         0x0000072f   Thumb Code     2  gpio.o(.text)
    gpio_set_callback                        0x00000731   Thumb Code     2  gpio.o(.text)
    port_isr                                 0x00000733   Thumb Code     2  gpio.o(.text)
    port_isr0                                0x00000735   Thumb Code     2  gpio.o(.text)
    port_isr1                                0x00000737   Thumb Code     2  gpio.o(.text)
    port_isr2                                0x00000739   Thumb Code     2  gpio.o(.text)
    port_isr3                                0x0000073b   Thumb Code     2  gpio.o(.text)
    port_isr4                                0x0000073d   Thumb Code     2  gpio.o(.text)
    i2c_init                                 0x00000761   Thumb Code    74  i2c.o(.text)
    i2c_enable                               0x000007ab   Thumb Code    10  i2c.o(.text)
    i2c_disable                              0x000007b5   Thumb Code    10  i2c.o(.text)
    i2c_start                                0x000007bf   Thumb Code    22  i2c.o(.text)
    i2c_stop                                 0x000007d5   Thumb Code    14  i2c.o(.text)
    i2c_tx                                   0x000007e3   Thumb Code     8  i2c.o(.text)
    i2c_rx                                   0x000007eb   Thumb Code    10  i2c.o(.text)
    i2c_ack                                  0x000007f5   Thumb Code    10  i2c.o(.text)
    i2c_write                                0x000007ff   Thumb Code   110  i2c.o(.text)
    i2c_read                                 0x0000086d   Thumb Code     2  i2c.o(.text)
    i2s_init                                 0x00000885   Thumb Code   442  i2s.o(.text)
    i2s_rx_enable                            0x00000a3f   Thumb Code    20  i2s.o(.text)
    i2s_tx_enable                            0x00000a53   Thumb Code    20  i2s.o(.text)
    i2s_rx_threshold                         0x00000a67   Thumb Code    14  i2s.o(.text)
    i2s_tx_threshold                         0x00000a75   Thumb Code    14  i2s.o(.text)
    i2s_rx_dma_enable                        0x00000a83   Thumb Code    14  i2s.o(.text)
    i2s_tx_dma_enable                        0x00000a91   Thumb Code    16  i2s.o(.text)
    i2s_start                                0x00000aa1   Thumb Code    12  i2s.o(.text)
    i2s_stop                                 0x00000aad   Thumb Code    12  i2s.o(.text)
    i2s_rx                                   0x00000ab9   Thumb Code     6  i2s.o(.text)
    i2s_tx                                   0x00000abf   Thumb Code     6  i2s.o(.text)
    i2s_set_callback                         0x00000ac5   Thumb Code    34  i2s.o(.text)
    PRGCRC_I2S_IRQHandler                    0x00000ae7   Thumb Code    24  i2s.o(.text)
    dstc_src_memory                          0x00000b41   Thumb Code    16  dstc.o(.text)
    dstc_dest_memory                         0x00000b51   Thumb Code    16  dstc.o(.text)
    dstc_transfersize                        0x00000b61   Thumb Code    30  dstc.o(.text)
    DSTCPchkCalc                             0x00000b7f   Thumb Code    36  dstc.o(.text)
    dstc_init                                0x00000ba3   Thumb Code   294  dstc.o(.text)
    dstc_state                               0x00000cc9   Thumb Code    30  dstc.o(.text)
    dstc_reset                               0x00000ce7   Thumb Code    56  dstc.o(.text)
    dstc_set_callback                        0x00000d1f   Thumb Code    34  dstc.o(.text)
    DSTC_COMP_IRQHandler                     0x00000d41   Thumb Code    12  dstc.o(.text)
    Reset_Handler                            0x00000d8d   Thumb Code    20  startup_s6e2cc.o(.text)
    NMI_Handler                              0x00000da1   Thumb Code     2  startup_s6e2cc.o(.text)
    HardFault_Handler                        0x00000da3   Thumb Code     2  startup_s6e2cc.o(.text)
    MemManage_Handler                        0x00000da5   Thumb Code     2  startup_s6e2cc.o(.text)
    BusFault_Handler                         0x00000da7   Thumb Code     2  startup_s6e2cc.o(.text)
    UsageFault_Handler                       0x00000da9   Thumb Code     2  startup_s6e2cc.o(.text)
    SVC_Handler                              0x00000dab   Thumb Code     2  startup_s6e2cc.o(.text)
    DebugMon_Handler                         0x00000dad   Thumb Code     2  startup_s6e2cc.o(.text)
    PendSV_Handler                           0x00000daf   Thumb Code     2  startup_s6e2cc.o(.text)
    SysTick_Handler                          0x00000db1   Thumb Code     2  startup_s6e2cc.o(.text)
    ADC0_IRQHandler                          0x00000db3   Thumb Code     0  startup_s6e2cc.o(.text)
    ADC1_IRQHandler                          0x00000db3   Thumb Code     0  startup_s6e2cc.o(.text)
    ADC2_IRQHandler                          0x00000db3   Thumb Code     0  startup_s6e2cc.o(.text)
    BT0_IRQHandler                           0x00000db3   Thumb Code     0  startup_s6e2cc.o(.text)
    BT10_IRQHandler                          0x00000db3   Thumb Code     0  startup_s6e2cc.o(.text)
    BT11_IRQHandler                          0x00000db3   Thumb Code     0  startup_s6e2cc.o(.text)
    BT12_15_IRQHandler                       0x00000db3   Thumb Code     0  startup_s6e2cc.o(.text)
    BT1_IRQHandler                           0x00000db3   Thumb Code     0  startup_s6e2cc.o(.text)
    BT2_IRQHandler                           0x00000db3   Thumb Code     0  startup_s6e2cc.o(.text)
    BT3_IRQHandler                           0x00000db3   Thumb Code     0  startup_s6e2cc.o(.text)
    BT4_IRQHandler                           0x00000db3   Thumb Code     0  startup_s6e2cc.o(.text)
    BT5_IRQHandler                           0x00000db3   Thumb Code     0  startup_s6e2cc.o(.text)
    BT6_IRQHandler                           0x00000db3   Thumb Code     0  startup_s6e2cc.o(.text)
    BT7_IRQHandler                           0x00000db3   Thumb Code     0  startup_s6e2cc.o(.text)
    BT8_IRQHandler                           0x00000db3   Thumb Code     0  startup_s6e2cc.o(.text)
    BT9_IRQHandler                           0x00000db3   Thumb Code     0  startup_s6e2cc.o(.text)
    CAN0_IRQHandler                          0x00000db3   Thumb Code     0  startup_s6e2cc.o(.text)
    CAN1_CANFD_IRQHandler                    0x00000db3   Thumb Code     0  startup_s6e2cc.o(.text)
    CSV_IRQHandler                           0x00000db3   Thumb Code     0  startup_s6e2cc.o(.text)
    DMAC0_IRQHandler                         0x00000db3   Thumb Code     0  startup_s6e2cc.o(.text)
    DMAC1_IRQHandler                         0x00000db3   Thumb Code     0  startup_s6e2cc.o(.text)
    DMAC2_IRQHandler                         0x00000db3   Thumb Code     0  startup_s6e2cc.o(.text)
    DMAC3_IRQHandler                         0x00000db3   Thumb Code     0  startup_s6e2cc.o(.text)
    DMAC4_IRQHandler                         0x00000db3   Thumb Code     0  startup_s6e2cc.o(.text)
    DMAC5_IRQHandler                         0x00000db3   Thumb Code     0  startup_s6e2cc.o(.text)
    DMAC6_IRQHandler                         0x00000db3   Thumb Code     0  startup_s6e2cc.o(.text)
    DMAC7_IRQHandler                         0x00000db3   Thumb Code     0  startup_s6e2cc.o(.text)
    DSTC_IRQHandler                          0x00000db3   Thumb Code     0  startup_s6e2cc.o(.text)
    DT1_2_IRAHandler                         0x00000db3   Thumb Code     0  startup_s6e2cc.o(.text)
    Dummy                                    0x00000db3   Thumb Code     0  startup_s6e2cc.o(.text)
    ETHER0_IRQHandler                        0x00000db3   Thumb Code     0  startup_s6e2cc.o(.text)
    EXINT0_IRQHandler                        0x00000db3   Thumb Code     0  startup_s6e2cc.o(.text)
    EXINT16_17_18_19_IRQHandler              0x00000db3   Thumb Code     0  startup_s6e2cc.o(.text)
    EXINT1_IRQHandler                        0x00000db3   Thumb Code     0  startup_s6e2cc.o(.text)
    EXINT20_21_22_23_IRQHandler              0x00000db3   Thumb Code     0  startup_s6e2cc.o(.text)
    EXINT24_25_26_27_IRQHandler              0x00000db3   Thumb Code     0  startup_s6e2cc.o(.text)
    EXINT28_29_30_31_IRQHandler              0x00000db3   Thumb Code     0  startup_s6e2cc.o(.text)
    EXINT2_IRQHandler                        0x00000db3   Thumb Code     0  startup_s6e2cc.o(.text)
    EXINT3_IRQHandler                        0x00000db3   Thumb Code     0  startup_s6e2cc.o(.text)
    EXINT4_IRQHandler                        0x00000db3   Thumb Code     0  startup_s6e2cc.o(.text)
    EXINT5_IRQHandler                        0x00000db3   Thumb Code     0  startup_s6e2cc.o(.text)
    EXINT6_IRQHandler                        0x00000db3   Thumb Code     0  startup_s6e2cc.o(.text)
    EXINT7_IRQHandler                        0x00000db3   Thumb Code     0  startup_s6e2cc.o(.text)
    EXTBUS_ERR_Handler                       0x00000db3   Thumb Code     0  startup_s6e2cc.o(.text)
    EXTINT10_IRQHandler                      0x00000db3   Thumb Code     0  startup_s6e2cc.o(.text)
    EXTINT11_IRQHandler                      0x00000db3   Thumb Code     0  startup_s6e2cc.o(.text)
    EXTINT12_IRQHandler                      0x00000db3   Thumb Code     0  startup_s6e2cc.o(.text)
    EXTINT13_IRQHandler                      0x00000db3   Thumb Code     0  startup_s6e2cc.o(.text)
    EXTINT14_IRQHandler                      0x00000db3   Thumb Code     0  startup_s6e2cc.o(.text)
    EXTINT15_IRQHandler                      0x00000db3   Thumb Code     0  startup_s6e2cc.o(.text)
    EXTINT8_IRQHandler                       0x00000db3   Thumb Code     0  startup_s6e2cc.o(.text)
    EXTINT9_IRQHandler                       0x00000db3   Thumb Code     0  startup_s6e2cc.o(.text)
    FLASHIF_IRQHandler                       0x00000db3   Thumb Code     0  startup_s6e2cc.o(.text)
    FRT0_PEAK_IRQHandler                     0x00000db3   Thumb Code     0  startup_s6e2cc.o(.text)
    FRT0_ZERO_IRQHandler                     0x00000db3   Thumb Code     0  startup_s6e2cc.o(.text)
    FRT1_PEAK_IRQHandler                     0x00000db3   Thumb Code     0  startup_s6e2cc.o(.text)
    FRT1_ZERO_IRQHandler                     0x00000db3   Thumb Code     0  startup_s6e2cc.o(.text)
    FRT2_PEAK_IRQHandler                     0x00000db3   Thumb Code     0  startup_s6e2cc.o(.text)
    FRT2_ZERO_IRQHandler                     0x00000db3   Thumb Code     0  startup_s6e2cc.o(.text)
    HSSPI_IRQHandler                         0x00000db3   Thumb Code     0  startup_s6e2cc.o(.text)
    ICU0_IRQHandler                          0x00000db3   Thumb Code     0  startup_s6e2cc.o(.text)
    ICU1_IRQHandler                          0x00000db3   Thumb Code     0  startup_s6e2cc.o(.text)
    ICU2_IRQHandler                          0x00000db3   Thumb Code     0  startup_s6e2cc.o(.text)
    IRQ003SEL_IRQHandler                     0x00000db3   Thumb Code     0  startup_s6e2cc.o(.text)
    IRQ004SEL_IRQHandler                     0x00000db3   Thumb Code     0  startup_s6e2cc.o(.text)
    IRQ005SEL_IRQHandler                     0x00000db3   Thumb Code     0  startup_s6e2cc.o(.text)
    IRQ006SEL_IRQHandler                     0x00000db3   Thumb Code     0  startup_s6e2cc.o(.text)
    IRQ007SEL_IRQHandler                     0x00000db3   Thumb Code     0  startup_s6e2cc.o(.text)
    IRQ008SEL_IRQHandler                     0x00000db3   Thumb Code     0  startup_s6e2cc.o(.text)
    IRQ009SEL_IRQHandler                     0x00000db3   Thumb Code     0  startup_s6e2cc.o(.text)
    IRQ010SEL_IRQHandler                     0x00000db3   Thumb Code     0  startup_s6e2cc.o(.text)
    LVD_IRQHandler                           0x00000db3   Thumb Code     0  startup_s6e2cc.o(.text)
    MFS0_RX_IRQHandler                       0x00000db3   Thumb Code     0  startup_s6e2cc.o(.text)
    MFS0_TX_IRQHandler                       0x00000db3   Thumb Code     0  startup_s6e2cc.o(.text)
    MFS10_RX_IRQHandler                      0x00000db3   Thumb Code     0  startup_s6e2cc.o(.text)
    MFS10_TX_IRQHandler                      0x00000db3   Thumb Code     0  startup_s6e2cc.o(.text)
    MFS11_RX_IRQHandler                      0x00000db3   Thumb Code     0  startup_s6e2cc.o(.text)
    MFS11_TX_IRQHandler                      0x00000db3   Thumb Code     0  startup_s6e2cc.o(.text)
    MFS12_RX_IRQHandler                      0x00000db3   Thumb Code     0  startup_s6e2cc.o(.text)
    MFS12_TX_IRQHandler                      0x00000db3   Thumb Code     0  startup_s6e2cc.o(.text)
    MFS13_RX_IRQHandler                      0x00000db3   Thumb Code     0  startup_s6e2cc.o(.text)
    MFS13_TX_IRQHandler                      0x00000db3   Thumb Code     0  startup_s6e2cc.o(.text)
    MFS14_RX_IRQHandler                      0x00000db3   Thumb Code     0  startup_s6e2cc.o(.text)
    MFS14_TX_IRQHandler                      0x00000db3   Thumb Code     0  startup_s6e2cc.o(.text)
    MFS15_RX_IRQHandler                      0x00000db3   Thumb Code     0  startup_s6e2cc.o(.text)
    MFS15_TX_IRQHandler                      0x00000db3   Thumb Code     0  startup_s6e2cc.o(.text)
    MFS1_RX_IRQHandler                       0x00000db3   Thumb Code     0  startup_s6e2cc.o(.text)
    MFS1_TX_IRQHandler                       0x00000db3   Thumb Code     0  startup_s6e2cc.o(.text)
    MFS2_RX_IRQHandler                       0x00000db3   Thumb Code     0  startup_s6e2cc.o(.text)
    MFS2_TX_IRQHandler                       0x00000db3   Thumb Code     0  startup_s6e2cc.o(.text)
    MFS3_RX_IRQHandler                       0x00000db3   Thumb Code     0  startup_s6e2cc.o(.text)
    MFS3_TX_IRQHandler                       0x00000db3   Thumb Code     0  startup_s6e2cc.o(.text)
    MFS4_RX_IRQHandler                       0x00000db3   Thumb Code     0  startup_s6e2cc.o(.text)
    MFS4_TX_IRQHandler                       0x00000db3   Thumb Code     0  startup_s6e2cc.o(.text)
    MFS5_RX_IRQHandler                       0x00000db3   Thumb Code     0  startup_s6e2cc.o(.text)
    MFS5_TX_IRQHandler                       0x00000db3   Thumb Code     0  startup_s6e2cc.o(.text)
    MFS6_RX_IRQHandler                       0x00000db3   Thumb Code     0  startup_s6e2cc.o(.text)
    MFS6_TX_IRQHandler                       0x00000db3   Thumb Code     0  startup_s6e2cc.o(.text)
    MFS7_RX_IRQHandler                       0x00000db3   Thumb Code     0  startup_s6e2cc.o(.text)
    MFS7_TX_IRQHandler                       0x00000db3   Thumb Code     0  startup_s6e2cc.o(.text)
    MFS8_RX_IRQHandler                       0x00000db3   Thumb Code     0  startup_s6e2cc.o(.text)
    MFS8_TX_IRQHandler                       0x00000db3   Thumb Code     0  startup_s6e2cc.o(.text)
    MFS9_RX_IRQHandler                       0x00000db3   Thumb Code     0  startup_s6e2cc.o(.text)
    MFS9_TX_IRQHandler                       0x00000db3   Thumb Code     0  startup_s6e2cc.o(.text)
    OCU0_IRQHandler                          0x00000db3   Thumb Code     0  startup_s6e2cc.o(.text)
    OCU1_IRQHandler                          0x00000db3   Thumb Code     0  startup_s6e2cc.o(.text)
    OCU2_IRQHandler                          0x00000db3   Thumb Code     0  startup_s6e2cc.o(.text)
    PPG00_02_04_IRQHandler                   0x00000db3   Thumb Code     0  startup_s6e2cc.o(.text)
    PPG08_10_12_IRQHandler                   0x00000db3   Thumb Code     0  startup_s6e2cc.o(.text)
    PPG16_18_20_IRQHandler                   0x00000db3   Thumb Code     0  startup_s6e2cc.o(.text)
    QPRC0_IRQHandler                         0x00000db3   Thumb Code     0  startup_s6e2cc.o(.text)
    QPRC1_IRQHandler                         0x00000db3   Thumb Code     0  startup_s6e2cc.o(.text)
    QPRC2_IRQHandler                         0x00000db3   Thumb Code     0  startup_s6e2cc.o(.text)
    QPRC3_IRQHandler                         0x00000db3   Thumb Code     0  startup_s6e2cc.o(.text)
    RTC_IRQHandler                           0x00000db3   Thumb Code     0  startup_s6e2cc.o(.text)
    SD_IRQHandler                            0x00000db3   Thumb Code     0  startup_s6e2cc.o(.text)
    SWDT_IRQHandler                          0x00000db3   Thumb Code     0  startup_s6e2cc.o(.text)
    TIM_IRQHandler                           0x00000db3   Thumb Code     0  startup_s6e2cc.o(.text)
    USB0_HOST_IRQHandler                     0x00000db3   Thumb Code     0  startup_s6e2cc.o(.text)
    USB0_IRQHandler                          0x00000db3   Thumb Code     0  startup_s6e2cc.o(.text)
    USB1_HDMICEC0_IRQHandler                 0x00000db3   Thumb Code     0  startup_s6e2cc.o(.text)
    USB1_HOST_HDMICEC1_IRQHandler            0x00000db3   Thumb Code     0  startup_s6e2cc.o(.text)
    WC_IRQHandler                            0x00000db3   Thumb Code     0  startup_s6e2cc.o(.text)
    WFG0_DTIF0_IRQHandler                    0x00000db3   Thumb Code     0  startup_s6e2cc.o(.text)
    WFG1_DTIF1_IRQHandler                    0x00000db3   Thumb Code     0  startup_s6e2cc.o(.text)
    WFG2_DTIF2_IRQHandler                    0x00000db3   Thumb Code     0  startup_s6e2cc.o(.text)
    __user_initial_stackheap                 0x00000db5   Thumb Code     0  startup_s6e2cc.o(.text)
    SystemCoreClockUpdate                    0x00000dd9   Thumb Code   120  system_s6e2cc.o(.text)
    SystemInit                               0x00000e51   Thumb Code   150  system_s6e2cc.o(.text)
    __use_two_region_memory                  0x00000f0d   Thumb Code     2  heapauxi.o(.text)
    __rt_heap_escrow$2region                 0x00000f0f   Thumb Code     2  heapauxi.o(.text)
    __rt_heap_expand$2region                 0x00000f11   Thumb Code     2  heapauxi.o(.text)
    __user_setup_stackheap                   0x00000f13   Thumb Code    74  sys_stackheap_outer.o(.text)
    exit                                     0x00000f5d   Thumb Code    18  exit.o(.text)
    __user_libspace                          0x00000f71   Thumb Code     8  libspace.o(.text)
    __user_perproc_libspace                  0x00000f71   Thumb Code     0  libspace.o(.text)
    __user_perthread_libspace                0x00000f71   Thumb Code     0  libspace.o(.text)
    _sys_exit                                0x00000f79   Thumb Code     8  sys_exit.o(.text)
    __I$use$semihosting                      0x00000f85   Thumb Code     0  use_no_semi.o(.text)
    __use_no_semihosting_swi                 0x00000f85   Thumb Code     2  use_no_semi.o(.text)
    __semihosting_library_function           0x00000f87   Thumb Code     0  indicate_semi.o(.text)
    __aeabi_d2f                              0x00000f89   Thumb Code     0  d2f.o(x$fpl$d2f)
    _d2f                                     0x00000f89   Thumb Code    98  d2f.o(x$fpl$d2f)
    __aeabi_dadd                             0x00000fed   Thumb Code     0  daddsub_clz.o(x$fpl$dadd)
    _dadd                                    0x00000fed   Thumb Code   332  daddsub_clz.o(x$fpl$dadd)
    __aeabi_dmul                             0x0000113d   Thumb Code     0  dmul.o(x$fpl$dmul)
    _dmul                                    0x0000113d   Thumb Code   332  dmul.o(x$fpl$dmul)
    __fpl_dnaninf                            0x00001291   Thumb Code   156  dnaninf.o(x$fpl$dnaninf)
    __fpl_dretinf                            0x0000132d   Thumb Code    12  dretinf.o(x$fpl$dretinf)
    __aeabi_dsub                             0x00001339   Thumb Code     0  daddsub_clz.o(x$fpl$dsub)
    _dsub                                    0x00001339   Thumb Code   464  daddsub_clz.o(x$fpl$dsub)
    __aeabi_f2d                              0x0000150d   Thumb Code     0  f2d.o(x$fpl$f2d)
    _f2d                                     0x0000150d   Thumb Code    86  f2d.o(x$fpl$f2d)
    __fpl_fnaninf                            0x00001563   Thumb Code   140  fnaninf.o(x$fpl$fnaninf)
    _fp_init                                 0x000015ef   Thumb Code    10  fpinit.o(x$fpl$fpinit)
    __fplib_config_fpu_vfp                   0x000015f7   Thumb Code     0  fpinit.o(x$fpl$fpinit)
    __fplib_config_pureend_doubles           0x000015f7   Thumb Code     0  fpinit.o(x$fpl$fpinit)
    __fpl_fretinf                            0x000015f9   Thumb Code    10  fretinf.o(x$fpl$fretinf)
    __I$use$fp                               0x00001602   Number         0  usenofp.o(x$fpl$usenofp)
    Region$$Table$$Base                      0x00001604   Number         0  anon$$obj.o(Region$$Table)
    Region$$Table$$Limit                     0x00001624   Number         0  anon$$obj.o(Region$$Table)
    audio_chR                                0x1ffd0000   Data           2  impinviir_intr.o(.data)
    audio_chL                                0x1ffd0002   Data           2  impinviir_intr.o(.data)
    x1                                       0x1ffd000c   Data           4  impinviir_intr.o(.data)
    x2                                       0x1ffd0010   Data           4  impinviir_intr.o(.data)
    y1                                       0x1ffd0014   Data           4  impinviir_intr.o(.data)
    y2                                       0x1ffd0018   Data           4  impinviir_intr.o(.data)
    sreg                                     0x1ffd001c   Data           2  audio.o(.data)
    fb                                       0x1ffd0020   Data           4  audio.o(.data)
    SystemCoreClock                          0x1ffd0030   Data           4  system_s6e2cc.o(.data)
    stcDES                                   0x1ffd0434   Data          56  dstc.o(.bss)
    __libspace_start                         0x1ffd046c   Data          96  libspace.o(.bss)
    __temporary_stack_top$libspace           0x1ffd04cc   Data           0  libspace.o(.bss)



==============================================================================

Memory Map of the image

  Image Entry point : 0x00000241

  Load Region LR_IROM1 (Base: 0x00000000, Size: 0x00001658, Max: 0x00300000, ABSOLUTE)

    Execution Region ER_IROM1 (Exec base: 0x00000000, Load base: 0x00000000, Size: 0x00001624, Max: 0x00300000, ABSOLUTE)

    Exec Addr    Load Addr    Size         Type   Attr      Idx    E Section Name        Object

    0x00000000   0x00000000   0x00000240   Data   RO          282    RESET               startup_s6e2cc.o
    0x00000240   0x00000240   0x00000008   Code   RO          328  * !!!main             c_w.l(__main.o)
    0x00000248   0x00000248   0x00000034   Code   RO          506    !!!scatter          c_w.l(__scatter.o)
    0x0000027c   0x0000027c   0x0000001a   Code   RO          508    !!handler_copy      c_w.l(__scatter_copy.o)
    0x00000296   0x00000296   0x00000002   PAD
    0x00000298   0x00000298   0x0000001c   Code   RO          510    !!handler_zi        c_w.l(__scatter_zi.o)
    0x000002b4   0x000002b4   0x00000002   Code   RO          376    .ARM.Collect$$libinit$$00000000  c_w.l(libinit.o)
    0x000002b6   0x000002b6   0x00000004   Code   RO          382    .ARM.Collect$$libinit$$00000001  c_w.l(libinit2.o)
    0x000002ba   0x000002ba   0x00000000   Code   RO          385    .ARM.Collect$$libinit$$00000004  c_w.l(libinit2.o)
    0x000002ba   0x000002ba   0x00000000   Code   RO          388    .ARM.Collect$$libinit$$0000000A  c_w.l(libinit2.o)
    0x000002ba   0x000002ba   0x00000000   Code   RO          390    .ARM.Collect$$libinit$$0000000C  c_w.l(libinit2.o)
    0x000002ba   0x000002ba   0x00000000   Code   RO          392    .ARM.Collect$$libinit$$0000000E  c_w.l(libinit2.o)
    0x000002ba   0x000002ba   0x00000000   Code   RO          395    .ARM.Collect$$libinit$$00000011  c_w.l(libinit2.o)
    0x000002ba   0x000002ba   0x00000000   Code   RO          397    .ARM.Collect$$libinit$$00000013  c_w.l(libinit2.o)
    0x000002ba   0x000002ba   0x00000000   Code   RO          399    .ARM.Collect$$libinit$$00000015  c_w.l(libinit2.o)
    0x000002ba   0x000002ba   0x00000000   Code   RO          401    .ARM.Collect$$libinit$$00000017  c_w.l(libinit2.o)
    0x000002ba   0x000002ba   0x00000000   Code   RO          403    .ARM.Collect$$libinit$$00000019  c_w.l(libinit2.o)
    0x000002ba   0x000002ba   0x00000000   Code   RO          405    .ARM.Collect$$libinit$$0000001B  c_w.l(libinit2.o)
    0x000002ba   0x000002ba   0x00000000   Code   RO          407    .ARM.Collect$$libinit$$0000001D  c_w.l(libinit2.o)
    0x000002ba   0x000002ba   0x00000000   Code   RO          409    .ARM.Collect$$libinit$$0000001F  c_w.l(libinit2.o)
    0x000002ba   0x000002ba   0x00000000   Code   RO          411    .ARM.Collect$$libinit$$00000021  c_w.l(libinit2.o)
    0x000002ba   0x000002ba   0x00000000   Code   RO          413    .ARM.Collect$$libinit$$00000023  c_w.l(libinit2.o)
    0x000002ba   0x000002ba   0x00000000   Code   RO          415    .ARM.Collect$$libinit$$00000025  c_w.l(libinit2.o)
    0x000002ba   0x000002ba   0x00000000   Code   RO          419    .ARM.Collect$$libinit$$0000002C  c_w.l(libinit2.o)
    0x000002ba   0x000002ba   0x00000000   Code   RO          421    .ARM.Collect$$libinit$$0000002E  c_w.l(libinit2.o)
    0x000002ba   0x000002ba   0x00000000   Code   RO          423    .ARM.Collect$$libinit$$00000030  c_w.l(libinit2.o)
    0x000002ba   0x000002ba   0x00000000   Code   RO          425    .ARM.Collect$$libinit$$00000032  c_w.l(libinit2.o)
    0x000002ba   0x000002ba   0x00000002   Code   RO          426    .ARM.Collect$$libinit$$00000033  c_w.l(libinit2.o)
    0x000002bc   0x000002bc   0x00000002   Code   RO          446    .ARM.Collect$$libshutdown$$00000000  c_w.l(libshutdown.o)
    0x000002be   0x000002be   0x00000000   Code   RO          459    .ARM.Collect$$libshutdown$$00000002  c_w.l(libshutdown2.o)
    0x000002be   0x000002be   0x00000000   Code   RO          461    .ARM.Collect$$libshutdown$$00000004  c_w.l(libshutdown2.o)
    0x000002be   0x000002be   0x00000000   Code   RO          464    .ARM.Collect$$libshutdown$$00000007  c_w.l(libshutdown2.o)
    0x000002be   0x000002be   0x00000000   Code   RO          467    .ARM.Collect$$libshutdown$$0000000A  c_w.l(libshutdown2.o)
    0x000002be   0x000002be   0x00000000   Code   RO          469    .ARM.Collect$$libshutdown$$0000000C  c_w.l(libshutdown2.o)
    0x000002be   0x000002be   0x00000000   Code   RO          472    .ARM.Collect$$libshutdown$$0000000F  c_w.l(libshutdown2.o)
    0x000002be   0x000002be   0x00000002   Code   RO          473    .ARM.Collect$$libshutdown$$00000010  c_w.l(libshutdown2.o)
    0x000002c0   0x000002c0   0x00000000   Code   RO          342    .ARM.Collect$$rtentry$$00000000  c_w.l(__rtentry.o)
    0x000002c0   0x000002c0   0x00000000   Code   RO          353    .ARM.Collect$$rtentry$$00000002  c_w.l(__rtentry2.o)
    0x000002c0   0x000002c0   0x00000006   Code   RO          365    .ARM.Collect$$rtentry$$00000004  c_w.l(__rtentry4.o)
    0x000002c6   0x000002c6   0x00000000   Code   RO          355    .ARM.Collect$$rtentry$$00000009  c_w.l(__rtentry2.o)
    0x000002c6   0x000002c6   0x00000004   Code   RO          356    .ARM.Collect$$rtentry$$0000000A  c_w.l(__rtentry2.o)
    0x000002ca   0x000002ca   0x00000000   Code   RO          358    .ARM.Collect$$rtentry$$0000000C  c_w.l(__rtentry2.o)
    0x000002ca   0x000002ca   0x00000008   Code   RO          359    .ARM.Collect$$rtentry$$0000000D  c_w.l(__rtentry2.o)
    0x000002d2   0x000002d2   0x00000002   Code   RO          380    .ARM.Collect$$rtexit$$00000000  c_w.l(rtexit.o)
    0x000002d4   0x000002d4   0x00000000   Code   RO          428    .ARM.Collect$$rtexit$$00000002  c_w.l(rtexit2.o)
    0x000002d4   0x000002d4   0x00000004   Code   RO          429    .ARM.Collect$$rtexit$$00000003  c_w.l(rtexit2.o)
    0x000002d8   0x000002d8   0x00000006   Code   RO          430    .ARM.Collect$$rtexit$$00000004  c_w.l(rtexit2.o)
    0x000002de   0x000002de   0x00000002   PAD
    0x000002e0   0x000002e0   0x0000000a   Code   RO          141    .emb_text           delay.o
    0x000002ea   0x000002ea   0x00000002   PAD
    0x000002ec   0x000002ec   0x0000013c   Code   RO            4    .text               impinviir_intr.o
    0x00000428   0x00000428   0x00000178   Code   RO          100    .text               audio.o
    0x000005a0   0x000005a0   0x00000054   Code   RO          142    .text               delay.o
    0x000005f4   0x000005f4   0x0000016c   Code   RO          163    .text               gpio.o
    0x00000760   0x00000760   0x00000124   Code   RO          194    .text               i2c.o
    0x00000884   0x00000884   0x000002bc   Code   RO          219    .text               i2s.o
    0x00000b40   0x00000b40   0x0000024c   Code   RO          249    .text               dstc.o
    0x00000d8c   0x00000d8c   0x0000004c   Code   RO          283    .text               startup_s6e2cc.o
    0x00000dd8   0x00000dd8   0x00000134   Code   RO          290    .text               system_s6e2cc.o
    0x00000f0c   0x00000f0c   0x00000006   Code   RO          326    .text               c_w.l(heapauxi.o)
    0x00000f12   0x00000f12   0x0000004a   Code   RO          367    .text               c_w.l(sys_stackheap_outer.o)
    0x00000f5c   0x00000f5c   0x00000012   Code   RO          369    .text               c_w.l(exit.o)
    0x00000f6e   0x00000f6e   0x00000002   PAD
    0x00000f70   0x00000f70   0x00000008   Code   RO          377    .text               c_w.l(libspace.o)
    0x00000f78   0x00000f78   0x0000000c   Code   RO          438    .text               c_w.l(sys_exit.o)
    0x00000f84   0x00000f84   0x00000002   Code   RO          449    .text               c_w.l(use_no_semi.o)
    0x00000f86   0x00000f86   0x00000000   Code   RO          451    .text               c_w.l(indicate_semi.o)
    0x00000f86   0x00000f86   0x00000002   PAD
    0x00000f88   0x00000f88   0x00000062   Code   RO          330    x$fpl$d2f           fz_wm.l(d2f.o)
    0x00000fea   0x00000fea   0x00000002   PAD
    0x00000fec   0x00000fec   0x00000150   Code   RO          332    x$fpl$dadd          fz_wm.l(daddsub_clz.o)
    0x0000113c   0x0000113c   0x00000154   Code   RO          338    x$fpl$dmul          fz_wm.l(dmul.o)
    0x00001290   0x00001290   0x0000009c   Code   RO          343    x$fpl$dnaninf       fz_wm.l(dnaninf.o)
    0x0000132c   0x0000132c   0x0000000c   Code   RO          345    x$fpl$dretinf       fz_wm.l(dretinf.o)
    0x00001338   0x00001338   0x000001d4   Code   RO          334    x$fpl$dsub          fz_wm.l(daddsub_clz.o)
    0x0000150c   0x0000150c   0x00000056   Code   RO          340    x$fpl$f2d           fz_wm.l(f2d.o)
    0x00001562   0x00001562   0x0000008c   Code   RO          347    x$fpl$fnaninf       fz_wm.l(fnaninf.o)
    0x000015ee   0x000015ee   0x0000000a   Code   RO          436    x$fpl$fpinit        fz_wm.l(fpinit.o)
    0x000015f8   0x000015f8   0x0000000a   Code   RO          349    x$fpl$fretinf       fz_wm.l(fretinf.o)
    0x00001602   0x00001602   0x00000000   Code   RO          351    x$fpl$usenofp       fz_wm.l(usenofp.o)
    0x00001602   0x00001602   0x00000002   PAD
    0x00001604   0x00001604   0x00000020   Data   RO          504    Region$$Table       anon$$obj.o


    Execution Region RW_IRAM1 (Exec base: 0x1ffd0000, Load base: 0x00001624, Size: 0x000006d0, Max: 0x00030000, ABSOLUTE)

    Exec Addr    Load Addr    Size         Type   Attr      Idx    E Section Name        Object

    0x1ffd0000   0x00001624   0x0000001c   Data   RW            5    .data               impinviir_intr.o
    0x1ffd001c   0x00001640   0x00000008   Data   RW          101    .data               audio.o
    0x1ffd0024   0x00001648   0x00000004   Data   RW          220    .data               i2s.o
    0x1ffd0028   0x0000164c   0x00000004   Data   RW          251    .data               dstc.o
    0x1ffd002c   0x00001650   0x00000008   Data   RW          291    .data               system_s6e2cc.o
    0x1ffd0034        -       0x00000438   Zero   RW          250    .bss                dstc.o
    0x1ffd046c        -       0x00000060   Zero   RW          378    .bss                c_w.l(libspace.o)
    0x1ffd04cc   0x00001658   0x00000004   PAD
    0x1ffd04d0        -       0x00000000   Zero   RW          281    HEAP                startup_s6e2cc.o
    0x1ffd04d0        -       0x00000200   Zero   RW          280    STACK               startup_s6e2cc.o


==============================================================================

Image component sizes


      Code (inc. data)   RO Data    RW Data    ZI Data      Debug   Object Name

       376         24          0          8          0      33882   audio.o
        94         14          0          0          0       1296   delay.o
       588         38          0          4       1080       5038   dstc.o
       364         40          0          0          0       7101   gpio.o
       292         22          0          0          0       2596   i2c.o
       700         40          0          4          0      33696   i2s.o
       316         38          0         28          0    1746181   impinviir_intr.o
        76         26        576          0        512        896   startup_s6e2cc.o
       308         52          0          8          0       1317   system_s6e2cc.o

    ----------------------------------------------------------------------
      3116        294        608         52       1592    1832003   Object Totals
         0          0         32          0          0          0   (incl. Generated)
         2          0          0          0          0          0   (incl. Padding)

    ----------------------------------------------------------------------

      Code (inc. data)   RO Data    RW Data    ZI Data      Debug   Library Member Name

         8          0          0          0          0         68   __main.o
         0          0          0          0          0          0   __rtentry.o
        12          0          0          0          0          0   __rtentry2.o
         6          0          0          0          0          0   __rtentry4.o
        52          8          0          0          0          0   __scatter.o
        26          0          0          0          0          0   __scatter_copy.o
        28          0          0          0          0          0   __scatter_zi.o
        18          0          0          0          0         80   exit.o
         6          0          0          0          0        152   heapauxi.o
         0          0          0          0          0          0   indicate_semi.o
         2          0          0          0          0          0   libinit.o
         6          0          0          0          0          0   libinit2.o
         2          0          0          0          0          0   libshutdown.o
         2          0          0          0          0          0   libshutdown2.o
         8          4          0          0         96         68   libspace.o
         2          0          0          0          0          0   rtexit.o
        10          0          0          0          0          0   rtexit2.o
        12          4          0          0          0         68   sys_exit.o
        74          0          0          0          0         80   sys_stackheap_outer.o
         2          0          0          0          0         68   use_no_semi.o
        98          4          0          0          0        140   d2f.o
       804         16          0          0          0        368   daddsub_clz.o
       340         12          0          0          0        152   dmul.o
       156          4          0          0          0        140   dnaninf.o
        12          0          0          0          0        116   dretinf.o
        86          4          0          0          0        132   f2d.o
       140          4          0          0          0        132   fnaninf.o
        10          0          0          0          0        116   fpinit.o
        10          0          0          0          0        116   fretinf.o
         0          0          0          0          0          0   usenofp.o

    ----------------------------------------------------------------------
      1944         60          0          0        100       1996   Library Totals
        12          0          0          0          4          0   (incl. Padding)

    ----------------------------------------------------------------------

      Code (inc. data)   RO Data    RW Data    ZI Data      Debug   Library Name

       276         16          0          0         96        584   c_w.l
      1656         44          0          0          0       1412   fz_wm.l

    ----------------------------------------------------------------------
      1944         60          0          0        100       1996   Library Totals

    ----------------------------------------------------------------------

==============================================================================


      Code (inc. data)   RO Data    RW Data    ZI Data      Debug   

      5060        354        608         52       1692    1831143   Grand Totals
      5060        354        608         52       1692    1831143   ELF Image Totals
      5060        354        608         52          0          0   ROM Totals

==============================================================================

    Total RO  Size (Code + RO Data)                 5668 (   5.54kB)
    Total RW  Size (RW Data + ZI Data)              1744 (   1.70kB)
    Total ROM Size (Code + RO Data + RW Data)       5720 (   5.59kB)

==============================================================================

