Component: ARM Compiler 5.06 update 6 (build 750) Tool: armlink [4d35ed]

==============================================================================

Section Cross References

    dft.o(.text) refers to f2d.o(x$fpl$f2d) for __aeabi_f2d
    dft.o(.text) refers to cos.o(i.__hardfp_cos) for __hardfp_cos
    dft.o(.text) refers to dmul.o(x$fpl$dmul) for __aeabi_dmul
    dft.o(.text) refers to daddsub_clz.o(x$fpl$dadd) for __aeabi_dadd
    dft.o(.text) refers to d2f.o(x$fpl$d2f) for __aeabi_d2f
    dft.o(.text) refers to sin.o(i.__hardfp_sin) for __hardfp_sin
    dft.o(.text) refers to daddsub_clz.o(x$fpl$dsub) for __aeabi_dsub
    dft.o(.text) refers to gpio.o(.text) for gpio_set_mode
    dft.o(.text) refers to dft.o(.bss) for .bss
    audio.o(.text) refers to gpio.o(.text) for gpio_set_mode
    audio.o(.text) refers to delay.o(.text) for delay_ms
    audio.o(.text) refers to i2c.o(.text) for i2c_write
    audio.o(.text) refers to i2s.o(.text) for i2s_init
    audio.o(.text) refers to dstc.o(.text) for dstc_init
    audio.o(.text) refers to audio.o(.data) for .data
    delay.o(.text) refers to delay.o(.emb_text) for delay_cycles
    i2c.o(.text) refers to delay.o(.text) for delay_us
    i2s.o(.text) refers to i2s.o(.data) for .data
    dstc.o(.text) refers to dstc.o(.bss) for .bss
    dstc.o(.text) refers to dstc.o(.data) for .data
    startup_s6e2cc.o(STACK) refers (Special) to heapauxi.o(.text) for __use_two_region_memory
    startup_s6e2cc.o(HEAP) refers (Special) to heapauxi.o(.text) for __use_two_region_memory
    startup_s6e2cc.o(RESET) refers (Special) to heapauxi.o(.text) for __use_two_region_memory
    startup_s6e2cc.o(RESET) refers to startup_s6e2cc.o(STACK) for __initial_sp
    startup_s6e2cc.o(RESET) refers to startup_s6e2cc.o(.text) for Reset_Handler
    startup_s6e2cc.o(RESET) refers to dstc.o(.text) for DSTC_COMP_IRQHandler
    startup_s6e2cc.o(RESET) refers to i2s.o(.text) for PRGCRC_I2S_IRQHandler
    startup_s6e2cc.o(.text) refers (Special) to heapauxi.o(.text) for __use_two_region_memory
    startup_s6e2cc.o(.text) refers to system_s6e2cc.o(.text) for SystemInit
    startup_s6e2cc.o(.text) refers to __main.o(!!!main) for __main
    startup_s6e2cc.o(.text) refers to startup_s6e2cc.o(HEAP) for Heap_Mem
    startup_s6e2cc.o(.text) refers to startup_s6e2cc.o(STACK) for Stack_Mem
    system_s6e2cc.o(.text) refers to system_s6e2cc.o(.data) for .data
    __main.o(!!!main) refers to __rtentry.o(.ARM.Collect$$rtentry$$00000000) for __rt_entry
    d2f.o(x$fpl$d2f) refers (Special) to usenofp.o(x$fpl$usenofp) for __I$use$fp
    d2f.o(x$fpl$d2f) refers to fretinf.o(x$fpl$fretinf) for __fpl_fretinf
    d2f.o(x$fpl$d2f) refers to dnaninf.o(x$fpl$dnaninf) for __fpl_dnaninf
    daddsub_clz.o(x$fpl$dadd) refers (Special) to usenofp.o(x$fpl$usenofp) for __I$use$fp
    daddsub_clz.o(x$fpl$dadd) refers to daddsub_clz.o(x$fpl$dsub) for _dsub1
    daddsub_clz.o(x$fpl$dadd) refers to dretinf.o(x$fpl$dretinf) for __fpl_dretinf
    daddsub_clz.o(x$fpl$dadd) refers to dnaninf.o(x$fpl$dnaninf) for __fpl_dnaninf
    daddsub_clz.o(x$fpl$drsb) refers (Special) to usenofp.o(x$fpl$usenofp) for __I$use$fp
    daddsub_clz.o(x$fpl$drsb) refers to daddsub_clz.o(x$fpl$dadd) for _dadd1
    daddsub_clz.o(x$fpl$drsb) refers to daddsub_clz.o(x$fpl$dsub) for _dsub1
    daddsub_clz.o(x$fpl$dsub) refers (Special) to usenofp.o(x$fpl$usenofp) for __I$use$fp
    daddsub_clz.o(x$fpl$dsub) refers to daddsub_clz.o(x$fpl$dadd) for _dadd1
    daddsub_clz.o(x$fpl$dsub) refers to dnaninf.o(x$fpl$dnaninf) for __fpl_dnaninf
    dmul.o(x$fpl$dmul) refers (Special) to usenofp.o(x$fpl$usenofp) for __I$use$fp
    dmul.o(x$fpl$dmul) refers to dretinf.o(x$fpl$dretinf) for __fpl_dretinf
    dmul.o(x$fpl$dmul) refers to dnaninf.o(x$fpl$dnaninf) for __fpl_dnaninf
    f2d.o(x$fpl$f2d) refers (Special) to usenofp.o(x$fpl$usenofp) for __I$use$fp
    f2d.o(x$fpl$f2d) refers to fnaninf.o(x$fpl$fnaninf) for __fpl_fnaninf
    f2d.o(x$fpl$f2d) refers to dretinf.o(x$fpl$dretinf) for __fpl_dretinf
    cos.o(i.__hardfp_cos) refers (Special) to usenofp.o(x$fpl$usenofp) for __I$use$fp
    cos.o(i.__hardfp_cos) refers to _rserrno.o(.text) for __set_errno
    cos.o(i.__hardfp_cos) refers to dunder.o(i.__mathlib_dbl_invalid) for __mathlib_dbl_invalid
    cos.o(i.__hardfp_cos) refers to dunder.o(i.__mathlib_dbl_infnan) for __mathlib_dbl_infnan
    cos.o(i.__hardfp_cos) refers to rred.o(i.__ieee754_rem_pio2) for __ieee754_rem_pio2
    cos.o(i.__hardfp_cos) refers to sin_i.o(i.__kernel_sin) for __kernel_sin
    cos.o(i.__hardfp_cos) refers to cos_i.o(i.__kernel_cos) for __kernel_cos
    cos.o(i.__hardfp_cos) refers to basic.o(x$fpl$basic) for __aeabi_dneg
    cos.o(i.__softfp_cos) refers (Special) to usenofp.o(x$fpl$usenofp) for __I$use$fp
    cos.o(i.__softfp_cos) refers to cos.o(i.__hardfp_cos) for __hardfp_cos
    cos.o(i.cos) refers (Special) to usenofp.o(x$fpl$usenofp) for __I$use$fp
    cos.o(i.cos) refers to cos.o(i.__hardfp_cos) for __hardfp_cos
[...]
    sin.o(i.__hardfp_sin) refers to cos_i.o(i.__kernel_cos) for __kernel_cos
    sin.o(i.__hardfp_sin) refers to basic.o(x$fpl$basic) for __aeabi_dneg
    sin.o(i.__hardfp_sin) refers to sin_i.o(i.__kernel_sin) for __kernel_sin
    sin.o(i.__softfp_sin) refers (Special) to usenofp.o(x$fpl$usenofp) for __I$use$fp
    sin.o(i.__softfp_sin) refers to sin.o(i.__hardfp_sin) for __hardfp_sin
    sin.o(i.sin) refers (Special) to usenofp.o(x$fpl$usenofp) for __I$use$fp
    sin.o(i.sin) refers to sin.o(i.__hardfp_sin) for __hardfp_sin
    sin_x.o(i.____hardfp_sin$lsc) refers (Special) to usenofp.o(x$fpl$usenofp) for __I$use$fp
    sin_x.o(i.____hardfp_sin$lsc) refers to _rserrno.o(.text) for __set_errno
    sin_x.o(i.____hardfp_sin$lsc) refers to dunder.o(i.__mathlib_dbl_infnan) for __mathlib_dbl_infnan
    sin_x.o(i.____hardfp_sin$lsc) refers to rred.o(i.__ieee754_rem_pio2) for __ieee754_rem_pio2
    sin_x.o(i.____hardfp_sin$lsc) refers to cos_i.o(i.__kernel_cos) for __kernel_cos
    sin_x.o(i.____hardfp_sin$lsc) refers to basic.o(x$fpl$basic) for __aeabi_dneg
    sin_x.o(i.____hardfp_sin$lsc) refers to sin_i.o(i.__kernel_sin) for __kernel_sin
    sin_x.o(i.____softfp_sin$lsc) refers (Special) to usenofp.o(x$fpl$usenofp) for __I$use$fp
    sin_x.o(i.____softfp_sin$lsc) refers to sin_x.o(i.____hardfp_sin$lsc) for ____hardfp_sin$lsc
    sin_x.o(i.__sin$lsc) refers (Special) to usenofp.o(x$fpl$usenofp) for __I$use$fp
    sin_x.o(i.__sin$lsc) refers to sin_x.o(i.____hardfp_sin$lsc) for ____hardfp_sin$lsc
    __rtentry.o(.ARM.Collect$$rtentry$$00000000) refers (Special) to __rtentry2.o(.ARM.Collect$$rtentry$$0000000A) for __rt_entry_li
    __rtentry.o(.ARM.Collect$$rtentry$$00000000) refers (Special) to __rtentry2.o(.ARM.Collect$$rtentry$$0000000D) for __rt_entry_main
    __rtentry.o(.ARM.Collect$$rtentry$$00000000) refers (Special) to __rtentry2.o(.ARM.Collect$$rtentry$$0000000C) for __rt_entry_postli_1
    __rtentry.o(.ARM.Collect$$rtentry$$00000000) refers (Special) to __rtentry2.o(.ARM.Collect$$rtentry$$00000009) for __rt_entry_postsh_1
    __rtentry.o(.ARM.Collect$$rtentry$$00000000) refers (Special) to __rtentry2.o(.ARM.Collect$$rtentry$$00000002) for __rt_entry_presh_1
    __rtentry.o(.ARM.Collect$$rtentry$$00000000) refers (Special) to __rtentry4.o(.ARM.Collect$$rtentry$$00000004) for __rt_entry_sh
    _rserrno.o(.text) refers to rt_errno_addr_intlibspace.o(.text) for __aeabi_errno_addr
    basic.o(x$fpl$basic) refers (Special) to usenofp.o(x$fpl$usenofp) for __I$use$fp
    dnaninf.o(x$fpl$dnaninf) refers (Special) to usenofp.o(x$fpl$usenofp) for __I$use$fp
    dretinf.o(x$fpl$dretinf) refers (Special) to usenofp.o(x$fpl$usenofp) for __I$use$fp
    fnaninf.o(x$fpl$fnaninf) refers (Special) to usenofp.o(x$fpl$usenofp) for __I$use$fp
    fretinf.o(x$fpl$fretinf) refers (Special) to usenofp.o(x$fpl$usenofp) for __I$use$fp
    cos_i.o(i.__kernel_cos) refers (Special) to usenofp.o(x$fpl$usenofp) for __I$use$fp
    cos_i.o(i.__kernel_cos) refers to dfix.o(x$fpl$dfix) for __aeabi_d2iz
    cos_i.o(i.__kernel_cos) refers to dmul.o(x$fpl$dmul) for __aeabi_dmul
    cos_i.o(i.__kernel_cos) refers to poly.o(i.__kernel_poly) for __kernel_poly
    cos_i.o(i.__kernel_cos) refers to daddsub_clz.o(x$fpl$dsub) for __aeabi_dsub
    cos_i.o(i.__kernel_cos) refers to daddsub_clz.o(x$fpl$drsb) for __aeabi_drsub
    cos_i.o(i.__kernel_cos) refers to cos_i.o(.constdata) for .constdata
    cos_i.o(.constdata) refers (Special) to usenofp.o(x$fpl$usenofp) for __I$use$fp
    dunder.o(i.__mathlib_dbl_divzero) refers to ddiv.o(x$fpl$ddiv) for __aeabi_ddiv
    dunder.o(i.__mathlib_dbl_infnan) refers to daddsub_clz.o(x$fpl$dadd) for __aeabi_dadd
    dunder.o(i.__mathlib_dbl_infnan2) refers to daddsub_clz.o(x$fpl$dadd) for __aeabi_dadd
    dunder.o(i.__mathlib_dbl_invalid) refers to ddiv.o(x$fpl$ddiv) for __aeabi_ddiv
    dunder.o(i.__mathlib_dbl_overflow) refers to dmul.o(x$fpl$dmul) for __aeabi_dmul
    dunder.o(i.__mathlib_dbl_posinfnan) refers to dmul.o(x$fpl$dmul) for __aeabi_dmul
    dunder.o(i.__mathlib_dbl_underflow) refers to dmul.o(x$fpl$dmul) for __aeabi_dmul
    rred.o(i.__ieee754_rem_pio2) refers (Special) to usenofp.o(x$fpl$usenofp) for __I$use$fp
    rred.o(i.__ieee754_rem_pio2) refers to daddsub_clz.o(x$fpl$dsub) for __aeabi_dsub
    rred.o(i.__ieee754_rem_pio2) refers to daddsub_clz.o(x$fpl$dadd) for __aeabi_dadd
    rred.o(i.__ieee754_rem_pio2) refers to fabs.o(i.fabs) for fabs
    rred.o(i.__ieee754_rem_pio2) refers to dmul.o(x$fpl$dmul) for __aeabi_dmul
    rred.o(i.__ieee754_rem_pio2) refers to dfix.o(x$fpl$dfix) for __aeabi_d2iz
    rred.o(i.__ieee754_rem_pio2) refers to dflt_clz.o(x$fpl$dflt) for __aeabi_i2d
    rred.o(i.__ieee754_rem_pio2) refers to daddsub_clz.o(x$fpl$drsb) for __aeabi_drsub
    rred.o(i.__ieee754_rem_pio2) refers to basic.o(x$fpl$basic) for __aeabi_dneg
    rred.o(i.__ieee754_rem_pio2) refers to dflt_clz.o(x$fpl$dfltu) for __aeabi_ui2d
    rred.o(i.__ieee754_rem_pio2) refers to rred.o(.constdata) for .constdata
    rred.o(i.__use_accurate_range_reduction) refers (Special) to usenofp.o(x$fpl$usenofp) for __I$use$fp
    rred.o(.constdata) refers (Special) to usenofp.o(x$fpl$usenofp) for __I$use$fp
    sin_i.o(i.__kernel_sin) refers (Special) to usenofp.o(x$fpl$usenofp) for __I$use$fp
    sin_i.o(i.__kernel_sin) refers to fpclassify.o(i.__ARM_fpclassify) for __ARM_fpclassify
    sin_i.o(i.__kernel_sin) refers to dunder.o(i.__mathlib_dbl_underflow) for __mathlib_dbl_underflow
    sin_i.o(i.__kernel_sin) refers to dmul.o(x$fpl$dmul) for __aeabi_dmul
    sin_i.o(i.__kernel_sin) refers to poly.o(i.__kernel_poly) for __kernel_poly
    sin_i.o(i.__kernel_sin) refers to daddsub_clz.o(x$fpl$dsub) for __aeabi_dsub
    sin_i.o(i.__kernel_sin) refers to daddsub_clz.o(x$fpl$drsb) for __aeabi_drsub
    sin_i.o(i.__kernel_sin) refers to daddsub_clz.o(x$fpl$dadd) for __aeabi_dadd
    sin_i.o(i.__kernel_sin) refers to sin_i.o(.constdata) for .constdata
    sin_i.o(.constdata) refers (Special) to usenofp.o(x$fpl$usenofp) for __I$use$fp
    sin_i_x.o(i.____kernel_sin$lsc) refers (Special) to usenofp.o(x$fpl$usenofp) for __I$use$fp
    sin_i_x.o(i.____kernel_sin$lsc) refers to dmul.o(x$fpl$dmul) for __aeabi_dmul
    sin_i_x.o(i.____kernel_sin$lsc) refers to poly.o(i.__kernel_poly) for __kernel_poly
    sin_i_x.o(i.____kernel_sin$lsc) refers to daddsub_clz.o(x$fpl$dsub) for __aeabi_dsub
    sin_i_x.o(i.____kernel_sin$lsc) refers to daddsub_clz.o(x$fpl$drsb) for __aeabi_drsub
    sin_i_x.o(i.____kernel_sin$lsc) refers to daddsub_clz.o(x$fpl$dadd) for __aeabi_dadd
    sin_i_x.o(i.____kernel_sin$lsc) refers to sin_i_x.o(.constdata) for .constdata
    sin_i_x.o(.constdata) refers (Special) to usenofp.o(x$fpl$usenofp) for __I$use$fp
    __rtentry2.o(.ARM.Collect$$rtentry$$00000008) refers to boardinit2.o(.text) for _platform_post_stackheap_init
    __rtentry2.o(.ARM.Collect$$rtentry$$0000000A) refers to libinit.o(.ARM.Collect$$libinit$$00000000) for __rt_lib_init
    __rtentry2.o(.ARM.Collect$$rtentry$$0000000B) refers to boardinit3.o(.text) for _platform_post_lib_init
    __rtentry2.o(.ARM.Collect$$rtentry$$0000000D) refers to dft.o(.text) for main
    __rtentry2.o(.ARM.Collect$$rtentry$$0000000D) refers to exit.o(.text) for exit
    __rtentry2.o(.ARM.exidx) refers to __rtentry2.o(.ARM.Collect$$rtentry$$00000001) for .ARM.Collect$$rtentry$$00000001
    __rtentry2.o(.ARM.exidx) refers to __rtentry2.o(.ARM.Collect$$rtentry$$00000008) for .ARM.Collect$$rtentry$$00000008
    __rtentry2.o(.ARM.exidx) refers to __rtentry2.o(.ARM.Collect$$rtentry$$0000000A) for .ARM.Collect$$rtentry$$0000000A
    __rtentry2.o(.ARM.exidx) refers to __rtentry2.o(.ARM.Collect$$rtentry$$0000000B) for .ARM.Collect$$rtentry$$0000000B
    __rtentry2.o(.ARM.exidx) refers to __rtentry2.o(.ARM.Collect$$rtentry$$0000000D) for .ARM.Collect$$rtentry$$0000000D
    __rtentry4.o(.ARM.Collect$$rtentry$$00000004) refers to sys_stackheap_outer.o(.text) for __user_setup_stackheap
    __rtentry4.o(.ARM.exidx) refers to __rtentry4.o(.ARM.Collect$$rtentry$$00000004) for .ARM.Collect$$rtentry$$00000004
    rt_errno_addr.o(.text) refers to rt_errno_addr.o(.bss) for __aeabi_errno_addr_data
    rt_errno_addr_intlibspace.o(.text) refers to libspace.o(.bss) for __libspace_start
    ddiv.o(x$fpl$drdiv) refers (Special) to usenofp.o(x$fpl$usenofp) for __I$use$fp
    ddiv.o(x$fpl$drdiv) refers to ddiv.o(x$fpl$ddiv) for ddiv_entry
    ddiv.o(x$fpl$ddiv) refers (Special) to usenofp.o(x$fpl$usenofp) for __I$use$fp
    ddiv.o(x$fpl$ddiv) refers to dretinf.o(x$fpl$dretinf) for __fpl_dretinf
    ddiv.o(x$fpl$ddiv) refers to dnaninf.o(x$fpl$dnaninf) for __fpl_dnaninf
    dfix.o(x$fpl$dfix) refers (Special) to usenofp.o(x$fpl$usenofp) for __I$use$fp
    dfix.o(x$fpl$dfix) refers to dnaninf.o(x$fpl$dnaninf) for __fpl_dnaninf
    dfix.o(x$fpl$dfixr) refers (Special) to usenofp.o(x$fpl$usenofp) for __I$use$fp
    dfix.o(x$fpl$dfixr) refers to dnaninf.o(x$fpl$dnaninf) for __fpl_dnaninf
    dflt_clz.o(x$fpl$dfltu) refers (Special) to usenofp.o(x$fpl$usenofp) for __I$use$fp
    dflt_clz.o(x$fpl$dflt) refers (Special) to usenofp.o(x$fpl$usenofp) for __I$use$fp
    dflt_clz.o(x$fpl$dfltn) refers (Special) to usenofp.o(x$fpl$usenofp) for __I$use$fp
    fabs.o(i.__hardfp_fabs) refers (Special) to usenofp.o(x$fpl$usenofp) for __I$use$fp
    fabs.o(i.__softfp_fabs) refers (Special) to usenofp.o(x$fpl$usenofp) for __I$use$fp
    fabs.o(i.fabs) refers (Special) to usenofp.o(x$fpl$usenofp) for __I$use$fp
    fpclassify.o(i.__ARM_fpclassify) refers (Special) to usenofp.o(x$fpl$usenofp) for __I$use$fp
    poly.o(i.__kernel_poly) refers (Special) to usenofp.o(x$fpl$usenofp) for __I$use$fp
    poly.o(i.__kernel_poly) refers to dmul.o(x$fpl$dmul) for __aeabi_dmul
    poly.o(i.__kernel_poly) refers to daddsub_clz.o(x$fpl$dadd) for __aeabi_dadd
    libspace.o(.text) refers to libspace.o(.bss) for __libspace_start
    sys_stackheap_outer.o(.text) refers to libspace.o(.text) for __user_perproc_libspace
    sys_stackheap_outer.o(.text) refers to startup_s6e2cc.o(.text) for __user_initial_stackheap
    exit.o(.text) refers to rtexit.o(.ARM.Collect$$rtexit$$00000000) for __rt_exit
    libinit.o(.ARM.Collect$$libinit$$00000000) refers (Special) to libinit2.o(.ARM.Collect$$libinit$$0000002E) for __rt_lib_init_alloca_1
    libinit.o(.ARM.Collect$$libinit$$00000000) refers (Special) to libinit2.o(.ARM.Collect$$libinit$$0000002C) for __rt_lib_init_argv_1
    libinit.o(.ARM.Collect$$libinit$$00000000) refers (Special) to libinit2.o(.ARM.Collect$$libinit$$0000001B) for __rt_lib_init_atexit_1
    libinit.o(.ARM.Collect$$libinit$$00000000) refers (Special) to libinit2.o(.ARM.Collect$$libinit$$00000021) for __rt_lib_init_clock_1
    libinit.o(.ARM.Collect$$libinit$$00000000) refers (Special) to libinit2.o(.ARM.Collect$$libinit$$00000032) for __rt_lib_init_cpp_1
    libinit.o(.ARM.Collect$$libinit$$00000000) refers (Special) to libinit2.o(.ARM.Collect$$libinit$$00000030) for __rt_lib_init_exceptions_1
    libinit.o(.ARM.Collect$$libinit$$00000000) refers (Special) to libinit2.o(.ARM.Collect$$libinit$$00000001) for __rt_lib_init_fp_1
    libinit.o(.ARM.Collect$$libinit$$00000000) refers (Special) to libinit2.o(.ARM.Collect$$libinit$$0000001F) for __rt_lib_init_fp_trap_1
    libinit.o(.ARM.Collect$$libinit$$00000000) refers (Special) to libinit2.o(.ARM.Collect$$libinit$$00000023) for __rt_lib_init_getenv_1
    libinit.o(.ARM.Collect$$libinit$$00000000) refers (Special) to libinit2.o(.ARM.Collect$$libinit$$0000000A) for __rt_lib_init_heap_1
    libinit.o(.ARM.Collect$$libinit$$00000000) refers (Special) to libinit2.o(.ARM.Collect$$libinit$$00000011) for __rt_lib_init_lc_collate_1
    libinit.o(.ARM.Collect$$libinit$$00000000) refers (Special) to libinit2.o(.ARM.Collect$$libinit$$00000013) for __rt_lib_init_lc_ctype_1
    libinit.o(.ARM.Collect$$libinit$$00000000) refers (Special) to libinit2.o(.ARM.Collect$$libinit$$00000015) for __rt_lib_init_lc_monetary_1
    libinit.o(.ARM.Collect$$libinit$$00000000) refers (Special) to libinit2.o(.ARM.Collect$$libinit$$00000017) for __rt_lib_init_lc_numeric_1
    libinit.o(.ARM.Collect$$libinit$$00000000) refers (Special) to libinit2.o(.ARM.Collect$$libinit$$00000019) for __rt_lib_init_lc_time_1
    libinit.o(.ARM.Collect$$libinit$$00000000) refers (Special) to libinit2.o(.ARM.Collect$$libinit$$00000004) for __rt_lib_init_preinit_1
    libinit.o(.ARM.Collect$$libinit$$00000000) refers (Special) to libinit2.o(.ARM.Collect$$libinit$$0000000E) for __rt_lib_init_rand_1
    libinit.o(.ARM.Collect$$libinit$$00000000) refers (Special) to libinit2.o(.ARM.Collect$$libinit$$00000033) for __rt_lib_init_return
    libinit.o(.ARM.Collect$$libinit$$00000000) refers (Special) to libinit2.o(.ARM.Collect$$libinit$$0000001D) for __rt_lib_init_signal_1
    libinit.o(.ARM.Collect$$libinit$$00000000) refers (Special) to libinit2.o(.ARM.Collect$$libinit$$00000025) for __rt_lib_init_stdio_1
    libinit.o(.ARM.Collect$$libinit$$00000000) refers (Special) to libinit2.o(.ARM.Collect$$libinit$$0000000C) for __rt_lib_init_user_alloc_1
    rtexit.o(.ARM.Collect$$rtexit$$00000000) refers (Special) to rtexit2.o(.ARM.Collect$$rtexit$$00000004) for __rt_exit_exit
    rtexit.o(.ARM.Collect$$rtexit$$00000000) refers (Special) to rtexit2.o(.ARM.Collect$$rtexit$$00000003) for __rt_exit_ls
    rtexit.o(.ARM.Collect$$rtexit$$00000000) refers (Special) to rtexit2.o(.ARM.Collect$$rtexit$$00000002) for __rt_exit_prels_1
    rtexit.o(.ARM.exidx) refers (Special) to rtexit2.o(.ARM.Collect$$rtexit$$00000004) for __rt_exit_exit
    rtexit.o(.ARM.exidx) refers (Special) to rtexit2.o(.ARM.Collect$$rtexit$$00000003) for __rt_exit_ls
    rtexit.o(.ARM.exidx) refers (Special) to rtexit2.o(.ARM.Collect$$rtexit$$00000002) for __rt_exit_prels_1
    rtexit.o(.ARM.exidx) refers to rtexit.o(.ARM.Collect$$rtexit$$00000000) for .ARM.Collect$$rtexit$$00000000
    libinit2.o(.ARM.Collect$$libinit$$00000001) refers to fpinit.o(x$fpl$fpinit) for _fp_init
    libinit2.o(.ARM.Collect$$libinit$$00000010) refers to libinit2.o(.ARM.Collect$$libinit$$0000000F) for .ARM.Collect$$libinit$$0000000F
    libinit2.o(.ARM.Collect$$libinit$$00000012) refers to libinit2.o(.ARM.Collect$$libinit$$0000000F) for .ARM.Collect$$libinit$$0000000F
    libinit2.o(.ARM.Collect$$libinit$$00000014) refers to libinit2.o(.ARM.Collect$$libinit$$0000000F) for .ARM.Collect$$libinit$$0000000F
    libinit2.o(.ARM.Collect$$libinit$$00000016) refers to libinit2.o(.ARM.Collect$$libinit$$0000000F) for .ARM.Collect$$libinit$$0000000F
    libinit2.o(.ARM.Collect$$libinit$$00000018) refers to libinit2.o(.ARM.Collect$$libinit$$0000000F) for .ARM.Collect$$libinit$$0000000F
    libinit2.o(.ARM.Collect$$libinit$$00000026) refers to argv_veneer.o(.emb_text) for __ARM_argv_veneer
    libinit2.o(.ARM.Collect$$libinit$$00000027) refers to argv_veneer.o(.emb_text) for __ARM_argv_veneer
    rtexit2.o(.ARM.Collect$$rtexit$$00000003) refers to libshutdown.o(.ARM.Collect$$libshutdown$$00000000) for __rt_lib_shutdown
    rtexit2.o(.ARM.Collect$$rtexit$$00000004) refers to sys_exit.o(.text) for _sys_exit
    rtexit2.o(.ARM.exidx) refers to rtexit2.o(.ARM.Collect$$rtexit$$00000001) for .ARM.Collect$$rtexit$$00000001
    rtexit2.o(.ARM.exidx) refers to rtexit2.o(.ARM.Collect$$rtexit$$00000003) for .ARM.Collect$$rtexit$$00000003
    rtexit2.o(.ARM.exidx) refers to rtexit2.o(.ARM.Collect$$rtexit$$00000004) for .ARM.Collect$$rtexit$$00000004
    argv_veneer.o(.emb_text) refers to no_argv.o(.text) for __ARM_get_argv
    sys_exit.o(.text) refers (Special) to use_no_semi.o(.text) for __I$use$semihosting
    sys_exit.o(.text) refers (Special) to indicate_semi.o(.text) for __semihosting_library_function
    _get_argv_nomalloc.o(.text) refers (Special) to hrguard.o(.text) for __heap_region$guard
    _get_argv_nomalloc.o(.text) refers to defsig_rtmem_outer.o(.text) for __rt_SIGRTMEM
    _get_argv_nomalloc.o(.text) refers to sys_command.o(.text) for _sys_command_string
    libshutdown.o(.ARM.Collect$$libshutdown$$00000000) refers (Special) to libshutdown2.o(.ARM.Collect$$libshutdown$$00000002) for __rt_lib_shutdown_cpp_1
    libshutdown.o(.ARM.Collect$$libshutdown$$00000000) refers (Special) to libshutdown2.o(.ARM.Collect$$libshutdown$$00000007) for __rt_lib_shutdown_fp_trap_1
    libshutdown.o(.ARM.Collect$$libshutdown$$00000000) refers (Special) to libshutdown2.o(.ARM.Collect$$libshutdown$$0000000F) for __rt_lib_shutdown_heap_1
    libshutdown.o(.ARM.Collect$$libshutdown$$00000000) refers (Special) to libshutdown2.o(.ARM.Collect$$libshutdown$$00000010) for __rt_lib_shutdown_return
    libshutdown.o(.ARM.Collect$$libshutdown$$00000000) refers (Special) to libshutdown2.o(.ARM.Collect$$libshutdown$$0000000A) for __rt_lib_shutdown_signal_1
    libshutdown.o(.ARM.Collect$$libshutdown$$00000000) refers (Special) to libshutdown2.o(.ARM.Collect$$libshutdown$$00000004) for __rt_lib_shutdown_stdio_1
    libshutdown.o(.ARM.Collect$$libshutdown$$00000000) refers (Special) to libshutdown2.o(.ARM.Collect$$libshutdown$$0000000C) for __rt_lib_shutdown_user_alloc_1
    sys_command.o(.text) refers (Special) to use_no_semi.o(.text) for __I$use$semihosting
    sys_command.o(.text) refers (Special) to indicate_semi.o(.text) for __semihosting_library_function
    defsig_rtmem_outer.o(.text) refers to defsig_rtmem_inner.o(.text) for __rt_SIGRTMEM_inner
    defsig_rtmem_outer.o(.text) refers to defsig_exit.o(.text) for __sig_exit
    defsig_rtmem_formal.o(.text) refers to rt_raise.o(.text) for __rt_raise
    rt_raise.o(.text) refers to __raise.o(.text) for __raise
    rt_raise.o(.text) refers to sys_exit.o(.text) for _sys_exit
    defsig_exit.o(.text) refers to sys_exit.o(.text) for _sys_exit
    defsig_rtmem_inner.o(.text) refers to defsig_general.o(.text) for __default_signal_display
    __raise.o(.text) refers to defsig.o(CL$$defsig) for __default_signal_handler
    defsig_general.o(.text) refers to sys_wrch.o(.text) for _ttywrch
    sys_wrch.o(.text) refers (Special) to use_no_semi.o(.text) for __I$use$semihosting
    sys_wrch.o(.text) refers (Special) to indicate_semi.o(.text) for __semihosting_library_function
    defsig.o(CL$$defsig) refers to defsig_rtmem_inner.o(.text) for __rt_SIGRTMEM_inner
    defsig_abrt_inner.o(.text) refers to defsig_general.o(.text) for __default_signal_display
    defsig_fpe_inner.o(.text) refers to defsig_general.o(.text) for __default_signal_display
    defsig_rtred_inner.o(.text) refers to defsig_general.o(.text) for __default_signal_display
    defsig_stak_inner.o(.text) refers to defsig_general.o(.text) for __default_signal_display
    defsig_pvfn_inner.o(.text) refers to defsig_general.o(.text) for __default_signal_display
    defsig_cppl_inner.o(.text) refers to defsig_general.o(.text) for __default_signal_display
    defsig_segv_inner.o(.text) refers to defsig_general.o(.text) for __default_signal_display
    defsig_other.o(.text) refers to defsig_general.o(.text) for __default_signal_display


==============================================================================

Removing Unused input sections from the image.

    Removing audio.o(.rev16_text), (4 bytes).
    Removing audio.o(.revsh_text), (4 bytes).
    Removing audio.o(.rrx_text), (6 bytes).
    Removing audio.o(.text), (376 bytes).
    Removing audio.o(.data), (8 bytes).
    Removing delay.o(.emb_text), (10 bytes).
    Removing delay.o(.text), (84 bytes).
    Removing gpio.o(.rev16_text), (4 bytes).
    Removing gpio.o(.revsh_text), (4 bytes).
    Removing gpio.o(.rrx_text), (6 bytes).
    Removing i2c.o(.rev16_text), (4 bytes).
    Removing i2c.o(.revsh_text), (4 bytes).
    Removing i2c.o(.rrx_text), (6 bytes).
    Removing i2c.o(.text), (292 bytes).
    Removing i2s.o(.rev16_text), (4 bytes).
    Removing i2s.o(.revsh_text), (4 bytes).
    Removing i2s.o(.rrx_text), (6 bytes).
    Removing dstc.o(.rev16_text), (4 bytes).
    Removing dstc.o(.revsh_text), (4 bytes).
    Removing dstc.o(.rrx_text), (6 bytes).
    Removing dstc.o(.data), (4 bytes).
    Removing dstc.o(.data), (4 bytes).
    Removing system_s6e2cc.o(.rev16_text), (4 bytes).
    Removing system_s6e2cc.o(.revsh_text), (4 bytes).
    Removing system_s6e2cc.o(.rrx_text), (6 bytes).

25 unused section(s) (total 862 bytes) removed from the image.

==============================================================================

Image Symbol Table

    Local Symbols

    Symbol Name                              Value     Ov Type        Size  Object(Section)

    RESET                                    0x00000000   Section      576  startup_s6e2cc.o(RESET)
    ../clib/angel/boardlib.s                 0x00000000   Number         0  boardshut.o ABSOLUTE
    ../clib/angel/boardlib.s                 0x00000000   Number         0  boardinit1.o ABSOLUTE
    ../clib/angel/boardlib.s                 0x00000000   Number         0  boardinit2.o ABSOLUTE
    ../clib/angel/boardlib.s                 0x00000000   Number         0  boardinit3.o ABSOLUTE
    ../clib/angel/handlers.s                 0x00000000   Number         0  __scatter_zi.o ABSOLUTE
    ../clib/angel/handlers.s                 0x00000000   Number         0  __scatter_copy.o ABSOLUTE
    ../clib/angel/kernel.s                   0x00000000   Number         0  __rtentry4.o ABSOLUTE
    ../clib/angel/kernel.s                   0x00000000   Number         0  __rtentry2.o ABSOLUTE
    ../clib/angel/kernel.s                   0x00000000   Number         0  rtexit2.o ABSOLUTE
    ../clib/angel/kernel.s                   0x00000000   Number         0  __rtentry.o ABSOLUTE
    ../clib/angel/kernel.s                   0x00000000   Number         0  rtexit.o ABSOLUTE
    ../clib/angel/rt.s                       0x00000000   Number         0  rt_errno_addr_intlibspace.o ABSOLUTE
    ../clib/angel/rt.s                       0x00000000   Number         0  rt_raise.o ABSOLUTE
    ../clib/angel/rt.s                       0x00000000   Number         0  rt_errno_addr.o ABSOLUTE
    ../clib/angel/scatter.s                  0x00000000   Number         0  __scatter.o ABSOLUTE
    ../clib/angel/startup.s                  0x00000000   Number         0  __main.o ABSOLUTE
    ../clib/angel/sys.s                      0x00000000   Number         0  indicate_semi.o ABSOLUTE
    ../clib/angel/sys.s                      0x00000000   Number         0  use_no_semi.o ABSOLUTE
    ../clib/angel/sys.s                      0x00000000   Number         0  libspace.o ABSOLUTE
    ../clib/angel/sys.s                      0x00000000   Number         0  sys_stackheap_outer.o ABSOLUTE
    ../clib/angel/sysapp.c                   0x00000000   Number         0  sys_command.o ABSOLUTE
    ../clib/angel/sysapp.c                   0x00000000   Number         0  sys_exit.o ABSOLUTE
    ../clib/angel/sysapp.c                   0x00000000   Number         0  sys_wrch.o ABSOLUTE
    ../clib/armsys.c                         0x00000000   Number         0  argv_veneer.o ABSOLUTE
    ../clib/armsys.c                         0x00000000   Number         0  _get_argv_nomalloc.o ABSOLUTE
    ../clib/armsys.c                         0x00000000   Number         0  no_argv.o ABSOLUTE
    ../clib/armsys.c                         0x00000000   Number         0  argv_veneer.o ABSOLUTE
    ../clib/fenv.c                           0x00000000   Number         0  _rserrno.o ABSOLUTE
    ../clib/heapalloc.c                      0x00000000   Number         0  hrguard.o ABSOLUTE
    ../clib/heapaux.c                        0x00000000   Number         0  heapauxi.o ABSOLUTE
    ../clib/libinit.s                        0x00000000   Number         0  libshutdown2.o ABSOLUTE
    ../clib/libinit.s                        0x00000000   Number         0  libinit.o ABSOLUTE
    ../clib/libinit.s                        0x00000000   Number         0  libshutdown.o ABSOLUTE
    ../clib/libinit.s                        0x00000000   Number         0  libinit2.o ABSOLUTE
    ../clib/signal.c                         0x00000000   Number         0  defsig_segv_inner.o ABSOLUTE
    ../clib/signal.c                         0x00000000   Number         0  defsig_cppl_inner.o ABSOLUTE
    ../clib/signal.c                         0x00000000   Number         0  defsig_stak_inner.o ABSOLUTE
    ../clib/signal.c                         0x00000000   Number         0  defsig_rtred_inner.o ABSOLUTE
    ../clib/signal.c                         0x00000000   Number         0  defsig_fpe_inner.o ABSOLUTE
    ../clib/signal.c                         0x00000000   Number         0  defsig_abrt_inner.o ABSOLUTE
    ../clib/signal.c                         0x00000000   Number         0  __raise.o ABSOLUTE
    ../clib/signal.c                         0x00000000   Number         0  defsig_rtmem_inner.o ABSOLUTE
    ../clib/signal.c                         0x00000000   Number         0  defsig_exit.o ABSOLUTE
    ../clib/signal.c                         0x00000000   Number         0  defsig_rtmem_formal.o ABSOLUTE
    ../clib/signal.c                         0x00000000   Number         0  defsig_rtmem_outer.o ABSOLUTE
    ../clib/signal.c                         0x00000000   Number         0  defsig_pvfn_inner.o ABSOLUTE
    ../clib/signal.c                         0x00000000   Number         0  defsig_general.o ABSOLUTE
    ../clib/signal.c                         0x00000000   Number         0  defsig_other.o ABSOLUTE
    ../clib/signal.s                         0x00000000   Number         0  defsig.o ABSOLUTE
    ../clib/stdlib.c                         0x00000000   Number         0  exit.o ABSOLUTE
    ../fplib/basic.s                         0x00000000   Number         0  basic.o ABSOLUTE
    ../fplib/d2f.s                           0x00000000   Number         0  d2f.o ABSOLUTE
    ../fplib/daddsub.s                       0x00000000   Number         0  daddsub_clz.o ABSOLUTE
    ../fplib/ddiv.s                          0x00000000   Number         0  ddiv.o ABSOLUTE
    ../fplib/dfix.s                          0x00000000   Number         0  dfix.o ABSOLUTE
    ../fplib/dflt.s                          0x00000000   Number         0  dflt_clz.o ABSOLUTE
    ../fplib/dmul.s                          0x00000000   Number         0  dmul.o ABSOLUTE
    ../fplib/dnaninf.s                       0x00000000   Number         0  dnaninf.o ABSOLUTE
    ../fplib/dretinf.s                       0x00000000   Number         0  dretinf.o ABSOLUTE
    ../fplib/f2d.s                           0x00000000   Number         0  f2d.o ABSOLUTE
    ../fplib/fnaninf.s                       0x00000000   Number         0  fnaninf.o ABSOLUTE
    ../fplib/fpinit.s                        0x00000000   Number         0  fpinit.o ABSOLUTE
    ../fplib/fretinf.s                       0x00000000   Number         0  fretinf.o ABSOLUTE
    ../fplib/usenofp.s                       0x00000000   Number         0  usenofp.o ABSOLUTE
    ../mathlib/cos.c                         0x00000000   Number         0  cos.o ABSOLUTE
    ../mathlib/cos.c                         0x00000000   Number         0  cos_x.o ABSOLUTE
    ../mathlib/cos_i.c                       0x00000000   Number         0  cos_i.o ABSOLUTE
    ../mathlib/dunder.c                      0x00000000   Number         0  dunder.o ABSOLUTE
    ../mathlib/fabs.c                        0x00000000   Number         0  fabs.o ABSOLUTE
    ../mathlib/fpclassify.c                  0x00000000   Number         0  fpclassify.o ABSOLUTE
    ../mathlib/poly.c                        0x00000000   Number         0  poly.o ABSOLUTE
    ../mathlib/rred.c                        0x00000000   Number         0  rred.o ABSOLUTE
    ../mathlib/sin.c                         0x00000000   Number         0  sin.o ABSOLUTE
    ../mathlib/sin.c                         0x00000000   Number         0  sin_x.o ABSOLUTE
    ../mathlib/sin_i.c                       0x00000000   Number         0  sin_i.o ABSOLUTE
    ../mathlib/sin_i.c                       0x00000000   Number         0  sin_i_x.o ABSOLUTE
    RTE\Device\S6E2CCAJ0A\startup_s6e2cc.s   0x00000000   Number         0  startup_s6e2cc.o ABSOLUTE
    RTE\Device\S6E2CCAJ0A\system_s6e2cc.c    0x00000000   Number         0  system_s6e2cc.o ABSOLUTE
    RTE\\Device\\S6E2CCAJ0A\\system_s6e2cc.c 0x00000000   Number         0  system_s6e2cc.o ABSOLUTE
    dc.s                                     0x00000000   Number         0  dc.o ABSOLUTE
    drivers\\audio.c                         0x00000000   Number         0  audio.o ABSOLUTE
    drivers\\delay.c                         0x00000000   Number         0  delay.o ABSOLUTE
    drivers\\dstc.c                          0x00000000   Number         0  dstc.o ABSOLUTE
    drivers\\gpio.c                          0x00000000   Number         0  gpio.o ABSOLUTE
    drivers\\i2c.c                           0x00000000   Number         0  i2c.o ABSOLUTE
    drivers\\i2s.c                           0x00000000   Number         0  i2s.o ABSOLUTE
    drivers\audio.c                          0x00000000   Number         0  audio.o ABSOLUTE
    drivers\delay.c                          0x00000000   Number         0  delay.o ABSOLUTE
    drivers\dstc.c                           0x00000000   Number         0  dstc.o ABSOLUTE
    drivers\gpio.c                           0x00000000   Number         0  gpio.o ABSOLUTE
    drivers\i2c.c                            0x00000000   Number         0  i2c.o ABSOLUTE
    drivers\i2s.c                            0x00000000   Number         0  i2s.o ABSOLUTE
    src\dft.c                                0x00000000   Number         0  dft.o ABSOLUTE
    !!!main                                  0x00000240   Section        8  __main.o(!!!main)
    !!!scatter                               0x00000248   Section       52  __scatter.o(!!!scatter)
    !!handler_copy                           0x0000027c   Section       26  __scatter_copy.o(!!handler_copy)
    !!handler_zi                             0x00000298   Section       28  __scatter_zi.o(!!handler_zi)
    .ARM.Collect$$libinit$$00000000          0x000002b4   Section        2  libinit.o(.ARM.Collect$$libinit$$00000000)
    .ARM.Collect$$libinit$$00000001          0x000002b6   Section        4  libinit2.o(.ARM.Collect$$libinit$$00000001)
    .ARM.Collect$$libinit$$00000004          0x000002ba   Section        0  libinit2.o(.ARM.Collect$$libinit$$00000004)
    .ARM.Collect$$libinit$$0000000A          0x000002ba   Section        0  libinit2.o(.ARM.Collect$$libinit$$0000000A)
    .ARM.Collect$$libinit$$0000000C          0x000002ba   Section        0  libinit2.o(.ARM.Collect$$libinit$$0000000C)
    .ARM.Collect$$libinit$$0000000E          0x000002ba   Section        0  libinit2.o(.ARM.Collect$$libinit$$0000000E)
    .ARM.Collect$$libinit$$00000011          0x000002ba   Section        0  libinit2.o(.ARM.Collect$$libinit$$00000011)
    .ARM.Collect$$libinit$$00000013          0x000002ba   Section        0  libinit2.o(.ARM.Collect$$libinit$$00000013)
    .ARM.Collect$$libinit$$00000015          0x000002ba   Section        0  libinit2.o(.ARM.Collect$$libinit$$00000015)
    .ARM.Collect$$libinit$$00000017          0x000002ba   Section        0  libinit2.o(.ARM.Collect$$libinit$$00000017)
    .ARM.Collect$$libinit$$00000019          0x000002ba   Section        0  libinit2.o(.ARM.Collect$$libinit$$00000019)
    .ARM.Collect$$libinit$$0000001B          0x000002ba   Section        0  libinit2.o(.ARM.Collect$$libinit$$0000001B)
    .ARM.Collect$$libinit$$0000001D          0x000002ba   Section        0  libinit2.o(.ARM.Collect$$libinit$$0000001D)
    .ARM.Collect$$libinit$$0000001F          0x000002ba   Section        0  libinit2.o(.ARM.Collect$$libinit$$0000001F)
    .ARM.Collect$$libinit$$00000021          0x000002ba   Section        0  libinit2.o(.ARM.Collect$$libinit$$00000021)
    .ARM.Collect$$libinit$$00000023          0x000002ba   Section        0  libinit2.o(.ARM.Collect$$libinit$$00000023)
    .ARM.Collect$$libinit$$00000025          0x000002ba   Section        0  libinit2.o(.ARM.Collect$$libinit$$00000025)
    .ARM.Collect$$libinit$$0000002C          0x000002ba   Section        0  libinit2.o(.ARM.Collect$$libinit$$0000002C)
    .ARM.Collect$$libinit$$0000002E          0x000002ba   Section        0  libinit2.o(.ARM.Collect$$libinit$$0000002E)
    .ARM.Collect$$libinit$$00000030          0x000002ba   Section        0  libinit2.o(.ARM.Collect$$libinit$$00000030)
    .ARM.Collect$$libinit$$00000032          0x000002ba   Section        0  libinit2.o(.ARM.Collect$$libinit$$00000032)
    .ARM.Collect$$libinit$$00000033          0x000002ba   Section        2  libinit2.o(.ARM.Collect$$libinit$$00000033)
    .ARM.Collect$$libshutdown$$00000000      0x000002bc   Section        2  libshutdown.o(.ARM.Collect$$libshutdown$$00000000)
    .ARM.Collect$$libshutdown$$00000002      0x000002be   Section        0  libshutdown2.o(.ARM.Collect$$libshutdown$$00000002)
    .ARM.Collect$$libshutdown$$00000004      0x000002be   Section        0  libshutdown2.o(.ARM.Collect$$libshutdown$$00000004)
    .ARM.Collect$$libshutdown$$00000007      0x000002be   Section        0  libshutdown2.o(.ARM.Collect$$libshutdown$$00000007)
    .ARM.Collect$$libshutdown$$0000000A      0x000002be   Section        0  libshutdown2.o(.ARM.Collect$$libshutdown$$0000000A)
    .ARM.Collect$$libshutdown$$0000000C      0x000002be   Section        0  libshutdown2.o(.ARM.Collect$$libshutdown$$0000000C)
    .ARM.Collect$$libshutdown$$0000000F      0x000002be   Section        0  libshutdown2.o(.ARM.Collect$$libshutdown$$0000000F)
    .ARM.Collect$$libshutdown$$00000010      0x000002be   Section        2  libshutdown2.o(.ARM.Collect$$libshutdown$$00000010)
    .ARM.Collect$$rtentry$$00000000          0x000002c0   Section        0  __rtentry.o(.ARM.Collect$$rtentry$$00000000)
    .ARM.Collect$$rtentry$$00000002          0x000002c0   Section        0  __rtentry2.o(.ARM.Collect$$rtentry$$00000002)
    .ARM.Collect$$rtentry$$00000004          0x000002c0   Section        6  __rtentry4.o(.ARM.Collect$$rtentry$$00000004)
    .ARM.Collect$$rtentry$$00000009          0x000002c6   Section        0  __rtentry2.o(.ARM.Collect$$rtentry$$00000009)
    .ARM.Collect$$rtentry$$0000000A          0x000002c6   Section        4  __rtentry2.o(.ARM.Collect$$rtentry$$0000000A)
    .ARM.Collect$$rtentry$$0000000C          0x000002ca   Section        0  __rtentry2.o(.ARM.Collect$$rtentry$$0000000C)
    .ARM.Collect$$rtentry$$0000000D          0x000002ca   Section        8  __rtentry2.o(.ARM.Collect$$rtentry$$0000000D)
    .ARM.Collect$$rtexit$$00000000           0x000002d2   Section        2  rtexit.o(.ARM.Collect$$rtexit$$00000000)
    .ARM.Collect$$rtexit$$00000002           0x000002d4   Section        0  rtexit2.o(.ARM.Collect$$rtexit$$00000002)
    .ARM.Collect$$rtexit$$00000003           0x000002d4   Section        4  rtexit2.o(.ARM.Collect$$rtexit$$00000003)
    .ARM.Collect$$rtexit$$00000004           0x000002d8   Section        6  rtexit2.o(.ARM.Collect$$rtexit$$00000004)
    .text                                    0x000002e0   Section        0  dft.o(.text)
    .text                                    0x00000444   Section        0  gpio.o(.text)
    .text                                    0x000005b0   Section        0  i2s.o(.text)
    __NVIC_ClearPendingIRQ                   0x0000082b   Thumb Code    26  i2s.o(.text)
    .text                                    0x0000086c   Section        0  dstc.o(.text)
    __NVIC_ClearPendingIRQ                   0x00000a79   Thumb Code    26  dstc.o(.text)
    .text                                    0x00000ab8   Section       76  startup_s6e2cc.o(.text)
    $v0                                      0x00000ab8   Number         0  startup_s6e2cc.o(.text)
    .text                                    0x00000b04   Section        0  system_s6e2cc.o(.text)
    .text                                    0x00000c38   Section        0  heapauxi.o(.text)
    .text                                    0x00000c3e   Section        0  _rserrno.o(.text)
    .text                                    0x00000c54   Section        8  rt_errno_addr_intlibspace.o(.text)
    .text                                    0x00000c5c   Section        8  libspace.o(.text)
    .text                                    0x00000c64   Section       74  sys_stackheap_outer.o(.text)
    .text                                    0x00000cae   Section        0  exit.o(.text)
    .text                                    0x00000cc0   Section        0  sys_exit.o(.text)
    .text                                    0x00000ccc   Section        2  use_no_semi.o(.text)
    .text                                    0x00000cce   Section        0  indicate_semi.o(.text)
    i.__ARM_fpclassify                       0x00000cce   Section        0  fpclassify.o(i.__ARM_fpclassify)
    i.__hardfp_cos                           0x00000d00   Section        0  cos.o(i.__hardfp_cos)
    i.__hardfp_sin                           0x00000dc8   Section        0  sin.o(i.__hardfp_sin)
    i.__ieee754_rem_pio2                     0x00000e90   Section        0  rred.o(i.__ieee754_rem_pio2)
    i.__kernel_cos                           0x000012c8   Section        0  cos_i.o(i.__kernel_cos)
    i.__kernel_poly                          0x00001438   Section        0  poly.o(i.__kernel_poly)
    i.__kernel_sin                           0x00001530   Section        0  sin_i.o(i.__kernel_sin)
    i.__mathlib_dbl_infnan                   0x00001660   Section        0  dunder.o(i.__mathlib_dbl_infnan)
    i.__mathlib_dbl_invalid                  0x00001678   Section        0  dunder.o(i.__mathlib_dbl_invalid)
    i.__mathlib_dbl_underflow                0x00001698   Section        0  dunder.o(i.__mathlib_dbl_underflow)
    i.fabs                                   0x000016b8   Section        0  fabs.o(i.fabs)
    x$fpl$basic                              0x000016d0   Section       24  basic.o(x$fpl$basic)
    $v0                                      0x000016d0   Number         0  basic.o(x$fpl$basic)
    x$fpl$d2f                                0x000016e8   Section       98  d2f.o(x$fpl$d2f)
    $v0                                      0x000016e8   Number         0  d2f.o(x$fpl$d2f)
    x$fpl$dadd                               0x0000174c   Section      336  daddsub_clz.o(x$fpl$dadd)
    $v0                                      0x0000174c   Number         0  daddsub_clz.o(x$fpl$dadd)
    _dadd1                                   0x0000175d   Thumb Code     0  daddsub_clz.o(x$fpl$dadd)
    x$fpl$ddiv                               0x0000189c   Section      688  ddiv.o(x$fpl$ddiv)
    $v0                                      0x0000189c   Number         0  ddiv.o(x$fpl$ddiv)
    ddiv_entry                               0x000018a3   Thumb Code     0  ddiv.o(x$fpl$ddiv)
    x$fpl$dfix                               0x00001b4c   Section       94  dfix.o(x$fpl$dfix)
    $v0                                      0x00001b4c   Number         0  dfix.o(x$fpl$dfix)
    x$fpl$dflt                               0x00001baa   Section       46  dflt_clz.o(x$fpl$dflt)
    $v0                                      0x00001baa   Number         0  dflt_clz.o(x$fpl$dflt)
    x$fpl$dfltu                              0x00001bd8   Section       38  dflt_clz.o(x$fpl$dfltu)
    $v0                                      0x00001bd8   Number         0  dflt_clz.o(x$fpl$dfltu)
    x$fpl$dmul                               0x00001c00   Section      340  dmul.o(x$fpl$dmul)
    $v0                                      0x00001c00   Number         0  dmul.o(x$fpl$dmul)
    x$fpl$dnaninf                            0x00001d54   Section      156  dnaninf.o(x$fpl$dnaninf)
    $v0                                      0x00001d54   Number         0  dnaninf.o(x$fpl$dnaninf)
    x$fpl$dretinf                            0x00001df0   Section       12  dretinf.o(x$fpl$dretinf)
    $v0                                      0x00001df0   Number         0  dretinf.o(x$fpl$dretinf)
    x$fpl$drsb                               0x00001dfc   Section       22  daddsub_clz.o(x$fpl$drsb)
    $v0                                      0x00001dfc   Number         0  daddsub_clz.o(x$fpl$drsb)
    x$fpl$dsub                               0x00001e14   Section      468  daddsub_clz.o(x$fpl$dsub)
    $v0                                      0x00001e14   Number         0  daddsub_clz.o(x$fpl$dsub)
    _dsub1                                   0x00001e25   Thumb Code     0  daddsub_clz.o(x$fpl$dsub)
    x$fpl$f2d                                0x00001fe8   Section       86  f2d.o(x$fpl$f2d)
    $v0                                      0x00001fe8   Number         0  f2d.o(x$fpl$f2d)
    x$fpl$fnaninf                            0x0000203e   Section      140  fnaninf.o(x$fpl$fnaninf)
    $v0                                      0x0000203e   Number         0  fnaninf.o(x$fpl$fnaninf)
    x$fpl$fpinit                             0x000020ca   Section       10  fpinit.o(x$fpl$fpinit)
    $v0                                      0x000020ca   Number         0  fpinit.o(x$fpl$fpinit)
    x$fpl$fretinf                            0x000020d4   Section       10  fretinf.o(x$fpl$fretinf)
    $v0                                      0x000020d4   Number         0  fretinf.o(x$fpl$fretinf)
    x$fpl$usenofp                            0x000020de   Section        0  usenofp.o(x$fpl$usenofp)
    .constdata                               0x000020e0   Section       48  cos_i.o(.constdata)
    C                                        0x000020e0   Data          48  cos_i.o(.constdata)
    .constdata                               0x00002110   Section      200  rred.o(.constdata)
    pio2s                                    0x00002110   Data          48  rred.o(.constdata)
    twooverpi                                0x00002140   Data         152  rred.o(.constdata)
    .constdata                               0x000021d8   Section       40  sin_i.o(.constdata)
    S                                        0x000021d8   Data          40  sin_i.o(.constdata)
    .data                                    0x1ffd0000   Section        4  i2s.o(.data)
    i2s_callback                             0x1ffd0000   Data           4  i2s.o(.data)
    .data                                    0x1ffd0004   Section        4  dstc.o(.data)
    dma_callback                             0x1ffd0004   Data           4  dstc.o(.data)
    .data                                    0x1ffd0008   Section        8  system_s6e2cc.o(.data)
    u8IoRegisterRead                         0x1ffd0008   Data           1  system_s6e2cc.o(.data)
    .bss                                     0x1ffd0010   Section      128  dft.o(.bss)
    .bss                                     0x1ffd0090   Section     1080  dstc.o(.bss)
    dma_tx_buffer_ping                       0x1ffd0090   Data         512  dstc.o(.bss)
    dma_rx_buffer_ping                       0x1ffd0290   Data         512  dstc.o(.bss)
    .bss                                     0x1ffd04c8   Section       96  libspace.o(.bss)
    HEAP                                     0x1ffd0528   Section        0  startup_s6e2cc.o(HEAP)
    STACK                                    0x1ffd0528   Section      512  startup_s6e2cc.o(STACK)
    Heap_Mem                                 0x1ffd0528   Data           0  startup_s6e2cc.o(HEAP)
    Stack_Mem                                0x1ffd0528   Data         512  startup_s6e2cc.o(STACK)
    __initial_sp                             0x1ffd0728   Data           0  startup_s6e2cc.o(STACK)

    Global Symbols

    Symbol Name                              Value     Ov Type        Size  Object(Section)

    BuildAttributes$$THM_ISAv4$E$P$D$K$B$S$7EM$VFPi3$EXTD16$VFPS$VFMA$PE$A:L22UL41UL21$X:L11$S22US41US21$IEEE1$IW$USESV6$~STKCKD$USESV7$~SHL$OTIME$ROPI$IEEEX$EBA8$UX$STANDARDLIB$REQ8$PRES8$EABIv2 0x00000000   Number         0  anon$$obj.o ABSOLUTE
    __ARM_use_no_argv                        0x00000000   Number         0  dft.o ABSOLUTE
    __Vectors                                0x00000000   Data           4  startup_s6e2cc.o(RESET)
    __ARM_exceptions_init                     - Undefined Weak Reference
    __alloca_initialize                       - Undefined Weak Reference
    __arm_preinit_                            - Undefined Weak Reference
    __cpp_initialize__aeabi_                  - Undefined Weak Reference
    __cxa_finalize                            - Undefined Weak Reference
    __rt_locale                               - Undefined Weak Reference
    __sigvec_lookup                           - Undefined Weak Reference
    _atexit_init                              - Undefined Weak Reference
    _call_atexit_fns                          - Undefined Weak Reference
    _clock_init                               - Undefined Weak Reference
    _fp_trap_init                             - Undefined Weak Reference
    _fp_trap_shutdown                         - Undefined Weak Reference
    _get_lc_collate                           - Undefined Weak Reference
    _get_lc_ctype                             - Undefined Weak Reference
    _get_lc_monetary                          - Undefined Weak Reference
    _get_lc_numeric                           - Undefined Weak Reference
    _get_lc_time                              - Undefined Weak Reference
    _getenv_init                              - Undefined Weak Reference
    _handle_redirection                       - Undefined Weak Reference
    _init_alloc                               - Undefined Weak Reference
    _init_user_alloc                          - Undefined Weak Reference
    _initio                                   - Undefined Weak Reference
    _rand_init                                - Undefined Weak Reference
    _signal_finish                            - Undefined Weak Reference
    _signal_init                              - Undefined Weak Reference
    _terminate_alloc                          - Undefined Weak Reference
    _terminate_user_alloc                     - Undefined Weak Reference
    _terminateio                              - Undefined Weak Reference
    __Vectors_End                            0x00000240   Data           0  startup_s6e2cc.o(RESET)
    __Vectors_Size                           0x00000240   Number         0  startup_s6e2cc.o ABSOLUTE
    __main                                   0x00000241   Thumb Code     8  __main.o(!!!main)
    __scatterload                            0x00000249   Thumb Code     0  __scatter.o(!!!scatter)
    __scatterload_rt2                        0x00000249   Thumb Code    44  __scatter.o(!!!scatter)
    __scatterload_rt2_thumb_only             0x00000249   Thumb Code     0  __scatter.o(!!!scatter)
    __scatterload_null                       0x00000257   Thumb Code     0  __scatter.o(!!!scatter)
    __scatterload_copy                       0x0000027d   Thumb Code    26  __scatter_copy.o(!!handler_copy)
    __scatterload_zeroinit                   0x00000299   Thumb Code    28  __scatter_zi.o(!!handler_zi)
    __rt_lib_init                            0x000002b5   Thumb Code     0  libinit.o(.ARM.Collect$$libinit$$00000000)
    __rt_lib_init_fp_1                       0x000002b7   Thumb Code     0  libinit2.o(.ARM.Collect$$libinit$$00000001)
    __rt_lib_init_alloca_1                   0x000002bb   Thumb Code     0  libinit2.o(.ARM.Collect$$libinit$$0000002E)
    __rt_lib_init_argv_1                     0x000002bb   Thumb Code     0  libinit2.o(.ARM.Collect$$libinit$$0000002C)
    __rt_lib_init_atexit_1                   0x000002bb   Thumb Code     0  libinit2.o(.ARM.Collect$$libinit$$0000001B)
    __rt_lib_init_clock_1                    0x000002bb   Thumb Code     0  libinit2.o(.ARM.Collect$$libinit$$00000021)
    __rt_lib_init_cpp_1                      0x000002bb   Thumb Code     0  libinit2.o(.ARM.Collect$$libinit$$00000032)
    __rt_lib_init_exceptions_1               0x000002bb   Thumb Code     0  libinit2.o(.ARM.Collect$$libinit$$00000030)
    __rt_lib_init_fp_trap_1                  0x000002bb   Thumb Code     0  libinit2.o(.ARM.Collect$$libinit$$0000001F)
    __rt_lib_init_getenv_1                   0x000002bb   Thumb Code     0  libinit2.o(.ARM.Collect$$libinit$$00000023)
    __rt_lib_init_heap_1                     0x000002bb   Thumb Code     0  libinit2.o(.ARM.Collect$$libinit$$0000000A)
    __rt_lib_init_lc_collate_1               0x000002bb   Thumb Code     0  libinit2.o(.ARM.Collect$$libinit$$00000011)
    __rt_lib_init_lc_ctype_1                 0x000002bb   Thumb Code     0  libinit2.o(.ARM.Collect$$libinit$$00000013)
    __rt_lib_init_lc_monetary_1              0x000002bb   Thumb Code     0  libinit2.o(.ARM.Collect$$libinit$$00000015)
    __rt_lib_init_lc_numeric_1               0x000002bb   Thumb Code     0  libinit2.o(.ARM.Collect$$libinit$$00000017)
    __rt_lib_init_lc_time_1                  0x000002bb   Thumb Code     0  libinit2.o(.ARM.Collect$$libinit$$00000019)
    __rt_lib_init_preinit_1                  0x000002bb   Thumb Code     0  libinit2.o(.ARM.Collect$$libinit$$00000004)
    __rt_lib_init_rand_1                     0x000002bb   Thumb Code     0  libinit2.o(.ARM.Collect$$libinit$$0000000E)
    __rt_lib_init_return                     0x000002bb   Thumb Code     0  libinit2.o(.ARM.Collect$$libinit$$00000033)
    __rt_lib_init_signal_1                   0x000002bb   Thumb Code     0  libinit2.o(.ARM.Collect$$libinit$$0000001D)
    __rt_lib_init_stdio_1                    0x000002bb   Thumb Code     0  libinit2.o(.ARM.Collect$$libinit$$00000025)
    __rt_lib_init_user_alloc_1               0x000002bb   Thumb Code     0  libinit2.o(.ARM.Collect$$libinit$$0000000C)
    __rt_lib_shutdown                        0x000002bd   Thumb Code     0  libshutdown.o(.ARM.Collect$$libshutdown$$00000000)
    __rt_lib_shutdown_cpp_1                  0x000002bf   Thumb Code     0  libshutdown2.o(.ARM.Collect$$libshutdown$$00000002)
    __rt_lib_shutdown_fp_trap_1              0x000002bf   Thumb Code     0  libshutdown2.o(.ARM.Collect$$libshutdown$$00000007)
    __rt_lib_shutdown_heap_1                 0x000002bf   Thumb Code     0  libshutdown2.o(.ARM.Collect$$libshutdown$$0000000F)
    __rt_lib_shutdown_return                 0x000002bf   Thumb Code     0  libshutdown2.o(.ARM.Collect$$libshutdown$$00000010)
    __rt_lib_shutdown_signal_1               0x000002bf   Thumb Code     0  libshutdown2.o(.ARM.Collect$$libshutdown$$0000000A)
    __rt_lib_shutdown_stdio_1                0x000002bf   Thumb Code     0  libshutdown2.o(.ARM.Collect$$libshutdown$$00000004)
    __rt_lib_shutdown_user_alloc_1           0x000002bf   Thumb Code     0  libshutdown2.o(.ARM.Collect$$libshutdown$$0000000C)
    __rt_entry                               0x000002c1   Thumb Code     0  __rtentry.o(.ARM.Collect$$rtentry$$00000000)
    __rt_entry_presh_1                       0x000002c1   Thumb Code     0  __rtentry2.o(.ARM.Collect$$rtentry$$00000002)
    __rt_entry_sh                            0x000002c1   Thumb Code     0  __rtentry4.o(.ARM.Collect$$rtentry$$00000004)
    __rt_entry_li                            0x000002c7   Thumb Code     0  __rtentry2.o(.ARM.Collect$$rtentry$$0000000A)
    __rt_entry_postsh_1                      0x000002c7   Thumb Code     0  __rtentry2.o(.ARM.Collect$$rtentry$$00000009)
    __rt_entry_main                          0x000002cb   Thumb Code     0  __rtentry2.o(.ARM.Collect$$rtentry$$0000000D)
    __rt_entry_postli_1                      0x000002cb   Thumb Code     0  __rtentry2.o(.ARM.Collect$$rtentry$$0000000C)
    __rt_exit                                0x000002d3   Thumb Code     0  rtexit.o(.ARM.Collect$$rtexit$$00000000)
    __rt_exit_ls                             0x000002d5   Thumb Code     0  rtexit2.o(.ARM.Collect$$rtexit$$00000003)
    __rt_exit_prels_1                        0x000002d5   Thumb Code     0  rtexit2.o(.ARM.Collect$$rtexit$$00000002)
    __rt_exit_exit                           0x000002d9   Thumb Code     0  rtexit2.o(.ARM.Collect$$rtexit$$00000004)
    dft                                      0x000002e1   Thumb Code   224  dft.o(.text)
    main                                     0x000003c1   Thumb Code   110  dft.o(.text)
    gpio_set_mode                            0x00000445   Thumb Code   234  gpio.o(.text)
    gpio_toggle                              0x0000052f   Thumb Code    34  gpio.o(.text)
    gpio_set                                 0x00000551   Thumb Code    24  gpio.o(.text)
    gpio_get                                 0x00000569   Thumb Code    20  gpio.o(.text)
    gpio_set_range                           0x0000057d   Thumb Code     2  gpio.o(.text)
    gpio_set_trigger                         0x0000057f   Thumb Code     2  gpio.o(.text)
    gpio_set_callback                        0x00000581   Thumb Code     2  gpio.o(.text)
    port_isr                                 0x00000583   Thumb Code     2  gpio.o(.text)
    port_isr0                                0x00000585   Thumb Code     2  gpio.o(.text)
    port_isr1                                0x00000587   Thumb Code     2  gpio.o(.text)
    port_isr2                                0x00000589   Thumb Code     2  gpio.o(.text)
    port_isr3                                0x0000058b   Thumb Code     2  gpio.o(.text)
    port_isr4                                0x0000058d   Thumb Code     2  gpio.o(.text)
    i2s_init                                 0x000005b1   Thumb Code   442  i2s.o(.text)
    i2s_rx_enable                            0x0000076b   Thumb Code    20  i2s.o(.text)
    i2s_tx_enable                            0x0000077f   Thumb Code    20  i2s.o(.text)
    i2s_rx_threshold                         0x00000793   Thumb Code    14  i2s.o(.text)
    i2s_tx_threshold                         0x000007a1   Thumb Code    14  i2s.o(.text)
    i2s_rx_dma_enable                        0x000007af   Thumb Code    14  i2s.o(.text)
    i2s_tx_dma_enable                        0x000007bd   Thumb Code    16  i2s.o(.text)
    i2s_start                                0x000007cd   Thumb Code    12  i2s.o(.text)
    i2s_stop                                 0x000007d9   Thumb Code    12  i2s.o(.text)
    i2s_rx                                   0x000007e5   Thumb Code     6  i2s.o(.text)
    i2s_tx                                   0x000007eb   Thumb Code     6  i2s.o(.text)
    i2s_set_callback                         0x000007f1   Thumb Code    34  i2s.o(.text)
    PRGCRC_I2S_IRQHandler                    0x00000813   Thumb Code    24  i2s.o(.text)
    dstc_src_memory                          0x0000086d   Thumb Code    16  dstc.o(.text)
    dstc_dest_memory                         0x0000087d   Thumb Code    16  dstc.o(.text)
    dstc_transfersize                        0x0000088d   Thumb Code    30  dstc.o(.text)
    DSTCPchkCalc                             0x000008ab   Thumb Code    36  dstc.o(.text)
    dstc_init                                0x000008cf   Thumb Code   294  dstc.o(.text)
    dstc_state                               0x000009f5   Thumb Code    30  dstc.o(.text)
    dstc_reset                               0x00000a13   Thumb Code    56  dstc.o(.text)
    dstc_set_callback                        0x00000a4b   Thumb Code    34  dstc.o(.text)
    DSTC_COMP_IRQHandler                     0x00000a6d   Thumb Code    12  dstc.o(.text)
    Reset_Handler                            0x00000ab9   Thumb Code    20  startup_s6e2cc.o(.text)
    NMI_Handler                              0x00000acd   Thumb Code     2  startup_s6e2cc.o(.text)
    HardFault_Handler                        0x00000acf   Thumb Code     2  startup_s6e2cc.o(.text)
    MemManage_Handler                        0x00000ad1   Thumb Code     2  startup_s6e2cc.o(.text)
    BusFault_Handler                         0x00000ad3   Thumb Code     2  startup_s6e2cc.o(.text)
    UsageFault_Handler                       0x00000ad5   Thumb Code     2  startup_s6e2cc.o(.text)
    SVC_Handler                              0x00000ad7   Thumb Code     2  startup_s6e2cc.o(.text)
    DebugMon_Handler                         0x00000ad9   Thumb Code     2  startup_s6e2cc.o(.text)
    PendSV_Handler                           0x00000adb   Thumb Code     2  startup_s6e2cc.o(.text)
    SysTick_Handler                          0x00000add   Thumb Code     2  startup_s6e2cc.o(.text)
    ADC0_IRQHandler                          0x00000adf   Thumb Code     0  startup_s6e2cc.o(.text)
    ADC1_IRQHandler                          0x00000adf   Thumb Code     0  startup_s6e2cc.o(.text)
    ADC2_IRQHandler                          0x00000adf   Thumb Code     0  startup_s6e2cc.o(.text)
    BT0_IRQHandler                           0x00000adf   Thumb Code     0  startup_s6e2cc.o(.text)
    BT10_IRQHandler                          0x00000adf   Thumb Code     0  startup_s6e2cc.o(.text)
    BT11_IRQHandler                          0x00000adf   Thumb Code     0  startup_s6e2cc.o(.text)
    BT12_15_IRQHandler                       0x00000adf   Thumb Code     0  startup_s6e2cc.o(.text)
    BT1_IRQHandler                           0x00000adf   Thumb Code     0  startup_s6e2cc.o(.text)
    BT2_IRQHandler                           0x00000adf   Thumb Code     0  startup_s6e2cc.o(.text)
    BT3_IRQHandler                           0x00000adf   Thumb Code     0  startup_s6e2cc.o(.text)
    BT4_IRQHandler                           0x00000adf   Thumb Code     0  startup_s6e2cc.o(.text)
    BT5_IRQHandler                           0x00000adf   Thumb Code     0  startup_s6e2cc.o(.text)
    BT6_IRQHandler                           0x00000adf   Thumb Code     0  startup_s6e2cc.o(.text)
    BT7_IRQHandler                           0x00000adf   Thumb Code     0  startup_s6e2cc.o(.text)
    BT8_IRQHandler                           0x00000adf   Thumb Code     0  startup_s6e2cc.o(.text)
    BT9_IRQHandler                           0x00000adf   Thumb Code     0  startup_s6e2cc.o(.text)
    CAN0_IRQHandler                          0x00000adf   Thumb Code     0  startup_s6e2cc.o(.text)
    CAN1_CANFD_IRQHandler                    0x00000adf   Thumb Code     0  startup_s6e2cc.o(.text)
    CSV_IRQHandler                           0x00000adf   Thumb Code     0  startup_s6e2cc.o(.text)
    DMAC0_IRQHandler                         0x00000adf   Thumb Code     0  startup_s6e2cc.o(.text)
    DMAC1_IRQHandler                         0x00000adf   Thumb Code     0  startup_s6e2cc.o(.text)
    DMAC2_IRQHandler                         0x00000adf   Thumb Code     0  startup_s6e2cc.o(.text)
    DMAC3_IRQHandler                         0x00000adf   Thumb Code     0  startup_s6e2cc.o(.text)
    DMAC4_IRQHandler                         0x00000adf   Thumb Code     0  startup_s6e2cc.o(.text)
    DMAC5_IRQHandler                         0x00000adf   Thumb Code     0  startup_s6e2cc.o(.text)
    DMAC6_IRQHandler                         0x00000adf   Thumb Code     0  startup_s6e2cc.o(.text)
    DMAC7_IRQHandler                         0x00000adf   Thumb Code     0  startup_s6e2cc.o(.text)
    DSTC_IRQHandler                          0x00000adf   Thumb Code     0  startup_s6e2cc.o(.text)
    DT1_2_IRAHandler                         0x00000adf   Thumb Code     0  startup_s6e2cc.o(.text)
    Dummy                                    0x00000adf   Thumb Code     0  startup_s6e2cc.o(.text)
    ETHER0_IRQHandler                        0x00000adf   Thumb Code     0  startup_s6e2cc.o(.text)
    EXINT0_IRQHandler                        0x00000adf   Thumb Code     0  startup_s6e2cc.o(.text)
    EXINT16_17_18_19_IRQHandler              0x00000adf   Thumb Code     0  startup_s6e2cc.o(.text)
    EXINT1_IRQHandler                        0x00000adf   Thumb Code     0  startup_s6e2cc.o(.text)
    EXINT20_21_22_23_IRQHandler              0x00000adf   Thumb Code     0  startup_s6e2cc.o(.text)
    EXINT24_25_26_27_IRQHandler              0x00000adf   Thumb Code     0  startup_s6e2cc.o(.text)
    EXINT28_29_30_31_IRQHandler              0x00000adf   Thumb Code     0  startup_s6e2cc.o(.text)
    EXINT2_IRQHandler                        0x00000adf   Thumb Code     0  startup_s6e2cc.o(.text)
    EXINT3_IRQHandler                        0x00000adf   Thumb Code     0  startup_s6e2cc.o(.text)
    EXINT4_IRQHandler                        0x00000adf   Thumb Code     0  startup_s6e2cc.o(.text)
    EXINT5_IRQHandler                        0x00000adf   Thumb Code     0  startup_s6e2cc.o(.text)
    EXINT6_IRQHandler                        0x00000adf   Thumb Code     0  startup_s6e2cc.o(.text)
    EXINT7_IRQHandler                        0x00000adf   Thumb Code     0  startup_s6e2cc.o(.text)
    EXTBUS_ERR_Handler                       0x00000adf   Thumb Code     0  startup_s6e2cc.o(.text)
    EXTINT10_IRQHandler                      0x00000adf   Thumb Code     0  startup_s6e2cc.o(.text)
    EXTINT11_IRQHandler                      0x00000adf   Thumb Code     0  startup_s6e2cc.o(.text)
    EXTINT12_IRQHandler                      0x00000adf   Thumb Code     0  startup_s6e2cc.o(.text)
    EXTINT13_IRQHandler                      0x00000adf   Thumb Code     0  startup_s6e2cc.o(.text)
    EXTINT14_IRQHandler                      0x00000adf   Thumb Code     0  startup_s6e2cc.o(.text)
    EXTINT15_IRQHandler                      0x00000adf   Thumb Code     0  startup_s6e2cc.o(.text)
    EXTINT8_IRQHandler                       0x00000adf   Thumb Code     0  startup_s6e2cc.o(.text)
    EXTINT9_IRQHandler                       0x00000adf   Thumb Code     0  startup_s6e2cc.o(.text)
    FLASHIF_IRQHandler                       0x00000adf   Thumb Code     0  startup_s6e2cc.o(.text)
    FRT0_PEAK_IRQHandler                     0x00000adf   Thumb Code     0  startup_s6e2cc.o(.text)
    FRT0_ZERO_IRQHandler                     0x00000adf   Thumb Code     0  startup_s6e2cc.o(.text)
    FRT1_PEAK_IRQHandler                     0x00000adf   Thumb Code     0  startup_s6e2cc.o(.text)
    FRT1_ZERO_IRQHandler                     0x00000adf   Thumb Code     0  startup_s6e2cc.o(.text)
    FRT2_PEAK_IRQHandler                     0x00000adf   Thumb Code     0  startup_s6e2cc.o(.text)
    FRT2_ZERO_IRQHandler                     0x00000adf   Thumb Code     0  startup_s6e2cc.o(.text)
    HSSPI_IRQHandler                         0x00000adf   Thumb Code     0  startup_s6e2cc.o(.text)
    ICU0_IRQHandler                          0x00000adf   Thumb Code     0  startup_s6e2cc.o(.text)
    ICU1_IRQHandler                          0x00000adf   Thumb Code     0  startup_s6e2cc.o(.text)
    ICU2_IRQHandler                          0x00000adf   Thumb Code     0  startup_s6e2cc.o(.text)
    IRQ003SEL_IRQHandler                     0x00000adf   Thumb Code     0  startup_s6e2cc.o(.text)
    IRQ004SEL_IRQHandler                     0x00000adf   Thumb Code     0  startup_s6e2cc.o(.text)
    IRQ005SEL_IRQHandler                     0x00000adf   Thumb Code     0  startup_s6e2cc.o(.text)
    IRQ006SEL_IRQHandler                     0x00000adf   Thumb Code     0  startup_s6e2cc.o(.text)
    IRQ007SEL_IRQHandler                     0x00000adf   Thumb Code     0  startup_s6e2cc.o(.text)
    IRQ008SEL_IRQHandler                     0x00000adf   Thumb Code     0  startup_s6e2cc.o(.text)
    IRQ009SEL_IRQHandler                     0x00000adf   Thumb Code     0  startup_s6e2cc.o(.text)
    IRQ010SEL_IRQHandler                     0x00000adf   Thumb Code     0  startup_s6e2cc.o(.text)
    LVD_IRQHandler                           0x00000adf   Thumb Code     0  startup_s6e2cc.o(.text)
    MFS0_RX_IRQHandler                       0x00000adf   Thumb Code     0  startup_s6e2cc.o(.text)
    MFS0_TX_IRQHandler                       0x00000adf   Thumb Code     0  startup_s6e2cc.o(.text)
    MFS10_RX_IRQHandler                      0x00000adf   Thumb Code     0  startup_s6e2cc.o(.text)
    MFS10_TX_IRQHandler                      0x00000adf   Thumb Code     0  startup_s6e2cc.o(.text)
    MFS11_RX_IRQHandler                      0x00000adf   Thumb Code     0  startup_s6e2cc.o(.text)
    MFS11_TX_IRQHandler                      0x00000adf   Thumb Code     0  startup_s6e2cc.o(.text)
    MFS12_RX_IRQHandler                      0x00000adf   Thumb Code     0  startup_s6e2cc.o(.text)
    MFS12_TX_IRQHandler                      0x00000adf   Thumb Code     0  startup_s6e2cc.o(.text)
    MFS13_RX_IRQHandler                      0x00000adf   Thumb Code     0  startup_s6e2cc.o(.text)
    MFS13_TX_IRQHandler                      0x00000adf   Thumb Code     0  startup_s6e2cc.o(.text)
    MFS14_RX_IRQHandler                      0x00000adf   Thumb Code     0  startup_s6e2cc.o(.text)
    MFS14_TX_IRQHandler                      0x00000adf   Thumb Code     0  startup_s6e2cc.o(.text)
    MFS15_RX_IRQHandler                      0x00000adf   Thumb Code     0  startup_s6e2cc.o(.text)
    MFS15_TX_IRQHandler                      0x00000adf   Thumb Code     0  startup_s6e2cc.o(.text)
    MFS1_RX_IRQHandler                       0x00000adf   Thumb Code     0  startup_s6e2cc.o(.text)
    MFS1_TX_IRQHandler                       0x00000adf   Thumb Code     0  startup_s6e2cc.o(.text)
    MFS2_RX_IRQHandler                       0x00000adf   Thumb Code     0  startup_s6e2cc.o(.text)
    MFS2_TX_IRQHandler                       0x00000adf   Thumb Code     0  startup_s6e2cc.o(.text)
    MFS3_RX_IRQHandler                       0x00000adf   Thumb Code     0  startup_s6e2cc.o(.text)
    MFS3_TX_IRQHandler                       0x00000adf   Thumb Code     0  startup_s6e2cc.o(.text)
    MFS4_RX_IRQHandler                       0x00000adf   Thumb Code     0  startup_s6e2cc.o(.text)
    MFS4_TX_IRQHandler                       0x00000adf   Thumb Code     0  startup_s6e2cc.o(.text)
    MFS5_RX_IRQHandler                       0x00000adf   Thumb Code     0  startup_s6e2cc.o(.text)
    MFS5_TX_IRQHandler                       0x00000adf   Thumb Code     0  startup_s6e2cc.o(.text)
    MFS6_RX_IRQHandler                       0x00000adf   Thumb Code     0  startup_s6e2cc.o(.text)
    MFS6_TX_IRQHandler                       0x00000adf   Thumb Code     0  startup_s6e2cc.o(.text)
    MFS7_RX_IRQHandler                       0x00000adf   Thumb Code     0  startup_s6e2cc.o(.text)
    MFS7_TX_IRQHandler                       0x00000adf   Thumb Code     0  startup_s6e2cc.o(.text)
    MFS8_RX_IRQHandler                       0x00000adf   Thumb Code     0  startup_s6e2cc.o(.text)
    MFS8_TX_IRQHandler                       0x00000adf   Thumb Code     0  startup_s6e2cc.o(.text)
    MFS9_RX_IRQHandler                       0x00000adf   Thumb Code     0  startup_s6e2cc.o(.text)
    MFS9_TX_IRQHandler                       0x00000adf   Thumb Code     0  startup_s6e2cc.o(.text)
    OCU0_IRQHandler                          0x00000adf   Thumb Code     0  startup_s6e2cc.o(.text)
    OCU1_IRQHandler                          0x00000adf   Thumb Code     0  startup_s6e2cc.o(.text)
    OCU2_IRQHandler                          0x00000adf   Thumb Code     0  startup_s6e2cc.o(.text)
    PPG00_02_04_IRQHandler                   0x00000adf   Thumb Code     0  startup_s6e2cc.o(.text)
    PPG08_10_12_IRQHandler                   0x00000adf   Thumb Code     0  startup_s6e2cc.o(.text)
    PPG16_18_20_IRQHandler                   0x00000adf   Thumb Code     0  startup_s6e2cc.o(.text)
    QPRC0_IRQHandler                         0x00000adf   Thumb Code     0  startup_s6e2cc.o(.text)
    QPRC1_IRQHandler                         0x00000adf   Thumb Code     0  startup_s6e2cc.o(.text)
    QPRC2_IRQHandler                         0x00000adf   Thumb Code     0  startup_s6e2cc.o(.text)
    QPRC3_IRQHandler                         0x00000adf   Thumb Code     0  startup_s6e2cc.o(.text)
    RTC_IRQHandler                           0x00000adf   Thumb Code     0  startup_s6e2cc.o(.text)
    SD_IRQHandler                            0x00000adf   Thumb Code     0  startup_s6e2cc.o(.text)
    SWDT_IRQHandler                          0x00000adf   Thumb Code     0  startup_s6e2cc.o(.text)
    TIM_IRQHandler                           0x00000adf   Thumb Code     0  startup_s6e2cc.o(.text)
    USB0_HOST_IRQHandler                     0x00000adf   Thumb Code     0  startup_s6e2cc.o(.text)
    USB0_IRQHandler                          0x00000adf   Thumb Code     0  startup_s6e2cc.o(.text)
    USB1_HDMICEC0_IRQHandler                 0x00000adf   Thumb Code     0  startup_s6e2cc.o(.text)
    USB1_HOST_HDMICEC1_IRQHandler            0x00000adf   Thumb Code     0  startup_s6e2cc.o(.text)
    WC_IRQHandler                            0x00000adf   Thumb Code     0  startup_s6e2cc.o(.text)
    WFG0_DTIF0_IRQHandler                    0x00000adf   Thumb Code     0  startup_s6e2cc.o(.text)
    WFG1_DTIF1_IRQHandler                    0x00000adf   Thumb Code     0  startup_s6e2cc.o(.text)
    WFG2_DTIF2_IRQHandler                    0x00000adf   Thumb Code     0  startup_s6e2cc.o(.text)
    __user_initial_stackheap                 0x00000ae1   Thumb Code     0  startup_s6e2cc.o(.text)
    SystemCoreClockUpdate                    0x00000b05   Thumb Code   120  system_s6e2cc.o(.text)
    SystemInit                               0x00000b7d   Thumb Code   150  system_s6e2cc.o(.text)
    __use_two_region_memory                  0x00000c39   Thumb Code     2  heapauxi.o(.text)
    __rt_heap_escrow$2region                 0x00000c3b   Thumb Code     2  heapauxi.o(.text)
    __rt_heap_expand$2region                 0x00000c3d   Thumb Code     2  heapauxi.o(.text)
    __read_errno                             0x00000c3f   Thumb Code    10  _rserrno.o(.text)
    __set_errno                              0x00000c49   Thumb Code    12  _rserrno.o(.text)
    __aeabi_errno_addr                       0x00000c55   Thumb Code     8  rt_errno_addr_intlibspace.o(.text)
    __errno$intlibspace                      0x00000c55   Thumb Code     0  rt_errno_addr_intlibspace.o(.text)
    __rt_errno_addr$intlibspace              0x00000c55   Thumb Code     0  rt_errno_addr_intlibspace.o(.text)
    __user_libspace                          0x00000c5d   Thumb Code     8  libspace.o(.text)
    __user_perproc_libspace                  0x00000c5d   Thumb Code     0  libspace.o(.text)
    __user_perthread_libspace                0x00000c5d   Thumb Code     0  libspace.o(.text)
    __user_setup_stackheap                   0x00000c65   Thumb Code    74  sys_stackheap_outer.o(.text)
    exit                                     0x00000caf   Thumb Code    18  exit.o(.text)
    _sys_exit                                0x00000cc1   Thumb Code     8  sys_exit.o(.text)
    __I$use$semihosting                      0x00000ccd   Thumb Code     0  use_no_semi.o(.text)
    __use_no_semihosting_swi                 0x00000ccd   Thumb Code     2  use_no_semi.o(.text)
    __ARM_fpclassify                         0x00000ccf   Thumb Code    48  fpclassify.o(i.__ARM_fpclassify)
    __semihosting_library_function           0x00000ccf   Thumb Code     0  indicate_semi.o(.text)
    __hardfp_cos                             0x00000d01   Thumb Code   180  cos.o(i.__hardfp_cos)
    __hardfp_sin                             0x00000dc9   Thumb Code   180  sin.o(i.__hardfp_sin)
    __ieee754_rem_pio2                       0x00000e91   Thumb Code   938  rred.o(i.__ieee754_rem_pio2)
    __kernel_cos                             0x000012c9   Thumb Code   322  cos_i.o(i.__kernel_cos)
    __kernel_poly                            0x00001439   Thumb Code   248  poly.o(i.__kernel_poly)
    __kernel_sin                             0x00001531   Thumb Code   280  sin_i.o(i.__kernel_sin)
    __mathlib_dbl_infnan                     0x00001661   Thumb Code    20  dunder.o(i.__mathlib_dbl_infnan)
    __mathlib_dbl_invalid                    0x00001679   Thumb Code    24  dunder.o(i.__mathlib_dbl_invalid)
    __mathlib_dbl_underflow                  0x00001699   Thumb Code    24  dunder.o(i.__mathlib_dbl_underflow)
    fabs                                     0x000016b9   Thumb Code    24  fabs.o(i.fabs)
    __aeabi_dneg                             0x000016d1   Thumb Code     0  basic.o(x$fpl$basic)
    _dneg                                    0x000016d1   Thumb Code     6  basic.o(x$fpl$basic)
    __aeabi_fneg                             0x000016d7   Thumb Code     0  basic.o(x$fpl$basic)
    _fneg                                    0x000016d7   Thumb Code     6  basic.o(x$fpl$basic)
    _dabs                                    0x000016dd   Thumb Code     6  basic.o(x$fpl$basic)
    _fabs                                    0x000016e3   Thumb Code     6  basic.o(x$fpl$basic)
    __aeabi_d2f                              0x000016e9   Thumb Code     0  d2f.o(x$fpl$d2f)
    _d2f                                     0x000016e9   Thumb Code    98  d2f.o(x$fpl$d2f)
    __aeabi_dadd                             0x0000174d   Thumb Code     0  daddsub_clz.o(x$fpl$dadd)
    _dadd                                    0x0000174d   Thumb Code   332  daddsub_clz.o(x$fpl$dadd)
    __aeabi_ddiv                             0x0000189d   Thumb Code     0  ddiv.o(x$fpl$ddiv)
    _ddiv                                    0x0000189d   Thumb Code   552  ddiv.o(x$fpl$ddiv)
    __aeabi_d2iz                             0x00001b4d   Thumb Code     0  dfix.o(x$fpl$dfix)
    _dfix                                    0x00001b4d   Thumb Code    94  dfix.o(x$fpl$dfix)
    __aeabi_i2d                              0x00001bab   Thumb Code     0  dflt_clz.o(x$fpl$dflt)
    _dflt                                    0x00001bab   Thumb Code    46  dflt_clz.o(x$fpl$dflt)
    __aeabi_ui2d                             0x00001bd9   Thumb Code     0  dflt_clz.o(x$fpl$dfltu)
    _dfltu                                   0x00001bd9   Thumb Code    38  dflt_clz.o(x$fpl$dfltu)
    __aeabi_dmul                             0x00001c01   Thumb Code     0  dmul.o(x$fpl$dmul)
    _dmul                                    0x00001c01   Thumb Code   332  dmul.o(x$fpl$dmul)
    __fpl_dnaninf                            0x00001d55   Thumb Code   156  dnaninf.o(x$fpl$dnaninf)
    __fpl_dretinf                            0x00001df1   Thumb Code    12  dretinf.o(x$fpl$dretinf)
    __aeabi_drsub                            0x00001dfd   Thumb Code     0  daddsub_clz.o(x$fpl$drsb)
    _drsb                                    0x00001dfd   Thumb Code    22  daddsub_clz.o(x$fpl$drsb)
    __aeabi_dsub                             0x00001e15   Thumb Code     0  daddsub_clz.o(x$fpl$dsub)
    _dsub                                    0x00001e15   Thumb Code   464  daddsub_clz.o(x$fpl$dsub)
    __aeabi_f2d                              0x00001fe9   Thumb Code     0  f2d.o(x$fpl$f2d)
    _f2d                                     0x00001fe9   Thumb Code    86  f2d.o(x$fpl$f2d)
    __fpl_fnaninf                            0x0000203f   Thumb Code   140  fnaninf.o(x$fpl$fnaninf)
    _fp_init                                 0x000020cb   Thumb Code    10  fpinit.o(x$fpl$fpinit)
    __fplib_config_fpu_vfp                   0x000020d3   Thumb Code     0  fpinit.o(x$fpl$fpinit)
    __fplib_config_pureend_doubles           0x000020d3   Thumb Code     0  fpinit.o(x$fpl$fpinit)
    __fpl_fretinf                            0x000020d5   Thumb Code    10  fretinf.o(x$fpl$fretinf)
    __I$use$fp                               0x000020de   Number         0  usenofp.o(x$fpl$usenofp)
    Region$$Table$$Base                      0x00002200   Number         0  anon$$obj.o(Region$$Table)
    Region$$Table$$Limit                     0x00002220   Number         0  anon$$obj.o(Region$$Table)
    SystemCoreClock                          0x1ffd000c   Data           4  system_s6e2cc.o(.data)
    samples                                  0x1ffd0010   Data          64  dft.o(.bss)
    X                                        0x1ffd0050   Data          64  dft.o(.bss)
    stcDES                                   0x1ffd0490   Data          56  dstc.o(.bss)
    __libspace_start                         0x1ffd04c8   Data          96  libspace.o(.bss)
    __temporary_stack_top$libspace           0x1ffd0528   Data           0  libspace.o(.bss)



==============================================================================

Memory Map of the image

  Image Entry point : 0x00000241

  Load Region LR_IROM1 (Base: 0x00000000, Size: 0x00002230, Max: 0x00300000, ABSOLUTE)

    Execution Region ER_IROM1 (Exec base: 0x00000000, Load base: 0x00000000, Size: 0x00002220, Max: 0x00300000, ABSOLUTE)

    Exec Addr    Load Addr    Size         Type   Attr      Idx    E Section Name        Object

    0x00000000   0x00000000   0x00000240   Data   RO          258    RESET               startup_s6e2cc.o
    0x00000240   0x00000240   0x00000008   Code   RO          304  * !!!main             c_w.l(__main.o)
    0x00000248   0x00000248   0x00000034   Code   RO          567    !!!scatter          c_w.l(__scatter.o)
    0x0000027c   0x0000027c   0x0000001a   Code   RO          569    !!handler_copy      c_w.l(__scatter_copy.o)
    0x00000296   0x00000296   0x00000002   PAD
    0x00000298   0x00000298   0x0000001c   Code   RO          571    !!handler_zi        c_w.l(__scatter_zi.o)
    0x000002b4   0x000002b4   0x00000002   Code   RO          440    .ARM.Collect$$libinit$$00000000  c_w.l(libinit.o)
    0x000002b6   0x000002b6   0x00000004   Code   RO          443    .ARM.Collect$$libinit$$00000001  c_w.l(libinit2.o)
    0x000002ba   0x000002ba   0x00000000   Code   RO          446    .ARM.Collect$$libinit$$00000004  c_w.l(libinit2.o)
    0x000002ba   0x000002ba   0x00000000   Code   RO          449    .ARM.Collect$$libinit$$0000000A  c_w.l(libinit2.o)
    0x000002ba   0x000002ba   0x00000000   Code   RO          451    .ARM.Collect$$libinit$$0000000C  c_w.l(libinit2.o)
    0x000002ba   0x000002ba   0x00000000   Code   RO          453    .ARM.Collect$$libinit$$0000000E  c_w.l(libinit2.o)
    0x000002ba   0x000002ba   0x00000000   Code   RO          456    .ARM.Collect$$libinit$$00000011  c_w.l(libinit2.o)
    0x000002ba   0x000002ba   0x00000000   Code   RO          458    .ARM.Collect$$libinit$$00000013  c_w.l(libinit2.o)
    0x000002ba   0x000002ba   0x00000000   Code   RO          460    .ARM.Collect$$libinit$$00000015  c_w.l(libinit2.o)
    0x000002ba   0x000002ba   0x00000000   Code   RO          462    .ARM.Collect$$libinit$$00000017  c_w.l(libinit2.o)
    0x000002ba   0x000002ba   0x00000000   Code   RO          464    .ARM.Collect$$libinit$$00000019  c_w.l(libinit2.o)
    0x000002ba   0x000002ba   0x00000000   Code   RO          466    .ARM.Collect$$libinit$$0000001B  c_w.l(libinit2.o)
    0x000002ba   0x000002ba   0x00000000   Code   RO          468    .ARM.Collect$$libinit$$0000001D  c_w.l(libinit2.o)
    0x000002ba   0x000002ba   0x00000000   Code   RO          470    .ARM.Collect$$libinit$$0000001F  c_w.l(libinit2.o)
    0x000002ba   0x000002ba   0x00000000   Code   RO          472    .ARM.Collect$$libinit$$00000021  c_w.l(libinit2.o)
    0x000002ba   0x000002ba   0x00000000   Code   RO          474    .ARM.Collect$$libinit$$00000023  c_w.l(libinit2.o)
    0x000002ba   0x000002ba   0x00000000   Code   RO          476    .ARM.Collect$$libinit$$00000025  c_w.l(libinit2.o)
    0x000002ba   0x000002ba   0x00000000   Code   RO          480    .ARM.Collect$$libinit$$0000002C  c_w.l(libinit2.o)
    0x000002ba   0x000002ba   0x00000000   Code   RO          482    .ARM.Collect$$libinit$$0000002E  c_w.l(libinit2.o)
    0x000002ba   0x000002ba   0x00000000   Code   RO          484    .ARM.Collect$$libinit$$00000030  c_w.l(libinit2.o)
    0x000002ba   0x000002ba   0x00000000   Code   RO          486    .ARM.Collect$$libinit$$00000032  c_w.l(libinit2.o)
    0x000002ba   0x000002ba   0x00000002   Code   RO          487    .ARM.Collect$$libinit$$00000033  c_w.l(libinit2.o)
    0x000002bc   0x000002bc   0x00000002   Code   RO          507    .ARM.Collect$$libshutdown$$00000000  c_w.l(libshutdown.o)
    0x000002be   0x000002be   0x00000000   Code   RO          520    .ARM.Collect$$libshutdown$$00000002  c_w.l(libshutdown2.o)
    0x000002be   0x000002be   0x00000000   Code   RO          522    .ARM.Collect$$libshutdown$$00000004  c_w.l(libshutdown2.o)
    0x000002be   0x000002be   0x00000000   Code   RO          525    .ARM.Collect$$libshutdown$$00000007  c_w.l(libshutdown2.o)
    0x000002be   0x000002be   0x00000000   Code   RO          528    .ARM.Collect$$libshutdown$$0000000A  c_w.l(libshutdown2.o)
    0x000002be   0x000002be   0x00000000   Code   RO          530    .ARM.Collect$$libshutdown$$0000000C  c_w.l(libshutdown2.o)
    0x000002be   0x000002be   0x00000000   Code   RO          533    .ARM.Collect$$libshutdown$$0000000F  c_w.l(libshutdown2.o)
    0x000002be   0x000002be   0x00000002   Code   RO          534    .ARM.Collect$$libshutdown$$00000010  c_w.l(libshutdown2.o)
    0x000002c0   0x000002c0   0x00000000   Code   RO          342    .ARM.Collect$$rtentry$$00000000  c_w.l(__rtentry.o)
    0x000002c0   0x000002c0   0x00000000   Code   RO          385    .ARM.Collect$$rtentry$$00000002  c_w.l(__rtentry2.o)
    0x000002c0   0x000002c0   0x00000006   Code   RO          397    .ARM.Collect$$rtentry$$00000004  c_w.l(__rtentry4.o)
    0x000002c6   0x000002c6   0x00000000   Code   RO          387    .ARM.Collect$$rtentry$$00000009  c_w.l(__rtentry2.o)
    0x000002c6   0x000002c6   0x00000004   Code   RO          388    .ARM.Collect$$rtentry$$0000000A  c_w.l(__rtentry2.o)
    0x000002ca   0x000002ca   0x00000000   Code   RO          390    .ARM.Collect$$rtentry$$0000000C  c_w.l(__rtentry2.o)
    0x000002ca   0x000002ca   0x00000008   Code   RO          391    .ARM.Collect$$rtentry$$0000000D  c_w.l(__rtentry2.o)
    0x000002d2   0x000002d2   0x00000002   Code   RO          441    .ARM.Collect$$rtexit$$00000000  c_w.l(rtexit.o)
    0x000002d4   0x000002d4   0x00000000   Code   RO          489    .ARM.Collect$$rtexit$$00000002  c_w.l(rtexit2.o)
    0x000002d4   0x000002d4   0x00000004   Code   RO          490    .ARM.Collect$$rtexit$$00000003  c_w.l(rtexit2.o)
    0x000002d8   0x000002d8   0x00000006   Code   RO          491    .ARM.Collect$$rtexit$$00000004  c_w.l(rtexit2.o)
    0x000002de   0x000002de   0x00000002   PAD
    0x000002e0   0x000002e0   0x00000164   Code   RO            1    .text               dft.o
    0x00000444   0x00000444   0x0000016c   Code   RO          135    .text               gpio.o
    0x000005b0   0x000005b0   0x000002bc   Code   RO          195    .text               i2s.o
    0x0000086c   0x0000086c   0x0000024c   Code   RO          225    .text               dstc.o
    0x00000ab8   0x00000ab8   0x0000004c   Code   RO          259    .text               startup_s6e2cc.o
    0x00000b04   0x00000b04   0x00000134   Code   RO          266    .text               system_s6e2cc.o
    0x00000c38   0x00000c38   0x00000006   Code   RO          302    .text               c_w.l(heapauxi.o)
    0x00000c3e   0x00000c3e   0x00000016   Code   RO          343    .text               c_w.l(_rserrno.o)
    0x00000c54   0x00000c54   0x00000008   Code   RO          402    .text               c_w.l(rt_errno_addr_intlibspace.o)
    0x00000c5c   0x00000c5c   0x00000008   Code   RO          428    .text               c_w.l(libspace.o)
    0x00000c64   0x00000c64   0x0000004a   Code   RO          431    .text               c_w.l(sys_stackheap_outer.o)
    0x00000cae   0x00000cae   0x00000012   Code   RO          433    .text               c_w.l(exit.o)
    0x00000cc0   0x00000cc0   0x0000000c   Code   RO          499    .text               c_w.l(sys_exit.o)
    0x00000ccc   0x00000ccc   0x00000002   Code   RO          510    .text               c_w.l(use_no_semi.o)
    0x00000cce   0x00000cce   0x00000000   Code   RO          512    .text               c_w.l(indicate_semi.o)
    0x00000cce   0x00000cce   0x00000030   Code   RO          424    i.__ARM_fpclassify  m_wm.l(fpclassify.o)
    0x00000cfe   0x00000cfe   0x00000002   PAD
    0x00000d00   0x00000d00   0x000000c8   Code   RO          318    i.__hardfp_cos      m_wm.l(cos.o)
    0x00000dc8   0x00000dc8   0x000000c8   Code   RO          330    i.__hardfp_sin      m_wm.l(sin.o)
    0x00000e90   0x00000e90   0x00000438   Code   RO          373    i.__ieee754_rem_pio2  m_wm.l(rred.o)
    0x000012c8   0x000012c8   0x00000170   Code   RO          356    i.__kernel_cos      m_wm.l(cos_i.o)
    0x00001438   0x00001438   0x000000f8   Code   RO          426    i.__kernel_poly     m_wm.l(poly.o)
    0x00001530   0x00001530   0x00000130   Code   RO          378    i.__kernel_sin      m_wm.l(sin_i.o)
    0x00001660   0x00001660   0x00000014   Code   RO          360    i.__mathlib_dbl_infnan  m_wm.l(dunder.o)
    0x00001674   0x00001674   0x00000004   PAD
    0x00001678   0x00001678   0x00000020   Code   RO          362    i.__mathlib_dbl_invalid  m_wm.l(dunder.o)
    0x00001698   0x00001698   0x00000020   Code   RO          365    i.__mathlib_dbl_underflow  m_wm.l(dunder.o)
    0x000016b8   0x000016b8   0x00000018   Code   RO          420    i.fabs              m_wm.l(fabs.o)
    0x000016d0   0x000016d0   0x00000018   Code   RO          345    x$fpl$basic         fz_wm.l(basic.o)
    0x000016e8   0x000016e8   0x00000062   Code   RO          306    x$fpl$d2f           fz_wm.l(d2f.o)
    0x0000174a   0x0000174a   0x00000002   PAD
    0x0000174c   0x0000174c   0x00000150   Code   RO          308    x$fpl$dadd          fz_wm.l(daddsub_clz.o)
    0x0000189c   0x0000189c   0x000002b0   Code   RO          405    x$fpl$ddiv          fz_wm.l(ddiv.o)
    0x00001b4c   0x00001b4c   0x0000005e   Code   RO          408    x$fpl$dfix          fz_wm.l(dfix.o)
    0x00001baa   0x00001baa   0x0000002e   Code   RO          413    x$fpl$dflt          fz_wm.l(dflt_clz.o)
    0x00001bd8   0x00001bd8   0x00000026   Code   RO          412    x$fpl$dfltu         fz_wm.l(dflt_clz.o)
    0x00001bfe   0x00001bfe   0x00000002   PAD
    0x00001c00   0x00001c00   0x00000154   Code   RO          314    x$fpl$dmul          fz_wm.l(dmul.o)
    0x00001d54   0x00001d54   0x0000009c   Code   RO          347    x$fpl$dnaninf       fz_wm.l(dnaninf.o)
    0x00001df0   0x00001df0   0x0000000c   Code   RO          349    x$fpl$dretinf       fz_wm.l(dretinf.o)
    0x00001dfc   0x00001dfc   0x00000016   Code   RO          309    x$fpl$drsb          fz_wm.l(daddsub_clz.o)
    0x00001e12   0x00001e12   0x00000002   PAD
    0x00001e14   0x00001e14   0x000001d4   Code   RO          310    x$fpl$dsub          fz_wm.l(daddsub_clz.o)
    0x00001fe8   0x00001fe8   0x00000056   Code   RO          316    x$fpl$f2d           fz_wm.l(f2d.o)
    0x0000203e   0x0000203e   0x0000008c   Code   RO          351    x$fpl$fnaninf       fz_wm.l(fnaninf.o)
    0x000020ca   0x000020ca   0x0000000a   Code   RO          497    x$fpl$fpinit        fz_wm.l(fpinit.o)
    0x000020d4   0x000020d4   0x0000000a   Code   RO          353    x$fpl$fretinf       fz_wm.l(fretinf.o)
    0x000020de   0x000020de   0x00000000   Code   RO          355    x$fpl$usenofp       fz_wm.l(usenofp.o)
    0x000020de   0x000020de   0x00000002   PAD
    0x000020e0   0x000020e0   0x00000030   Data   RO          357    .constdata          m_wm.l(cos_i.o)
    0x00002110   0x00002110   0x000000c8   Data   RO          375    .constdata          m_wm.l(rred.o)
    0x000021d8   0x000021d8   0x00000028   Data   RO          379    .constdata          m_wm.l(sin_i.o)
    0x00002200   0x00002200   0x00000020   Data   RO          565    Region$$Table       anon$$obj.o


    Execution Region RW_IRAM1 (Exec base: 0x1ffd0000, Load base: 0x00002220, Size: 0x00000728, Max: 0x00030000, ABSOLUTE)

    Exec Addr    Load Addr    Size         Type   Attr      Idx    E Section Name        Object

    0x1ffd0000   0x00002220   0x00000004   Data   RW          196    .data               i2s.o
    0x1ffd0004   0x00002224   0x00000004   Data   RW          227    .data               dstc.o
    0x1ffd0008   0x00002228   0x00000008   Data   RW          267    .data               system_s6e2cc.o
    0x1ffd0010        -       0x00000080   Zero   RW            2    .bss                dft.o
    0x1ffd0090        -       0x00000438   Zero   RW          226    .bss                dstc.o
    0x1ffd04c8        -       0x00000060   Zero   RW          429    .bss                c_w.l(libspace.o)
    0x1ffd0528        -       0x00000000   Zero   RW          257    HEAP                startup_s6e2cc.o
    0x1ffd0528        -       0x00000200   Zero   RW          256    STACK               startup_s6e2cc.o


==============================================================================

Image component sizes


      Code (inc. data)   RO Data    RW Data    ZI Data      Debug   Object Name

         0          0          0          0          0    1728872   audio.o
       356         22          0          0        128       3143   dft.o
       588         38          0          4       1080       5038   dstc.o
       364         40          0          0          0       7101   gpio.o
       700         40          0          4          0      33696   i2s.o
        76         26        576          0        512        896   startup_s6e2cc.o
       308         52          0          8          0       1317   system_s6e2cc.o

    ----------------------------------------------------------------------
      2392        218        608         16       1720    1780063   Object Totals
         0          0         32          0          0          0   (incl. Generated)
         0          0          0          0          0          0   (incl. Padding)

    ----------------------------------------------------------------------

      Code (inc. data)   RO Data    RW Data    ZI Data      Debug   Library Member Name

         8          0          0          0          0         68   __main.o
         0          0          0          0          0          0   __rtentry.o
        12          0          0          0          0          0   __rtentry2.o
         6          0          0          0          0          0   __rtentry4.o
        52          8          0          0          0          0   __scatter.o
        26          0          0          0          0          0   __scatter_copy.o
        28          0          0          0          0          0   __scatter_zi.o
        22          0          0          0          0        100   _rserrno.o
        18          0          0          0          0         80   exit.o
         6          0          0          0          0        152   heapauxi.o
         0          0          0          0          0          0   indicate_semi.o
         2          0          0          0          0          0   libinit.o
         6          0          0          0          0          0   libinit2.o
         2          0          0          0          0          0   libshutdown.o
         2          0          0          0          0          0   libshutdown2.o
         8          4          0          0         96         68   libspace.o
         8          4          0          0          0         68   rt_errno_addr_intlibspace.o
         2          0          0          0          0          0   rtexit.o
        10          0          0          0          0          0   rtexit2.o
        12          4          0          0          0         68   sys_exit.o
        74          0          0          0          0         80   sys_stackheap_outer.o
         2          0          0          0          0         68   use_no_semi.o
        24          0          0          0          0        164   basic.o
        98          4          0          0          0        140   d2f.o
       826         16          0          0          0        492   daddsub_clz.o
       688        140          0          0          0        256   ddiv.o
        94          4          0          0          0        140   dfix.o
        84          0          0          0          0        232   dflt_clz.o
       340         12          0          0          0        152   dmul.o
       156          4          0          0          0        140   dnaninf.o
        12          0          0          0          0        116   dretinf.o
        86          4          0          0          0        132   f2d.o
       140          4          0          0          0        132   fnaninf.o
        10          0          0          0          0        116   fpinit.o
        10          0          0          0          0        116   fretinf.o
         0          0          0          0          0          0   usenofp.o
       200         20          0          0          0        164   cos.o
       368         46         48          0          0        200   cos_i.o
        84         16          0          0          0        372   dunder.o
        24          0          0          0          0        124   fabs.o
        48          0          0          0          0        124   fpclassify.o
       248          0          0          0          0        152   poly.o
      1080        142        200          0          0        188   rred.o
       200         20          0          0          0        164   sin.o
       304         24         40          0          0        208   sin_i.o

    ----------------------------------------------------------------------
      5448        476        288          0         96       4776   Library Totals
        18          0          0          0          0          0   (incl. Padding)

    ----------------------------------------------------------------------

      Code (inc. data)   RO Data    RW Data    ZI Data      Debug   Library Name

       306         20          0          0         96        752   c_w.l
      2568        188          0          0          0       2328   fz_wm.l
      2556        268        288          0          0       1696   m_wm.l

    ----------------------------------------------------------------------
      5448        476        288          0         96       4776   Library Totals

    ----------------------------------------------------------------------

==============================================================================


      Code (inc. data)   RO Data    RW Data    ZI Data      Debug   

      7840        694        896         16       1816    1780979   Grand Totals
      7840        694        896         16       1816    1780979   ELF Image Totals
      7840        694        896         16          0          0   ROM Totals

==============================================================================

    Total RO  Size (Code + RO Data)                 8736 (   8.53kB)
    Total RW  Size (RW Data + ZI Data)              1832 (   1.79kB)
    Total ROM Size (Code + RO Data + RW Data)       8752 (   8.55kB)

==============================================================================

