Component: ARM Compiler 5.06 update 6 (build 750) Tool: armlink [4d35ed]

==============================================================================

Section Cross References

    fir_intr.o(.text) refers to i2s.o(.text) for i2s_rx
    fir_intr.o(.text) refers to gpio.o(.text) for gpio_set
    fir_intr.o(.text) refers to audio.o(.text) for audio_init
    fir_intr.o(.text) refers to fir_intr.o(.data) for .data
    fir_intr.o(.text) refers to fir_intr.o(.bss) for .bss
    audio.o(.text) refers to gpio.o(.text) for gpio_set_mode
    audio.o(.text) refers to delay.o(.text) for delay_ms
    audio.o(.text) refers to i2c.o(.text) for i2c_write
    audio.o(.text) refers to i2s.o(.text) for i2s_init
    audio.o(.text) refers to dstc.o(.text) for dstc_init
    audio.o(.text) refers to audio.o(.data) for .data
    delay.o(.text) refers to delay.o(.emb_text) for delay_cycles
    i2c.o(.text) refers to delay.o(.text) for delay_us
    i2s.o(.text) refers to i2s.o(.data) for .data
    dstc.o(.text) refers to dstc.o(.bss) for .bss
    dstc.o(.text) refers to dstc.o(.data) for .data
    startup_s6e2cc.o(STACK) refers (Special) to heapauxi.o(.text) for __use_two_region_memory
    startup_s6e2cc.o(HEAP) refers (Special) to heapauxi.o(.text) for __use_two_region_memory
    startup_s6e2cc.o(RESET) refers (Special) to heapauxi.o(.text) for __use_two_region_memory
    startup_s6e2cc.o(RESET) refers to startup_s6e2cc.o(STACK) for __initial_sp
    startup_s6e2cc.o(RESET) refers to startup_s6e2cc.o(.text) for Reset_Handler
    startup_s6e2cc.o(RESET) refers to dstc.o(.text) for DSTC_COMP_IRQHandler
    startup_s6e2cc.o(RESET) refers to i2s.o(.text) for PRGCRC_I2S_IRQHandler
    startup_s6e2cc.o(.text) refers (Special) to heapauxi.o(.text) for __use_two_region_memory
    startup_s6e2cc.o(.text) refers to system_s6e2cc.o(.text) for SystemInit
    startup_s6e2cc.o(.text) refers to __main.o(!!!main) for __main
    startup_s6e2cc.o(.text) refers to startup_s6e2cc.o(HEAP) for Heap_Mem
    startup_s6e2cc.o(.text) refers to startup_s6e2cc.o(STACK) for Stack_Mem
    system_s6e2cc.o(.text) refers to system_s6e2cc.o(.data) for .data
    __main.o(!!!main) refers to __rtentry.o(.ARM.Collect$$rtentry$$00000000) for __rt_entry
    __rtentry.o(.ARM.Collect$$rtentry$$00000000) refers (Special) to __rtentry2.o(.ARM.Collect$$rtentry$$0000000A) for __rt_entry_li
    __rtentry.o(.ARM.Collect$$rtentry$$00000000) refers (Special) to __rtentry2.o(.ARM.Collect$$rtentry$$0000000D) for __rt_entry_main
    __rtentry.o(.ARM.Collect$$rtentry$$00000000) refers (Special) to __rtentry2.o(.ARM.Collect$$rtentry$$0000000C) for __rt_entry_postli_1
    __rtentry.o(.ARM.Collect$$rtentry$$00000000) refers (Special) to __rtentry2.o(.ARM.Collect$$rtentry$$00000009) for __rt_entry_postsh_1
    __rtentry.o(.ARM.Collect$$rtentry$$00000000) refers (Special) to __rtentry2.o(.ARM.Collect$$rtentry$$00000002) for __rt_entry_presh_1
    __rtentry.o(.ARM.Collect$$rtentry$$00000000) refers (Special) to __rtentry4.o(.ARM.Collect$$rtentry$$00000004) for __rt_entry_sh
    __rtentry2.o(.ARM.Collect$$rtentry$$00000008) refers to boardinit2.o(.text) for _platform_post_stackheap_init
    __rtentry2.o(.ARM.Collect$$rtentry$$0000000A) refers to libinit.o(.ARM.Collect$$libinit$$00000000) for __rt_lib_init
    __rtentry2.o(.ARM.Collect$$rtentry$$0000000B) refers to boardinit3.o(.text) for _platform_post_lib_init
    __rtentry2.o(.ARM.Collect$$rtentry$$0000000D) refers to fir_intr.o(.text) for main
    __rtentry2.o(.ARM.Collect$$rtentry$$0000000D) refers to exit.o(.text) for exit
    __rtentry2.o(.ARM.exidx) refers to __rtentry2.o(.ARM.Collect$$rtentry$$00000001) for .ARM.Collect$$rtentry$$00000001
    __rtentry2.o(.ARM.exidx) refers to __rtentry2.o(.ARM.Collect$$rtentry$$00000008) for .ARM.Collect$$rtentry$$00000008
    __rtentry2.o(.ARM.exidx) refers to __rtentry2.o(.ARM.Collect$$rtentry$$0000000A) for .ARM.Collect$$rtentry$$0000000A
    __rtentry2.o(.ARM.exidx) refers to __rtentry2.o(.ARM.Collect$$rtentry$$0000000B) for .ARM.Collect$$rtentry$$0000000B
    __rtentry2.o(.ARM.exidx) refers to __rtentry2.o(.ARM.Collect$$rtentry$$0000000D) for .ARM.Collect$$rtentry$$0000000D
    __rtentry4.o(.ARM.Collect$$rtentry$$00000004) refers to sys_stackheap_outer.o(.text) for __user_setup_stackheap
    __rtentry4.o(.ARM.exidx) refers to __rtentry4.o(.ARM.Collect$$rtentry$$00000004) for .ARM.Collect$$rtentry$$00000004
    sys_stackheap_outer.o(.text) refers to libspace.o(.text) for __user_perproc_libspace
    sys_stackheap_outer.o(.text) refers to startup_s6e2cc.o(.text) for __user_initial_stackheap
    exit.o(.text) refers to rtexit.o(.ARM.Collect$$rtexit$$00000000) for __rt_exit
    libinit.o(.ARM.Collect$$libinit$$00000000) refers (Special) to libinit2.o(.ARM.Collect$$libinit$$0000002E) for __rt_lib_init_alloca_1
    libinit.o(.ARM.Collect$$libinit$$00000000) refers (Special) to libinit2.o(.ARM.Collect$$libinit$$0000002C) for __rt_lib_init_argv_1
    libinit.o(.ARM.Collect$$libinit$$00000000) refers (Special) to libinit2.o(.ARM.Collect$$libinit$$0000001B) for __rt_lib_init_atexit_1
    libinit.o(.ARM.Collect$$libinit$$00000000) refers (Special) to libinit2.o(.ARM.Collect$$libinit$$00000021) for __rt_lib_init_clock_1
    libinit.o(.ARM.Collect$$libinit$$00000000) refers (Special) to libinit2.o(.ARM.Collect$$libinit$$00000032) for __rt_lib_init_cpp_1
    libinit.o(.ARM.Collect$$libinit$$00000000) refers (Special) to libinit2.o(.ARM.Collect$$libinit$$00000030) for __rt_lib_init_exceptions_1
    libinit.o(.ARM.Collect$$libinit$$00000000) refers (Special) to libinit2.o(.ARM.Collect$$libinit$$00000001) for __rt_lib_init_fp_1
    libinit.o(.ARM.Collect$$libinit$$00000000) refers (Special) to libinit2.o(.ARM.Collect$$libinit$$0000001F) for __rt_lib_init_fp_trap_1
    libinit.o(.ARM.Collect$$libinit$$00000000) refers (Special) to libinit2.o(.ARM.Collect$$libinit$$00000023) for __rt_lib_init_getenv_1
    libinit.o(.ARM.Collect$$libinit$$00000000) refers (Special) to libinit2.o(.ARM.Collect$$libinit$$0000000A) for __rt_lib_init_heap_1
    libinit.o(.ARM.Collect$$libinit$$00000000) refers (Special) to libinit2.o(.ARM.Collect$$libinit$$00000011) for __rt_lib_init_lc_collate_1
    libinit.o(.ARM.Collect$$libinit$$00000000) refers (Special) to libinit2.o(.ARM.Collect$$libinit$$00000013) for __rt_lib_init_lc_ctype_1
    libinit.o(.ARM.Collect$$libinit$$00000000) refers (Special) to libinit2.o(.ARM.Collect$$libinit$$00000015) for __rt_lib_init_lc_monetary_1
    libinit.o(.ARM.Collect$$libinit$$00000000) refers (Special) to libinit2.o(.ARM.Collect$$libinit$$00000017) for __rt_lib_init_lc_numeric_1
    libinit.o(.ARM.Collect$$libinit$$00000000) refers (Special) to libinit2.o(.ARM.Collect$$libinit$$00000019) for __rt_lib_init_lc_time_1
    libinit.o(.ARM.Collect$$libinit$$00000000) refers (Special) to libinit2.o(.ARM.Collect$$libinit$$00000004) for __rt_lib_init_preinit_1
    libinit.o(.ARM.Collect$$libinit$$00000000) refers (Special) to libinit2.o(.ARM.Collect$$libinit$$0000000E) for __rt_lib_init_rand_1
    libinit.o(.ARM.Collect$$libinit$$00000000) refers (Special) to libinit2.o(.ARM.Collect$$libinit$$00000033) for __rt_lib_init_return
    libinit.o(.ARM.Collect$$libinit$$00000000) refers (Special) to libinit2.o(.ARM.Collect$$libinit$$0000001D) for __rt_lib_init_signal_1
    libinit.o(.ARM.Collect$$libinit$$00000000) refers (Special) to libinit2.o(.ARM.Collect$$libinit$$00000025) for __rt_lib_init_stdio_1
    libinit.o(.ARM.Collect$$libinit$$00000000) refers (Special) to libinit2.o(.ARM.Collect$$libinit$$0000000C) for __rt_lib_init_user_alloc_1
    libspace.o(.text) refers to libspace.o(.bss) for __libspace_start
    rtexit.o(.ARM.Collect$$rtexit$$00000000) refers (Special) to rtexit2.o(.ARM.Collect$$rtexit$$00000004) for __rt_exit_exit
    rtexit.o(.ARM.Collect$$rtexit$$00000000) refers (Special) to rtexit2.o(.ARM.Collect$$rtexit$$00000003) for __rt_exit_ls
    rtexit.o(.ARM.Collect$$rtexit$$00000000) refers (Special) to rtexit2.o(.ARM.Collect$$rtexit$$00000002) for __rt_exit_prels_1
    rtexit.o(.ARM.exidx) refers (Special) to rtexit2.o(.ARM.Collect$$rtexit$$00000004) for __rt_exit_exit
    rtexit.o(.ARM.exidx) refers (Special) to rtexit2.o(.ARM.Collect$$rtexit$$00000003) for __rt_exit_ls
    rtexit.o(.ARM.exidx) refers (Special) to rtexit2.o(.ARM.Collect$$rtexit$$00000002) for __rt_exit_prels_1
    rtexit.o(.ARM.exidx) refers to rtexit.o(.ARM.Collect$$rtexit$$00000000) for .ARM.Collect$$rtexit$$00000000
    libinit2.o(.ARM.Collect$$libinit$$00000001) refers to fpinit.o(x$fpl$fpinit) for _fp_init
    libinit2.o(.ARM.Collect$$libinit$$00000010) refers to libinit2.o(.ARM.Collect$$libinit$$0000000F) for .ARM.Collect$$libinit$$0000000F
    libinit2.o(.ARM.Collect$$libinit$$00000012) refers to libinit2.o(.ARM.Collect$$libinit$$0000000F) for .ARM.Collect$$libinit$$0000000F
    libinit2.o(.ARM.Collect$$libinit$$00000014) refers to libinit2.o(.ARM.Collect$$libinit$$0000000F) for .ARM.Collect$$libinit$$0000000F
    libinit2.o(.ARM.Collect$$libinit$$00000016) refers to libinit2.o(.ARM.Collect$$libinit$$0000000F) for .ARM.Collect$$libinit$$0000000F
    libinit2.o(.ARM.Collect$$libinit$$00000018) refers to libinit2.o(.ARM.Collect$$libinit$$0000000F) for .ARM.Collect$$libinit$$0000000F
    libinit2.o(.ARM.Collect$$libinit$$00000026) refers to argv_veneer.o(.emb_text) for __ARM_argv_veneer
    libinit2.o(.ARM.Collect$$libinit$$00000027) refers to argv_veneer.o(.emb_text) for __ARM_argv_veneer
    rtexit2.o(.ARM.Collect$$rtexit$$00000003) refers to libshutdown.o(.ARM.Collect$$libshutdown$$00000000) for __rt_lib_shutdown
    rtexit2.o(.ARM.Collect$$rtexit$$00000004) refers to sys_exit.o(.text) for _sys_exit
    rtexit2.o(.ARM.exidx) refers to rtexit2.o(.ARM.Collect$$rtexit$$00000001) for .ARM.Collect$$rtexit$$00000001
    rtexit2.o(.ARM.exidx) refers to rtexit2.o(.ARM.Collect$$rtexit$$00000003) for .ARM.Collect$$rtexit$$00000003
    rtexit2.o(.ARM.exidx) refers to rtexit2.o(.ARM.Collect$$rtexit$$00000004) for .ARM.Collect$$rtexit$$00000004
    argv_veneer.o(.emb_text) refers to no_argv.o(.text) for __ARM_get_argv
    sys_exit.o(.text) refers (Special) to use_no_semi.o(.text) for __I$use$semihosting
    sys_exit.o(.text) refers (Special) to indicate_semi.o(.text) for __semihosting_library_function
    _get_argv_nomalloc.o(.text) refers (Special) to hrguard.o(.text) for __heap_region$guard
    _get_argv_nomalloc.o(.text) refers to defsig_rtmem_outer.o(.text) for __rt_SIGRTMEM
    _get_argv_nomalloc.o(.text) refers to sys_command.o(.text) for _sys_command_string
    libshutdown.o(.ARM.Collect$$libshutdown$$00000000) refers (Special) to libshutdown2.o(.ARM.Collect$$libshutdown$$00000002) for __rt_lib_shutdown_cpp_1
    libshutdown.o(.ARM.Collect$$libshutdown$$00000000) refers (Special) to libshutdown2.o(.ARM.Collect$$libshutdown$$00000007) for __rt_lib_shutdown_fp_trap_1
    libshutdown.o(.ARM.Collect$$libshutdown$$00000000) refers (Special) to libshutdown2.o(.ARM.Collect$$libshutdown$$0000000F) for __rt_lib_shutdown_heap_1
    libshutdown.o(.ARM.Collect$$libshutdown$$00000000) refers (Special) to libshutdown2.o(.ARM.Collect$$libshutdown$$00000010) for __rt_lib_shutdown_return
    libshutdown.o(.ARM.Collect$$libshutdown$$00000000) refers (Special) to libshutdown2.o(.ARM.Collect$$libshutdown$$0000000A) for __rt_lib_shutdown_signal_1
    libshutdown.o(.ARM.Collect$$libshutdown$$00000000) refers (Special) to libshutdown2.o(.ARM.Collect$$libshutdown$$00000004) for __rt_lib_shutdown_stdio_1
    libshutdown.o(.ARM.Collect$$libshutdown$$00000000) refers (Special) to libshutdown2.o(.ARM.Collect$$libshutdown$$0000000C) for __rt_lib_shutdown_user_alloc_1
    sys_command.o(.text) refers (Special) to use_no_semi.o(.text) for __I$use$semihosting
    sys_command.o(.text) refers (Special) to indicate_semi.o(.text) for __semihosting_library_function
    defsig_rtmem_outer.o(.text) refers to defsig_rtmem_inner.o(.text) for __rt_SIGRTMEM_inner
    defsig_rtmem_outer.o(.text) refers to defsig_exit.o(.text) for __sig_exit
    defsig_rtmem_formal.o(.text) refers to rt_raise.o(.text) for __rt_raise
    rt_raise.o(.text) refers to __raise.o(.text) for __raise
    rt_raise.o(.text) refers to sys_exit.o(.text) for _sys_exit
    defsig_exit.o(.text) refers to sys_exit.o(.text) for _sys_exit
    defsig_rtmem_inner.o(.text) refers to defsig_general.o(.text) for __default_signal_display
    __raise.o(.text) refers to defsig.o(CL$$defsig) for __default_signal_handler
    defsig_general.o(.text) refers to sys_wrch.o(.text) for _ttywrch
    sys_wrch.o(.text) refers (Special) to use_no_semi.o(.text) for __I$use$semihosting
    sys_wrch.o(.text) refers (Special) to indicate_semi.o(.text) for __semihosting_library_function
    defsig.o(CL$$defsig) refers to defsig_rtmem_inner.o(.text) for __rt_SIGRTMEM_inner
    defsig_abrt_inner.o(.text) refers to defsig_general.o(.text) for __default_signal_display
    defsig_fpe_inner.o(.text) refers to defsig_general.o(.text) for __default_signal_display
    defsig_rtred_inner.o(.text) refers to defsig_general.o(.text) for __default_signal_display
    defsig_stak_inner.o(.text) refers to defsig_general.o(.text) for __default_signal_display
    defsig_pvfn_inner.o(.text) refers to defsig_general.o(.text) for __default_signal_display
    defsig_cppl_inner.o(.text) refers to defsig_general.o(.text) for __default_signal_display
    defsig_segv_inner.o(.text) refers to defsig_general.o(.text) for __default_signal_display
    defsig_other.o(.text) refers to defsig_general.o(.text) for __default_signal_display


==============================================================================

Removing Unused input sections from the image.

    Removing fir_intr.o(.rev16_text), (4 bytes).
    Removing fir_intr.o(.revsh_text), (4 bytes).
    Removing fir_intr.o(.rrx_text), (6 bytes).
    Removing fir_intr.o(.data), (2 bytes).
    Removing audio.o(.rev16_text), (4 bytes).
    Removing audio.o(.revsh_text), (4 bytes).
    Removing audio.o(.rrx_text), (6 bytes).
    Removing gpio.o(.rev16_text), (4 bytes).
    Removing gpio.o(.revsh_text), (4 bytes).
    Removing gpio.o(.rrx_text), (6 bytes).
    Removing i2c.o(.rev16_text), (4 bytes).
    Removing i2c.o(.revsh_text), (4 bytes).
    Removing i2c.o(.rrx_text), (6 bytes).
    Removing i2s.o(.rev16_text), (4 bytes).
    Removing i2s.o(.revsh_text), (4 bytes).
    Removing i2s.o(.rrx_text), (6 bytes).
    Removing dstc.o(.rev16_text), (4 bytes).
    Removing dstc.o(.revsh_text), (4 bytes).
    Removing dstc.o(.rrx_text), (6 bytes).
    Removing dstc.o(.data), (4 bytes).
    Removing dstc.o(.data), (4 bytes).
    Removing system_s6e2cc.o(.rev16_text), (4 bytes).
    Removing system_s6e2cc.o(.revsh_text), (4 bytes).
    Removing system_s6e2cc.o(.rrx_text), (6 bytes).

24 unused section(s) (total 108 bytes) removed from the image.

==============================================================================

Image Symbol Table

    Local Symbols

    Symbol Name                              Value     Ov Type        Size  Object(Section)

    RESET                                    0x00000000   Section      576  startup_s6e2cc.o(RESET)
    ../clib/angel/boardlib.s                 0x00000000   Number         0  boardinit1.o ABSOLUTE
    ../clib/angel/boardlib.s                 0x00000000   Number         0  boardinit2.o ABSOLUTE
    ../clib/angel/boardlib.s                 0x00000000   Number         0  boardinit3.o ABSOLUTE
    ../clib/angel/boardlib.s                 0x00000000   Number         0  boardshut.o ABSOLUTE
    ../clib/angel/handlers.s                 0x00000000   Number         0  __scatter_zi.o ABSOLUTE
    ../clib/angel/handlers.s                 0x00000000   Number         0  __scatter_copy.o ABSOLUTE
    ../clib/angel/kernel.s                   0x00000000   Number         0  rtexit2.o ABSOLUTE
    ../clib/angel/kernel.s                   0x00000000   Number         0  __rtentry4.o ABSOLUTE
    ../clib/angel/kernel.s                   0x00000000   Number         0  rtexit.o ABSOLUTE
    ../clib/angel/kernel.s                   0x00000000   Number         0  __rtentry.o ABSOLUTE
    ../clib/angel/kernel.s                   0x00000000   Number         0  __rtentry2.o ABSOLUTE
    ../clib/angel/rt.s                       0x00000000   Number         0  rt_raise.o ABSOLUTE
    ../clib/angel/scatter.s                  0x00000000   Number         0  __scatter.o ABSOLUTE
    ../clib/angel/startup.s                  0x00000000   Number         0  __main.o ABSOLUTE
    ../clib/angel/sys.s                      0x00000000   Number         0  sys_stackheap_outer.o ABSOLUTE
    ../clib/angel/sys.s                      0x00000000   Number         0  use_no_semi.o ABSOLUTE
    ../clib/angel/sys.s                      0x00000000   Number         0  libspace.o ABSOLUTE
    ../clib/angel/sys.s                      0x00000000   Number         0  indicate_semi.o ABSOLUTE
    ../clib/angel/sysapp.c                   0x00000000   Number         0  sys_command.o ABSOLUTE
    ../clib/angel/sysapp.c                   0x00000000   Number         0  sys_wrch.o ABSOLUTE
    ../clib/angel/sysapp.c                   0x00000000   Number         0  sys_exit.o ABSOLUTE
    ../clib/armsys.c                         0x00000000   Number         0  argv_veneer.o ABSOLUTE
    ../clib/armsys.c                         0x00000000   Number         0  argv_veneer.o ABSOLUTE
    ../clib/armsys.c                         0x00000000   Number         0  no_argv.o ABSOLUTE
    ../clib/armsys.c                         0x00000000   Number         0  _get_argv_nomalloc.o ABSOLUTE
    ../clib/heapalloc.c                      0x00000000   Number         0  hrguard.o ABSOLUTE
    ../clib/heapaux.c                        0x00000000   Number         0  heapauxi.o ABSOLUTE
    ../clib/libinit.s                        0x00000000   Number         0  libshutdown.o ABSOLUTE
    ../clib/libinit.s                        0x00000000   Number         0  libinit.o ABSOLUTE
    ../clib/libinit.s                        0x00000000   Number         0  libinit2.o ABSOLUTE
    ../clib/libinit.s                        0x00000000   Number         0  libshutdown2.o ABSOLUTE
    ../clib/signal.c                         0x00000000   Number         0  defsig_stak_inner.o ABSOLUTE
    ../clib/signal.c                         0x00000000   Number         0  defsig_rtred_inner.o ABSOLUTE
    ../clib/signal.c                         0x00000000   Number         0  defsig_fpe_inner.o ABSOLUTE
    ../clib/signal.c                         0x00000000   Number         0  defsig_abrt_inner.o ABSOLUTE
    ../clib/signal.c                         0x00000000   Number         0  defsig_general.o ABSOLUTE
    ../clib/signal.c                         0x00000000   Number         0  __raise.o ABSOLUTE
    ../clib/signal.c                         0x00000000   Number         0  defsig_rtmem_inner.o ABSOLUTE
    ../clib/signal.c                         0x00000000   Number         0  defsig_rtmem_formal.o ABSOLUTE
    ../clib/signal.c                         0x00000000   Number         0  defsig_exit.o ABSOLUTE
    ../clib/signal.c                         0x00000000   Number         0  defsig_other.o ABSOLUTE
    ../clib/signal.c                         0x00000000   Number         0  defsig_segv_inner.o ABSOLUTE
    ../clib/signal.c                         0x00000000   Number         0  defsig_cppl_inner.o ABSOLUTE
    ../clib/signal.c                         0x00000000   Number         0  defsig_pvfn_inner.o ABSOLUTE
    ../clib/signal.c                         0x00000000   Number         0  defsig_rtmem_outer.o ABSOLUTE
    ../clib/signal.s                         0x00000000   Number         0  defsig.o ABSOLUTE
    ../clib/stdlib.c                         0x00000000   Number         0  exit.o ABSOLUTE
    ../fplib/fpinit.s                        0x00000000   Number         0  fpinit.o ABSOLUTE
    RTE\Device\S6E2CCAJ0A\startup_s6e2cc.s   0x00000000   Number         0  startup_s6e2cc.o ABSOLUTE
    RTE\Device\S6E2CCAJ0A\system_s6e2cc.c    0x00000000   Number         0  system_s6e2cc.o ABSOLUTE
    RTE\\Device\\S6E2CCAJ0A\\system_s6e2cc.c 0x00000000   Number         0  system_s6e2cc.o ABSOLUTE
    dc.s                                     0x00000000   Number         0  dc.o ABSOLUTE
    drivers\\audio.c                         0x00000000   Number         0  audio.o ABSOLUTE
    drivers\\delay.c                         0x00000000   Number         0  delay.o ABSOLUTE
    drivers\\dstc.c                          0x00000000   Number         0  dstc.o ABSOLUTE
    drivers\\gpio.c                          0x00000000   Number         0  gpio.o ABSOLUTE
    drivers\\i2c.c                           0x00000000   Number         0  i2c.o ABSOLUTE
    drivers\\i2s.c                           0x00000000   Number         0  i2s.o ABSOLUTE
    drivers\audio.c                          0x00000000   Number         0  audio.o ABSOLUTE
    drivers\delay.c                          0x00000000   Number         0  delay.o ABSOLUTE
    drivers\dstc.c                           0x00000000   Number         0  dstc.o ABSOLUTE
    drivers\gpio.c                           0x00000000   Number         0  gpio.o ABSOLUTE
    drivers\i2c.c                            0x00000000   Number         0  i2c.o ABSOLUTE
    drivers\i2s.c                            0x00000000   Number         0  i2s.o ABSOLUTE
    src\\fir_intr.c                          0x00000000   Number         0  fir_intr.o ABSOLUTE
    src\fir_intr.c                           0x00000000   Number         0  fir_intr.o ABSOLUTE
    !!!main                                  0x00000240   Section        8  __main.o(!!!main)
    !!!scatter                               0x00000248   Section       52  __scatter.o(!!!scatter)
    !!handler_copy                           0x0000027c   Section       26  __scatter_copy.o(!!handler_copy)
    !!handler_zi                             0x00000298   Section       28  __scatter_zi.o(!!handler_zi)
    .ARM.Collect$$libinit$$00000000          0x000002b4   Section        2  libinit.o(.ARM.Collect$$libinit$$00000000)
    .ARM.Collect$$libinit$$00000001          0x000002b6   Section        4  libinit2.o(.ARM.Collect$$libinit$$00000001)
    .ARM.Collect$$libinit$$00000004          0x000002ba   Section        0  libinit2.o(.ARM.Collect$$libinit$$00000004)
    .ARM.Collect$$libinit$$0000000A          0x000002ba   Section        0  libinit2.o(.ARM.Collect$$libinit$$0000000A)
    .ARM.Collect$$libinit$$0000000C          0x000002ba   Section        0  libinit2.o(.ARM.Collect$$libinit$$0000000C)
    .ARM.Collect$$libinit$$0000000E          0x000002ba   Section        0  libinit2.o(.ARM.Collect$$libinit$$0000000E)
    .ARM.Collect$$libinit$$00000011          0x000002ba   Section        0  libinit2.o(.ARM.Collect$$libinit$$00000011)
    .ARM.Collect$$libinit$$00000013          0x000002ba   Section        0  libinit2.o(.ARM.Collect$$libinit$$00000013)
    .ARM.Collect$$libinit$$00000015          0x000002ba   Section        0  libinit2.o(.ARM.Collect$$libinit$$00000015)
    .ARM.Collect$$libinit$$00000017          0x000002ba   Section        0  libinit2.o(.ARM.Collect$$libinit$$00000017)
    .ARM.Collect$$libinit$$00000019          0x000002ba   Section        0  libinit2.o(.ARM.Collect$$libinit$$00000019)
    .ARM.Collect$$libinit$$0000001B          0x000002ba   Section        0  libinit2.o(.ARM.Collect$$libinit$$0000001B)
    .ARM.Collect$$libinit$$0000001D          0x000002ba   Section        0  libinit2.o(.ARM.Collect$$libinit$$0000001D)
    .ARM.Collect$$libinit$$0000001F          0x000002ba   Section        0  libinit2.o(.ARM.Collect$$libinit$$0000001F)
    .ARM.Collect$$libinit$$00000021          0x000002ba   Section        0  libinit2.o(.ARM.Collect$$libinit$$00000021)
    .ARM.Collect$$libinit$$00000023          0x000002ba   Section        0  libinit2.o(.ARM.Collect$$libinit$$00000023)
    .ARM.Collect$$libinit$$00000025          0x000002ba   Section        0  libinit2.o(.ARM.Collect$$libinit$$00000025)
    .ARM.Collect$$libinit$$0000002C          0x000002ba   Section        0  libinit2.o(.ARM.Collect$$libinit$$0000002C)
    .ARM.Collect$$libinit$$0000002E          0x000002ba   Section        0  libinit2.o(.ARM.Collect$$libinit$$0000002E)
    .ARM.Collect$$libinit$$00000030          0x000002ba   Section        0  libinit2.o(.ARM.Collect$$libinit$$00000030)
    .ARM.Collect$$libinit$$00000032          0x000002ba   Section        0  libinit2.o(.ARM.Collect$$libinit$$00000032)
    .ARM.Collect$$libinit$$00000033          0x000002ba   Section        2  libinit2.o(.ARM.Collect$$libinit$$00000033)
    .ARM.Collect$$libshutdown$$00000000      0x000002bc   Section        2  libshutdown.o(.ARM.Collect$$libshutdown$$00000000)
    .ARM.Collect$$libshutdown$$00000002      0x000002be   Section        0  libshutdown2.o(.ARM.Collect$$libshutdown$$00000002)
    .ARM.Collect$$libshutdown$$00000004      0x000002be   Section        0  libshutdown2.o(.ARM.Collect$$libshutdown$$00000004)
    .ARM.Collect$$libshutdown$$00000007      0x000002be   Section        0  libshutdown2.o(.ARM.Collect$$libshutdown$$00000007)
    .ARM.Collect$$libshutdown$$0000000A      0x000002be   Section        0  libshutdown2.o(.ARM.Collect$$libshutdown$$0000000A)
    .ARM.Collect$$libshutdown$$0000000C      0x000002be   Section        0  libshutdown2.o(.ARM.Collect$$libshutdown$$0000000C)
    .ARM.Collect$$libshutdown$$0000000F      0x000002be   Section        0  libshutdown2.o(.ARM.Collect$$libshutdown$$0000000F)
    .ARM.Collect$$libshutdown$$00000010      0x000002be   Section        2  libshutdown2.o(.ARM.Collect$$libshutdown$$00000010)
    .ARM.Collect$$rtentry$$00000000          0x000002c0   Section        0  __rtentry.o(.ARM.Collect$$rtentry$$00000000)
    .ARM.Collect$$rtentry$$00000002          0x000002c0   Section        0  __rtentry2.o(.ARM.Collect$$rtentry$$00000002)
    .ARM.Collect$$rtentry$$00000004          0x000002c0   Section        6  __rtentry4.o(.ARM.Collect$$rtentry$$00000004)
    .ARM.Collect$$rtentry$$00000009          0x000002c6   Section        0  __rtentry2.o(.ARM.Collect$$rtentry$$00000009)
    .ARM.Collect$$rtentry$$0000000A          0x000002c6   Section        4  __rtentry2.o(.ARM.Collect$$rtentry$$0000000A)
    .ARM.Collect$$rtentry$$0000000C          0x000002ca   Section        0  __rtentry2.o(.ARM.Collect$$rtentry$$0000000C)
    .ARM.Collect$$rtentry$$0000000D          0x000002ca   Section        8  __rtentry2.o(.ARM.Collect$$rtentry$$0000000D)
    .ARM.Collect$$rtexit$$00000000           0x000002d2   Section        2  rtexit.o(.ARM.Collect$$rtexit$$00000000)
    .ARM.Collect$$rtexit$$00000002           0x000002d4   Section        0  rtexit2.o(.ARM.Collect$$rtexit$$00000002)
    .ARM.Collect$$rtexit$$00000003           0x000002d4   Section        4  rtexit2.o(.ARM.Collect$$rtexit$$00000003)
    .ARM.Collect$$rtexit$$00000004           0x000002d8   Section        6  rtexit2.o(.ARM.Collect$$rtexit$$00000004)
    .emb_text                                0x000002e0   Section       10  delay.o(.emb_text)
    $v0                                      0x000002e0   Number         0  delay.o(.emb_text)
    .text                                    0x000002ec   Section        0  fir_intr.o(.text)
    .text                                    0x000003d8   Section        0  audio.o(.text)
    .text                                    0x00000550   Section        0  delay.o(.text)
    .text                                    0x000005a4   Section        0  gpio.o(.text)
    .text                                    0x00000710   Section        0  i2c.o(.text)
    .text                                    0x00000834   Section        0  i2s.o(.text)
    __NVIC_ClearPendingIRQ                   0x00000aaf   Thumb Code    26  i2s.o(.text)
    .text                                    0x00000af0   Section        0  dstc.o(.text)
    __NVIC_ClearPendingIRQ                   0x00000cfd   Thumb Code    26  dstc.o(.text)
    .text                                    0x00000d3c   Section       76  startup_s6e2cc.o(.text)
    $v0                                      0x00000d3c   Number         0  startup_s6e2cc.o(.text)
    .text                                    0x00000d88   Section        0  system_s6e2cc.o(.text)
    .text                                    0x00000ebc   Section        0  heapauxi.o(.text)
    .text                                    0x00000ec2   Section       74  sys_stackheap_outer.o(.text)
    .text                                    0x00000f0c   Section        0  exit.o(.text)
    .text                                    0x00000f20   Section        8  libspace.o(.text)
    .text                                    0x00000f28   Section        0  sys_exit.o(.text)
    .text                                    0x00000f34   Section        2  use_no_semi.o(.text)
    .text                                    0x00000f36   Section        0  indicate_semi.o(.text)
    x$fpl$fpinit                             0x00000f36   Section       10  fpinit.o(x$fpl$fpinit)
    $v0                                      0x00000f36   Number         0  fpinit.o(x$fpl$fpinit)
    .data                                    0x1ffd0000   Section      100  fir_intr.o(.data)
    audio_IN                                 0x1ffd0008   Data           4  fir_intr.o(.data)
    audio_OUT                                0x1ffd000c   Data           4  fir_intr.o(.data)
    .data                                    0x1ffd0064   Section        8  audio.o(.data)
    .data                                    0x1ffd006c   Section        4  i2s.o(.data)
    i2s_callback                             0x1ffd006c   Data           4  i2s.o(.data)
    .data                                    0x1ffd0070   Section        4  dstc.o(.data)
    dma_callback                             0x1ffd0070   Data           4  dstc.o(.data)
    .data                                    0x1ffd0074   Section        8  system_s6e2cc.o(.data)
    u8IoRegisterRead                         0x1ffd0074   Data           1  system_s6e2cc.o(.data)
    .bss                                     0x1ffd007c   Section       84  fir_intr.o(.bss)
    .bss                                     0x1ffd00d0   Section     1080  dstc.o(.bss)
    dma_tx_buffer_ping                       0x1ffd00d0   Data         512  dstc.o(.bss)
    dma_rx_buffer_ping                       0x1ffd02d0   Data         512  dstc.o(.bss)
    .bss                                     0x1ffd0508   Section       96  libspace.o(.bss)
    HEAP                                     0x1ffd0568   Section        0  startup_s6e2cc.o(HEAP)
    STACK                                    0x1ffd0568   Section      512  startup_s6e2cc.o(STACK)
    Heap_Mem                                 0x1ffd0568   Data           0  startup_s6e2cc.o(HEAP)
    Stack_Mem                                0x1ffd0568   Data         512  startup_s6e2cc.o(STACK)
    __initial_sp                             0x1ffd0768   Data           0  startup_s6e2cc.o(STACK)

    Global Symbols

    Symbol Name                              Value     Ov Type        Size  Object(Section)

    BuildAttributes$$THM_ISAv4$E$P$D$K$B$S$7EM$VFPi3$EXTD16$VFPS$VFMA$PE$A:L22UL41UL21$X:L11$S22US41US21$IEEE1$IW$USESV6$~STKCKD$USESV7$~SHL$OSPACE$ROPI$EBA8$UX$STANDARDLIB$REQ8$PRES8$EABIv2 0x00000000   Number         0  anon$$obj.o ABSOLUTE
    __ARM_use_no_argv                        0x00000000   Number         0  fir_intr.o ABSOLUTE
    __Vectors                                0x00000000   Data           4  startup_s6e2cc.o(RESET)
    __ARM_exceptions_init                     - Undefined Weak Reference
    __alloca_initialize                       - Undefined Weak Reference
    __arm_preinit_                            - Undefined Weak Reference
    __cpp_initialize__aeabi_                  - Undefined Weak Reference
    __cxa_finalize                            - Undefined Weak Reference
    __rt_locale                               - Undefined Weak Reference
    __sigvec_lookup                           - Undefined Weak Reference
    _atexit_init                              - Undefined Weak Reference
    _call_atexit_fns                          - Undefined Weak Reference
    _clock_init                               - Undefined Weak Reference
    _fp_trap_init                             - Undefined Weak Reference
    _fp_trap_shutdown                         - Undefined Weak Reference
    _get_lc_collate                           - Undefined Weak Reference
    _get_lc_ctype                             - Undefined Weak Reference
    _get_lc_monetary                          - Undefined Weak Reference
    _get_lc_numeric                           - Undefined Weak Reference
    _get_lc_time                              - Undefined Weak Reference
    _getenv_init                              - Undefined Weak Reference
    _handle_redirection                       - Undefined Weak Reference
    _init_alloc                               - Undefined Weak Reference
    _init_user_alloc                          - Undefined Weak Reference
    _initio                                   - Undefined Weak Reference
    _rand_init                                - Undefined Weak Reference
    _signal_finish                            - Undefined Weak Reference
    _signal_init                              - Undefined Weak Reference
    _terminate_alloc                          - Undefined Weak Reference
    _terminate_user_alloc                     - Undefined Weak Reference
    _terminateio                              - Undefined Weak Reference
    __Vectors_End                            0x00000240   Data           0  startup_s6e2cc.o(RESET)
    __Vectors_Size                           0x00000240   Number         0  startup_s6e2cc.o ABSOLUTE
    __main                                   0x00000241   Thumb Code     8  __main.o(!!!main)
    __scatterload                            0x00000249   Thumb Code     0  __scatter.o(!!!scatter)
    __scatterload_rt2                        0x00000249   Thumb Code    44  __scatter.o(!!!scatter)
    __scatterload_rt2_thumb_only             0x00000249   Thumb Code     0  __scatter.o(!!!scatter)
    __scatterload_null                       0x00000257   Thumb Code     0  __scatter.o(!!!scatter)
    __scatterload_copy                       0x0000027d   Thumb Code    26  __scatter_copy.o(!!handler_copy)
    __scatterload_zeroinit                   0x00000299   Thumb Code    28  __scatter_zi.o(!!handler_zi)
    __rt_lib_init                            0x000002b5   Thumb Code     0  libinit.o(.ARM.Collect$$libinit$$00000000)
    __rt_lib_init_fp_1                       0x000002b7   Thumb Code     0  libinit2.o(.ARM.Collect$$libinit$$00000001)
    __rt_lib_init_alloca_1                   0x000002bb   Thumb Code     0  libinit2.o(.ARM.Collect$$libinit$$0000002E)
    __rt_lib_init_argv_1                     0x000002bb   Thumb Code     0  libinit2.o(.ARM.Collect$$libinit$$0000002C)
    __rt_lib_init_atexit_1                   0x000002bb   Thumb Code     0  libinit2.o(.ARM.Collect$$libinit$$0000001B)
    __rt_lib_init_clock_1                    0x000002bb   Thumb Code     0  libinit2.o(.ARM.Collect$$libinit$$00000021)
    __rt_lib_init_cpp_1                      0x000002bb   Thumb Code     0  libinit2.o(.ARM.Collect$$libinit$$00000032)
    __rt_lib_init_exceptions_1               0x000002bb   Thumb Code     0  libinit2.o(.ARM.Collect$$libinit$$00000030)
    __rt_lib_init_fp_trap_1                  0x000002bb   Thumb Code     0  libinit2.o(.ARM.Collect$$libinit$$0000001F)
    __rt_lib_init_getenv_1                   0x000002bb   Thumb Code     0  libinit2.o(.ARM.Collect$$libinit$$00000023)
    __rt_lib_init_heap_1                     0x000002bb   Thumb Code     0  libinit2.o(.ARM.Collect$$libinit$$0000000A)
    __rt_lib_init_lc_collate_1               0x000002bb   Thumb Code     0  libinit2.o(.ARM.Collect$$libinit$$00000011)
    __rt_lib_init_lc_ctype_1                 0x000002bb   Thumb Code     0  libinit2.o(.ARM.Collect$$libinit$$00000013)
    __rt_lib_init_lc_monetary_1              0x000002bb   Thumb Code     0  libinit2.o(.ARM.Collect$$libinit$$00000015)
    __rt_lib_init_lc_numeric_1               0x000002bb   Thumb Code     0  libinit2.o(.ARM.Collect$$libinit$$00000017)
    __rt_lib_init_lc_time_1                  0x000002bb   Thumb Code     0  libinit2.o(.ARM.Collect$$libinit$$00000019)
    __rt_lib_init_preinit_1                  0x000002bb   Thumb Code     0  libinit2.o(.ARM.Collect$$libinit$$00000004)
    __rt_lib_init_rand_1                     0x000002bb   Thumb Code     0  libinit2.o(.ARM.Collect$$libinit$$0000000E)
    __rt_lib_init_return                     0x000002bb   Thumb Code     0  libinit2.o(.ARM.Collect$$libinit$$00000033)
    __rt_lib_init_signal_1                   0x000002bb   Thumb Code     0  libinit2.o(.ARM.Collect$$libinit$$0000001D)
    __rt_lib_init_stdio_1                    0x000002bb   Thumb Code     0  libinit2.o(.ARM.Collect$$libinit$$00000025)
    __rt_lib_init_user_alloc_1               0x000002bb   Thumb Code     0  libinit2.o(.ARM.Collect$$libinit$$0000000C)
    __rt_lib_shutdown                        0x000002bd   Thumb Code     0  libshutdown.o(.ARM.Collect$$libshutdown$$00000000)
    __rt_lib_shutdown_cpp_1                  0x000002bf   Thumb Code     0  libshutdown2.o(.ARM.Collect$$libshutdown$$00000002)
    __rt_lib_shutdown_fp_trap_1              0x000002bf   Thumb Code     0  libshutdown2.o(.ARM.Collect$$libshutdown$$00000007)
    __rt_lib_shutdown_heap_1                 0x000002bf   Thumb Code     0  libshutdown2.o(.ARM.Collect$$libshutdown$$0000000F)
    __rt_lib_shutdown_return                 0x000002bf   Thumb Code     0  libshutdown2.o(.ARM.Collect$$libshutdown$$00000010)
    __rt_lib_shutdown_signal_1               0x000002bf   Thumb Code     0  libshutdown2.o(.ARM.Collect$$libshutdown$$0000000A)
    __rt_lib_shutdown_stdio_1                0x000002bf   Thumb Code     0  libshutdown2.o(.ARM.Collect$$libshutdown$$00000004)
    __rt_lib_shutdown_user_alloc_1           0x000002bf   Thumb Code     0  libshutdown2.o(.ARM.Collect$$libshutdown$$0000000C)
    __rt_entry                               0x000002c1   Thumb Code     0  __rtentry.o(.ARM.Collect$$rtentry$$00000000)
    __rt_entry_presh_1                       0x000002c1   Thumb Code     0  __rtentry2.o(.ARM.Collect$$rtentry$$00000002)
    __rt_entry_sh                            0x000002c1   Thumb Code     0  __rtentry4.o(.ARM.Collect$$rtentry$$00000004)
    __rt_entry_li                            0x000002c7   Thumb Code     0  __rtentry2.o(.ARM.Collect$$rtentry$$0000000A)
    __rt_entry_postsh_1                      0x000002c7   Thumb Code     0  __rtentry2.o(.ARM.Collect$$rtentry$$00000009)
    __rt_entry_main                          0x000002cb   Thumb Code     0  __rtentry2.o(.ARM.Collect$$rtentry$$0000000D)
    __rt_entry_postli_1                      0x000002cb   Thumb Code     0  __rtentry2.o(.ARM.Collect$$rtentry$$0000000C)
    __rt_exit                                0x000002d3   Thumb Code     0  rtexit.o(.ARM.Collect$$rtexit$$00000000)
    __rt_exit_ls                             0x000002d5   Thumb Code     0  rtexit2.o(.ARM.Collect$$rtexit$$00000003)
    __rt_exit_prels_1                        0x000002d5   Thumb Code     0  rtexit2.o(.ARM.Collect$$rtexit$$00000002)
    __rt_exit_exit                           0x000002d9   Thumb Code     0  rtexit2.o(.ARM.Collect$$rtexit$$00000004)
    delay_cycles                             0x000002e1   Thumb Code    10  delay.o(.emb_text)
    I2S_HANDLER                              0x000002ed   Thumb Code   166  fir_intr.o(.text)
    main                                     0x00000393   Thumb Code    56  fir_intr.o(.text)
    init_LED                                 0x000003d9   Thumb Code    32  audio.o(.text)
    prbs                                     0x000003f9   Thumb Code    60  audio.o(.text)
    Codec_WriteRegister                      0x00000435   Thumb Code    30  audio.o(.text)
    audio_init                               0x00000453   Thumb Code   230  audio.o(.text)
    delay_ms                                 0x00000551   Thumb Code    36  delay.o(.text)
    delay_us                                 0x00000575   Thumb Code    34  delay.o(.text)
    gpio_set_mode                            0x000005a5   Thumb Code   234  gpio.o(.text)
    gpio_toggle                              0x0000068f   Thumb Code    34  gpio.o(.text)
    gpio_set                                 0x000006b1   Thumb Code    24  gpio.o(.text)
    gpio_get                                 0x000006c9   Thumb Code    20  gpio.o(.text)
    gpio_set_range                           0x000006dd   Thumb Code     2  gpio.o(.text)
    gpio_set_trigger                         0x000006df   Thumb Code     2  gpio.o(.text)
    gpio_set_callback                        0x000006e1   Thumb Code     2  gpio.o(.text)
    port_isr                                 0x000006e3   Thumb Code     2  gpio.o(.text)
    port_isr0                                0x000006e5   Thumb Code     2  gpio.o(.text)
    port_isr1                                0x000006e7   Thumb Code     2  gpio.o(.text)
    port_isr2                                0x000006e9   Thumb Code     2  gpio.o(.text)
    port_isr3                                0x000006eb   Thumb Code     2  gpio.o(.text)
    port_isr4                                0x000006ed   Thumb Code     2  gpio.o(.text)
    i2c_init                                 0x00000711   Thumb Code    74  i2c.o(.text)
    i2c_enable                               0x0000075b   Thumb Code    10  i2c.o(.text)
    i2c_disable                              0x00000765   Thumb Code    10  i2c.o(.text)
    i2c_start                                0x0000076f   Thumb Code    22  i2c.o(.text)
    i2c_stop                                 0x00000785   Thumb Code    14  i2c.o(.text)
    i2c_tx                                   0x00000793   Thumb Code     8  i2c.o(.text)
    i2c_rx                                   0x0000079b   Thumb Code    10  i2c.o(.text)
    i2c_ack                                  0x000007a5   Thumb Code    10  i2c.o(.text)
    i2c_write                                0x000007af   Thumb Code   110  i2c.o(.text)
    i2c_read                                 0x0000081d   Thumb Code     2  i2c.o(.text)
    i2s_init                                 0x00000835   Thumb Code   442  i2s.o(.text)
    i2s_rx_enable                            0x000009ef   Thumb Code    20  i2s.o(.text)
    i2s_tx_enable                            0x00000a03   Thumb Code    20  i2s.o(.text)
    i2s_rx_threshold                         0x00000a17   Thumb Code    14  i2s.o(.text)
    i2s_tx_threshold                         0x00000a25   Thumb Code    14  i2s.o(.text)
    i2s_rx_dma_enable                        0x00000a33   Thumb Code    14  i2s.o(.text)
    i2s_tx_dma_enable                        0x00000a41   Thumb Code    16  i2s.o(.text)
    i2s_start                                0x00000a51   Thumb Code    12  i2s.o(.text)
    i2s_stop                                 0x00000a5d   Thumb Code    12  i2s.o(.text)
    i2s_rx                                   0x00000a69   Thumb Code     6  i2s.o(.text)
    i2s_tx                                   0x00000a6f   Thumb Code     6  i2s.o(.text)
    i2s_set_callback                         0x00000a75   Thumb Code    34  i2s.o(.text)
    PRGCRC_I2S_IRQHandler                    0x00000a97   Thumb Code    24  i2s.o(.text)
    dstc_src_memory                          0x00000af1   Thumb Code    16  dstc.o(.text)
    dstc_dest_memory                         0x00000b01   Thumb Code    16  dstc.o(.text)
    dstc_transfersize                        0x00000b11   Thumb Code    30  dstc.o(.text)
    DSTCPchkCalc                             0x00000b2f   Thumb Code    36  dstc.o(.text)
    dstc_init                                0x00000b53   Thumb Code   294  dstc.o(.text)
    dstc_state                               0x00000c79   Thumb Code    30  dstc.o(.text)
    dstc_reset                               0x00000c97   Thumb Code    56  dstc.o(.text)
    dstc_set_callback                        0x00000ccf   Thumb Code    34  dstc.o(.text)
    DSTC_COMP_IRQHandler                     0x00000cf1   Thumb Code    12  dstc.o(.text)
    Reset_Handler                            0x00000d3d   Thumb Code    20  startup_s6e2cc.o(.text)
    NMI_Handler                              0x00000d51   Thumb Code     2  startup_s6e2cc.o(.text)
    HardFault_Handler                        0x00000d53   Thumb Code     2  startup_s6e2cc.o(.text)
    MemManage_Handler                        0x00000d55   Thumb Code     2  startup_s6e2cc.o(.text)
    BusFault_Handler                         0x00000d57   Thumb Code     2  startup_s6e2cc.o(.text)
    UsageFault_Handler                       0x00000d59   Thumb Code     2  startup_s6e2cc.o(.text)
    SVC_Handler                              0x00000d5b   Thumb Code     2  startup_s6e2cc.o(.text)
    DebugMon_Handler                         0x00000d5d   Thumb Code     2  startup_s6e2cc.o(.text)
    PendSV_Handler                           0x00000d5f   Thumb Code     2  startup_s6e2cc.o(.text)
    SysTick_Handler                          0x00000d61   Thumb Code     2  startup_s6e2cc.o(.text)
    ADC0_IRQHandler                          0x00000d63   Thumb Code     0  startup_s6e2cc.o(.text)
    ADC1_IRQHandler                          0x00000d63   Thumb Code     0  startup_s6e2cc.o(.text)
    ADC2_IRQHandler                          0x00000d63   Thumb Code     0  startup_s6e2cc.o(.text)
    BT0_IRQHandler                           0x00000d63   Thumb Code     0  startup_s6e2cc.o(.text)
    BT10_IRQHandler                          0x00000d63   Thumb Code     0  startup_s6e2cc.o(.text)
    BT11_IRQHandler                          0x00000d63   Thumb Code     0  startup_s6e2cc.o(.text)
    BT12_15_IRQHandler                       0x00000d63   Thumb Code     0  startup_s6e2cc.o(.text)
    BT1_IRQHandler                           0x00000d63   Thumb Code     0  startup_s6e2cc.o(.text)
    BT2_IRQHandler                           0x00000d63   Thumb Code     0  startup_s6e2cc.o(.text)
    BT3_IRQHandler                           0x00000d63   Thumb Code     0  startup_s6e2cc.o(.text)
    BT4_IRQHandler                           0x00000d63   Thumb Code     0  startup_s6e2cc.o(.text)
    BT5_IRQHandler                           0x00000d63   Thumb Code     0  startup_s6e2cc.o(.text)
    BT6_IRQHandler                           0x00000d63   Thumb Code     0  startup_s6e2cc.o(.text)
    BT7_IRQHandler                           0x00000d63   Thumb Code     0  startup_s6e2cc.o(.text)
    BT8_IRQHandler                           0x00000d63   Thumb Code     0  startup_s6e2cc.o(.text)
    BT9_IRQHandler                           0x00000d63   Thumb Code     0  startup_s6e2cc.o(.text)
    CAN0_IRQHandler                          0x00000d63   Thumb Code     0  startup_s6e2cc.o(.text)
    CAN1_CANFD_IRQHandler                    0x00000d63   Thumb Code     0  startup_s6e2cc.o(.text)
    CSV_IRQHandler                           0x00000d63   Thumb Code     0  startup_s6e2cc.o(.text)
    DMAC0_IRQHandler                         0x00000d63   Thumb Code     0  startup_s6e2cc.o(.text)
    DMAC1_IRQHandler                         0x00000d63   Thumb Code     0  startup_s6e2cc.o(.text)
    DMAC2_IRQHandler                         0x00000d63   Thumb Code     0  startup_s6e2cc.o(.text)
    DMAC3_IRQHandler                         0x00000d63   Thumb Code     0  startup_s6e2cc.o(.text)
    DMAC4_IRQHandler                         0x00000d63   Thumb Code     0  startup_s6e2cc.o(.text)
    DMAC5_IRQHandler                         0x00000d63   Thumb Code     0  startup_s6e2cc.o(.text)
    DMAC6_IRQHandler                         0x00000d63   Thumb Code     0  startup_s6e2cc.o(.text)
    DMAC7_IRQHandler                         0x00000d63   Thumb Code     0  startup_s6e2cc.o(.text)
    DSTC_IRQHandler                          0x00000d63   Thumb Code     0  startup_s6e2cc.o(.text)
    DT1_2_IRAHandler                         0x00000d63   Thumb Code     0  startup_s6e2cc.o(.text)
    Dummy                                    0x00000d63   Thumb Code     0  startup_s6e2cc.o(.text)
    ETHER0_IRQHandler                        0x00000d63   Thumb Code     0  startup_s6e2cc.o(.text)
    EXINT0_IRQHandler                        0x00000d63   Thumb Code     0  startup_s6e2cc.o(.text)
    EXINT16_17_18_19_IRQHandler              0x00000d63   Thumb Code     0  startup_s6e2cc.o(.text)
    EXINT1_IRQHandler                        0x00000d63   Thumb Code     0  startup_s6e2cc.o(.text)
    EXINT20_21_22_23_IRQHandler              0x00000d63   Thumb Code     0  startup_s6e2cc.o(.text)
    EXINT24_25_26_27_IRQHandler              0x00000d63   Thumb Code     0  startup_s6e2cc.o(.text)
    EXINT28_29_30_31_IRQHandler              0x00000d63   Thumb Code     0  startup_s6e2cc.o(.text)
    EXINT2_IRQHandler                        0x00000d63   Thumb Code     0  startup_s6e2cc.o(.text)
    EXINT3_IRQHandler                        0x00000d63   Thumb Code     0  startup_s6e2cc.o(.text)
    EXINT4_IRQHandler                        0x00000d63   Thumb Code     0  startup_s6e2cc.o(.text)
    EXINT5_IRQHandler                        0x00000d63   Thumb Code     0  startup_s6e2cc.o(.text)
    EXINT6_IRQHandler                        0x00000d63   Thumb Code     0  startup_s6e2cc.o(.text)
    EXINT7_IRQHandler                        0x00000d63   Thumb Code     0  startup_s6e2cc.o(.text)
    EXTBUS_ERR_Handler                       0x00000d63   Thumb Code     0  startup_s6e2cc.o(.text)
    EXTINT10_IRQHandler                      0x00000d63   Thumb Code     0  startup_s6e2cc.o(.text)
    EXTINT11_IRQHandler                      0x00000d63   Thumb Code     0  startup_s6e2cc.o(.text)
    EXTINT12_IRQHandler                      0x00000d63   Thumb Code     0  startup_s6e2cc.o(.text)
    EXTINT13_IRQHandler                      0x00000d63   Thumb Code     0  startup_s6e2cc.o(.text)
    EXTINT14_IRQHandler                      0x00000d63   Thumb Code     0  startup_s6e2cc.o(.text)
    EXTINT15_IRQHandler                      0x00000d63   Thumb Code     0  startup_s6e2cc.o(.text)
    EXTINT8_IRQHandler                       0x00000d63   Thumb Code     0  startup_s6e2cc.o(.text)
    EXTINT9_IRQHandler                       0x00000d63   Thumb Code     0  startup_s6e2cc.o(.text)
    FLASHIF_IRQHandler                       0x00000d63   Thumb Code     0  startup_s6e2cc.o(.text)
    FRT0_PEAK_IRQHandler                     0x00000d63   Thumb Code     0  startup_s6e2cc.o(.text)
    FRT0_ZERO_IRQHandler                     0x00000d63   Thumb Code     0  startup_s6e2cc.o(.text)
    FRT1_PEAK_IRQHandler                     0x00000d63   Thumb Code     0  startup_s6e2cc.o(.text)
    FRT1_ZERO_IRQHandler                     0x00000d63   Thumb Code     0  startup_s6e2cc.o(.text)
    FRT2_PEAK_IRQHandler                     0x00000d63   Thumb Code     0  startup_s6e2cc.o(.text)
    FRT2_ZERO_IRQHandler                     0x00000d63   Thumb Code     0  startup_s6e2cc.o(.text)
    HSSPI_IRQHandler                         0x00000d63   Thumb Code     0  startup_s6e2cc.o(.text)
    ICU0_IRQHandler                          0x00000d63   Thumb Code     0  startup_s6e2cc.o(.text)
    ICU1_IRQHandler                          0x00000d63   Thumb Code     0  startup_s6e2cc.o(.text)
    ICU2_IRQHandler                          0x00000d63   Thumb Code     0  startup_s6e2cc.o(.text)
    IRQ003SEL_IRQHandler                     0x00000d63   Thumb Code     0  startup_s6e2cc.o(.text)
    IRQ004SEL_IRQHandler                     0x00000d63   Thumb Code     0  startup_s6e2cc.o(.text)
    IRQ005SEL_IRQHandler                     0x00000d63   Thumb Code     0  startup_s6e2cc.o(.text)
    IRQ006SEL_IRQHandler                     0x00000d63   Thumb Code     0  startup_s6e2cc.o(.text)
    IRQ007SEL_IRQHandler                     0x00000d63   Thumb Code     0  startup_s6e2cc.o(.text)
    IRQ008SEL_IRQHandler                     0x00000d63   Thumb Code     0  startup_s6e2cc.o(.text)
    IRQ009SEL_IRQHandler                     0x00000d63   Thumb Code     0  startup_s6e2cc.o(.text)
    IRQ010SEL_IRQHandler                     0x00000d63   Thumb Code     0  startup_s6e2cc.o(.text)
    LVD_IRQHandler                           0x00000d63   Thumb Code     0  startup_s6e2cc.o(.text)
    MFS0_RX_IRQHandler                       0x00000d63   Thumb Code     0  startup_s6e2cc.o(.text)
    MFS0_TX_IRQHandler                       0x00000d63   Thumb Code     0  startup_s6e2cc.o(.text)
    MFS10_RX_IRQHandler                      0x00000d63   Thumb Code     0  startup_s6e2cc.o(.text)
    MFS10_TX_IRQHandler                      0x00000d63   Thumb Code     0  startup_s6e2cc.o(.text)
    MFS11_RX_IRQHandler                      0x00000d63   Thumb Code     0  startup_s6e2cc.o(.text)
    MFS11_TX_IRQHandler                      0x00000d63   Thumb Code     0  startup_s6e2cc.o(.text)
    MFS12_RX_IRQHandler                      0x00000d63   Thumb Code     0  startup_s6e2cc.o(.text)
    MFS12_TX_IRQHandler                      0x00000d63   Thumb Code     0  startup_s6e2cc.o(.text)
    MFS13_RX_IRQHandler                      0x00000d63   Thumb Code     0  startup_s6e2cc.o(.text)
    MFS13_TX_IRQHandler                      0x00000d63   Thumb Code     0  startup_s6e2cc.o(.text)
    MFS14_RX_IRQHandler                      0x00000d63   Thumb Code     0  startup_s6e2cc.o(.text)
    MFS14_TX_IRQHandler                      0x00000d63   Thumb Code     0  startup_s6e2cc.o(.text)
    MFS15_RX_IRQHandler                      0x00000d63   Thumb Code     0  startup_s6e2cc.o(.text)
    MFS15_TX_IRQHandler                      0x00000d63   Thumb Code     0  startup_s6e2cc.o(.text)
    MFS1_RX_IRQHandler                       0x00000d63   Thumb Code     0  startup_s6e2cc.o(.text)
    MFS1_TX_IRQHandler                       0x00000d63   Thumb Code     0  startup_s6e2cc.o(.text)
    MFS2_RX_IRQHandler                       0x00000d63   Thumb Code     0  startup_s6e2cc.o(.text)
    MFS2_TX_IRQHandler                       0x00000d63   Thumb Code     0  startup_s6e2cc.o(.text)
    MFS3_RX_IRQHandler                       0x00000d63   Thumb Code     0  startup_s6e2cc.o(.text)
    MFS3_TX_IRQHandler                       0x00000d63   Thumb Code     0  startup_s6e2cc.o(.text)
    MFS4_RX_IRQHandler                       0x00000d63   Thumb Code     0  startup_s6e2cc.o(.text)
    MFS4_TX_IRQHandler                       0x00000d63   Thumb Code     0  startup_s6e2cc.o(.text)
    MFS5_RX_IRQHandler                       0x00000d63   Thumb Code     0  startup_s6e2cc.o(.text)
    MFS5_TX_IRQHandler                       0x00000d63   Thumb Code     0  startup_s6e2cc.o(.text)
    MFS6_RX_IRQHandler                       0x00000d63   Thumb Code     0  startup_s6e2cc.o(.text)
    MFS6_TX_IRQHandler                       0x00000d63   Thumb Code     0  startup_s6e2cc.o(.text)
    MFS7_RX_IRQHandler                       0x00000d63   Thumb Code     0  startup_s6e2cc.o(.text)
    MFS7_TX_IRQHandler                       0x00000d63   Thumb Code     0  startup_s6e2cc.o(.text)
    MFS8_RX_IRQHandler                       0x00000d63   Thumb Code     0  startup_s6e2cc.o(.text)
    MFS8_TX_IRQHandler                       0x00000d63   Thumb Code     0  startup_s6e2cc.o(.text)
    MFS9_RX_IRQHandler                       0x00000d63   Thumb Code     0  startup_s6e2cc.o(.text)
    MFS9_TX_IRQHandler                       0x00000d63   Thumb Code     0  startup_s6e2cc.o(.text)
    OCU0_IRQHandler                          0x00000d63   Thumb Code     0  startup_s6e2cc.o(.text)
    OCU1_IRQHandler                          0x00000d63   Thumb Code     0  startup_s6e2cc.o(.text)
    OCU2_IRQHandler                          0x00000d63   Thumb Code     0  startup_s6e2cc.o(.text)
    PPG00_02_04_IRQHandler                   0x00000d63   Thumb Code     0  startup_s6e2cc.o(.text)
    PPG08_10_12_IRQHandler                   0x00000d63   Thumb Code     0  startup_s6e2cc.o(.text)
    PPG16_18_20_IRQHandler                   0x00000d63   Thumb Code     0  startup_s6e2cc.o(.text)
    QPRC0_IRQHandler                         0x00000d63   Thumb Code     0  startup_s6e2cc.o(.text)
    QPRC1_IRQHandler                         0x00000d63   Thumb Code     0  startup_s6e2cc.o(.text)
    QPRC2_IRQHandler                         0x00000d63   Thumb Code     0  startup_s6e2cc.o(.text)
    QPRC3_IRQHandler                         0x00000d63   Thumb Code     0  startup_s6e2cc.o(.text)
    RTC_IRQHandler                           0x00000d63   Thumb Code     0  startup_s6e2cc.o(.text)
    SD_IRQHandler                            0x00000d63   Thumb Code     0  startup_s6e2cc.o(.text)
    SWDT_IRQHandler                          0x00000d63   Thumb Code     0  startup_s6e2cc.o(.text)
    TIM_IRQHandler                           0x00000d63   Thumb Code     0  startup_s6e2cc.o(.text)
    USB0_HOST_IRQHandler                     0x00000d63   Thumb Code     0  startup_s6e2cc.o(.text)
    USB0_IRQHandler                          0x00000d63   Thumb Code     0  startup_s6e2cc.o(.text)
    USB1_HDMICEC0_IRQHandler                 0x00000d63   Thumb Code     0  startup_s6e2cc.o(.text)
    USB1_HOST_HDMICEC1_IRQHandler            0x00000d63   Thumb Code     0  startup_s6e2cc.o(.text)
    WC_IRQHandler                            0x00000d63   Thumb Code     0  startup_s6e2cc.o(.text)
    WFG0_DTIF0_IRQHandler                    0x00000d63   Thumb Code     0  startup_s6e2cc.o(.text)
    WFG1_DTIF1_IRQHandler                    0x00000d63   Thumb Code     0  startup_s6e2cc.o(.text)
    WFG2_DTIF2_IRQHandler                    0x00000d63   Thumb Code     0  startup_s6e2cc.o(.text)
    __user_initial_stackheap                 0x00000d65   Thumb Code     0  startup_s6e2cc.o(.text)
    SystemCoreClockUpdate                    0x00000d89   Thumb Code   120  system_s6e2cc.o(.text)
    SystemInit                               0x00000e01   Thumb Code   150  system_s6e2cc.o(.text)
    __use_two_region_memory                  0x00000ebd   Thumb Code     2  heapauxi.o(.text)
    __rt_heap_escrow$2region                 0x00000ebf   Thumb Code     2  heapauxi.o(.text)
    __rt_heap_expand$2region                 0x00000ec1   Thumb Code     2  heapauxi.o(.text)
    __user_setup_stackheap                   0x00000ec3   Thumb Code    74  sys_stackheap_outer.o(.text)
    exit                                     0x00000f0d   Thumb Code    18  exit.o(.text)
    __user_libspace                          0x00000f21   Thumb Code     8  libspace.o(.text)
    __user_perproc_libspace                  0x00000f21   Thumb Code     0  libspace.o(.text)
    __user_perthread_libspace                0x00000f21   Thumb Code     0  libspace.o(.text)
    _sys_exit                                0x00000f29   Thumb Code     8  sys_exit.o(.text)
    __I$use$semihosting                      0x00000f35   Thumb Code     0  use_no_semi.o(.text)
    __use_no_semihosting_swi                 0x00000f35   Thumb Code     2  use_no_semi.o(.text)
    __semihosting_library_function           0x00000f37   Thumb Code     0  indicate_semi.o(.text)
    _fp_init                                 0x00000f37   Thumb Code    10  fpinit.o(x$fpl$fpinit)
    __fplib_config_fpu_vfp                   0x00000f3f   Thumb Code     0  fpinit.o(x$fpl$fpinit)
    __fplib_config_pureend_doubles           0x00000f3f   Thumb Code     0  fpinit.o(x$fpl$fpinit)
    Region$$Table$$Base                      0x00000f40   Number         0  anon$$obj.o(Region$$Table)
    Region$$Table$$Limit                     0x00000f60   Number         0  anon$$obj.o(Region$$Table)
    audio_chR                                0x1ffd0000   Data           2  fir_intr.o(.data)
    audio_chL                                0x1ffd0002   Data           2  fir_intr.o(.data)
    k                                        0x1ffd0004   Data           2  fir_intr.o(.data)
    h                                        0x1ffd0010   Data          84  fir_intr.o(.data)
    sreg                                     0x1ffd0064   Data           2  audio.o(.data)
    fb                                       0x1ffd0068   Data           4  audio.o(.data)
    SystemCoreClock                          0x1ffd0078   Data           4  system_s6e2cc.o(.data)
    x                                        0x1ffd007c   Data          84  fir_intr.o(.bss)
    stcDES                                   0x1ffd04d0   Data          56  dstc.o(.bss)
    __libspace_start                         0x1ffd0508   Data          96  libspace.o(.bss)
    __temporary_stack_top$libspace           0x1ffd0568   Data           0  libspace.o(.bss)



==============================================================================

Memory Map of the image

  Image Entry point : 0x00000241

  Load Region LR_IROM1 (Base: 0x00000000, Size: 0x00000fdc, Max: 0x00300000, ABSOLUTE)

    Execution Region ER_IROM1 (Exec base: 0x00000000, Load base: 0x00000000, Size: 0x00000f60, Max: 0x00300000, ABSOLUTE)

    Exec Addr    Load Addr    Size         Type   Attr      Idx    E Section Name        Object

    0x00000000   0x00000000   0x00000240   Data   RO          287    RESET               startup_s6e2cc.o
    0x00000240   0x00000240   0x00000008   Code   RO          333  * !!!main             c_w.l(__main.o)
    0x00000248   0x00000248   0x00000034   Code   RO          490    !!!scatter          c_w.l(__scatter.o)
    0x0000027c   0x0000027c   0x0000001a   Code   RO          492    !!handler_copy      c_w.l(__scatter_copy.o)
    0x00000296   0x00000296   0x00000002   PAD
    0x00000298   0x00000298   0x0000001c   Code   RO          494    !!handler_zi        c_w.l(__scatter_zi.o)
    0x000002b4   0x000002b4   0x00000002   Code   RO          360    .ARM.Collect$$libinit$$00000000  c_w.l(libinit.o)
    0x000002b6   0x000002b6   0x00000004   Code   RO          366    .ARM.Collect$$libinit$$00000001  c_w.l(libinit2.o)
    0x000002ba   0x000002ba   0x00000000   Code   RO          369    .ARM.Collect$$libinit$$00000004  c_w.l(libinit2.o)
    0x000002ba   0x000002ba   0x00000000   Code   RO          372    .ARM.Collect$$libinit$$0000000A  c_w.l(libinit2.o)
    0x000002ba   0x000002ba   0x00000000   Code   RO          374    .ARM.Collect$$libinit$$0000000C  c_w.l(libinit2.o)
    0x000002ba   0x000002ba   0x00000000   Code   RO          376    .ARM.Collect$$libinit$$0000000E  c_w.l(libinit2.o)
    0x000002ba   0x000002ba   0x00000000   Code   RO          379    .ARM.Collect$$libinit$$00000011  c_w.l(libinit2.o)
    0x000002ba   0x000002ba   0x00000000   Code   RO          381    .ARM.Collect$$libinit$$00000013  c_w.l(libinit2.o)
    0x000002ba   0x000002ba   0x00000000   Code   RO          383    .ARM.Collect$$libinit$$00000015  c_w.l(libinit2.o)
    0x000002ba   0x000002ba   0x00000000   Code   RO          385    .ARM.Collect$$libinit$$00000017  c_w.l(libinit2.o)
    0x000002ba   0x000002ba   0x00000000   Code   RO          387    .ARM.Collect$$libinit$$00000019  c_w.l(libinit2.o)
    0x000002ba   0x000002ba   0x00000000   Code   RO          389    .ARM.Collect$$libinit$$0000001B  c_w.l(libinit2.o)
    0x000002ba   0x000002ba   0x00000000   Code   RO          391    .ARM.Collect$$libinit$$0000001D  c_w.l(libinit2.o)
    0x000002ba   0x000002ba   0x00000000   Code   RO          393    .ARM.Collect$$libinit$$0000001F  c_w.l(libinit2.o)
    0x000002ba   0x000002ba   0x00000000   Code   RO          395    .ARM.Collect$$libinit$$00000021  c_w.l(libinit2.o)
    0x000002ba   0x000002ba   0x00000000   Code   RO          397    .ARM.Collect$$libinit$$00000023  c_w.l(libinit2.o)
    0x000002ba   0x000002ba   0x00000000   Code   RO          399    .ARM.Collect$$libinit$$00000025  c_w.l(libinit2.o)
    0x000002ba   0x000002ba   0x00000000   Code   RO          403    .ARM.Collect$$libinit$$0000002C  c_w.l(libinit2.o)
    0x000002ba   0x000002ba   0x00000000   Code   RO          405    .ARM.Collect$$libinit$$0000002E  c_w.l(libinit2.o)
    0x000002ba   0x000002ba   0x00000000   Code   RO          407    .ARM.Collect$$libinit$$00000030  c_w.l(libinit2.o)
    0x000002ba   0x000002ba   0x00000000   Code   RO          409    .ARM.Collect$$libinit$$00000032  c_w.l(libinit2.o)
    0x000002ba   0x000002ba   0x00000002   Code   RO          410    .ARM.Collect$$libinit$$00000033  c_w.l(libinit2.o)
    0x000002bc   0x000002bc   0x00000002   Code   RO          430    .ARM.Collect$$libshutdown$$00000000  c_w.l(libshutdown.o)
    0x000002be   0x000002be   0x00000000   Code   RO          443    .ARM.Collect$$libshutdown$$00000002  c_w.l(libshutdown2.o)
    0x000002be   0x000002be   0x00000000   Code   RO          445    .ARM.Collect$$libshutdown$$00000004  c_w.l(libshutdown2.o)
    0x000002be   0x000002be   0x00000000   Code   RO          448    .ARM.Collect$$libshutdown$$00000007  c_w.l(libshutdown2.o)
    0x000002be   0x000002be   0x00000000   Code   RO          451    .ARM.Collect$$libshutdown$$0000000A  c_w.l(libshutdown2.o)
    0x000002be   0x000002be   0x00000000   Code   RO          453    .ARM.Collect$$libshutdown$$0000000C  c_w.l(libshutdown2.o)
    0x000002be   0x000002be   0x00000000   Code   RO          456    .ARM.Collect$$libshutdown$$0000000F  c_w.l(libshutdown2.o)
    0x000002be   0x000002be   0x00000002   Code   RO          457    .ARM.Collect$$libshutdown$$00000010  c_w.l(libshutdown2.o)
    0x000002c0   0x000002c0   0x00000000   Code   RO          335    .ARM.Collect$$rtentry$$00000000  c_w.l(__rtentry.o)
    0x000002c0   0x000002c0   0x00000000   Code   RO          337    .ARM.Collect$$rtentry$$00000002  c_w.l(__rtentry2.o)
    0x000002c0   0x000002c0   0x00000006   Code   RO          349    .ARM.Collect$$rtentry$$00000004  c_w.l(__rtentry4.o)
    0x000002c6   0x000002c6   0x00000000   Code   RO          339    .ARM.Collect$$rtentry$$00000009  c_w.l(__rtentry2.o)
    0x000002c6   0x000002c6   0x00000004   Code   RO          340    .ARM.Collect$$rtentry$$0000000A  c_w.l(__rtentry2.o)
    0x000002ca   0x000002ca   0x00000000   Code   RO          342    .ARM.Collect$$rtentry$$0000000C  c_w.l(__rtentry2.o)
    0x000002ca   0x000002ca   0x00000008   Code   RO          343    .ARM.Collect$$rtentry$$0000000D  c_w.l(__rtentry2.o)
    0x000002d2   0x000002d2   0x00000002   Code   RO          364    .ARM.Collect$$rtexit$$00000000  c_w.l(rtexit.o)
    0x000002d4   0x000002d4   0x00000000   Code   RO          412    .ARM.Collect$$rtexit$$00000002  c_w.l(rtexit2.o)
    0x000002d4   0x000002d4   0x00000004   Code   RO          413    .ARM.Collect$$rtexit$$00000003  c_w.l(rtexit2.o)
    0x000002d8   0x000002d8   0x00000006   Code   RO          414    .ARM.Collect$$rtexit$$00000004  c_w.l(rtexit2.o)
    0x000002de   0x000002de   0x00000002   PAD
    0x000002e0   0x000002e0   0x0000000a   Code   RO          146    .emb_text           delay.o
    0x000002ea   0x000002ea   0x00000002   PAD
    0x000002ec   0x000002ec   0x000000ec   Code   RO            4    .text               fir_intr.o
    0x000003d8   0x000003d8   0x00000178   Code   RO          105    .text               audio.o
    0x00000550   0x00000550   0x00000054   Code   RO          147    .text               delay.o
    0x000005a4   0x000005a4   0x0000016c   Code   RO          168    .text               gpio.o
    0x00000710   0x00000710   0x00000124   Code   RO          199    .text               i2c.o
    0x00000834   0x00000834   0x000002bc   Code   RO          224    .text               i2s.o
    0x00000af0   0x00000af0   0x0000024c   Code   RO          254    .text               dstc.o
    0x00000d3c   0x00000d3c   0x0000004c   Code   RO          288    .text               startup_s6e2cc.o
    0x00000d88   0x00000d88   0x00000134   Code   RO          295    .text               system_s6e2cc.o
    0x00000ebc   0x00000ebc   0x00000006   Code   RO          331    .text               c_w.l(heapauxi.o)
    0x00000ec2   0x00000ec2   0x0000004a   Code   RO          351    .text               c_w.l(sys_stackheap_outer.o)
    0x00000f0c   0x00000f0c   0x00000012   Code   RO          353    .text               c_w.l(exit.o)
    0x00000f1e   0x00000f1e   0x00000002   PAD
    0x00000f20   0x00000f20   0x00000008   Code   RO          361    .text               c_w.l(libspace.o)
    0x00000f28   0x00000f28   0x0000000c   Code   RO          422    .text               c_w.l(sys_exit.o)
    0x00000f34   0x00000f34   0x00000002   Code   RO          433    .text               c_w.l(use_no_semi.o)
    0x00000f36   0x00000f36   0x00000000   Code   RO          435    .text               c_w.l(indicate_semi.o)
    0x00000f36   0x00000f36   0x0000000a   Code   RO          420    x$fpl$fpinit        fz_wm.l(fpinit.o)
    0x00000f40   0x00000f40   0x00000020   Data   RO          488    Region$$Table       anon$$obj.o


    Execution Region RW_IRAM1 (Exec base: 0x1ffd0000, Load base: 0x00000f60, Size: 0x00000768, Max: 0x00030000, ABSOLUTE)

    Exec Addr    Load Addr    Size         Type   Attr      Idx    E Section Name        Object

    0x1ffd0000   0x00000f60   0x00000064   Data   RW            6    .data               fir_intr.o
    0x1ffd0064   0x00000fc4   0x00000008   Data   RW          106    .data               audio.o
    0x1ffd006c   0x00000fcc   0x00000004   Data   RW          225    .data               i2s.o
    0x1ffd0070   0x00000fd0   0x00000004   Data   RW          256    .data               dstc.o
    0x1ffd0074   0x00000fd4   0x00000008   Data   RW          296    .data               system_s6e2cc.o
    0x1ffd007c        -       0x00000054   Zero   RW            5    .bss                fir_intr.o
    0x1ffd00d0        -       0x00000438   Zero   RW          255    .bss                dstc.o
    0x1ffd0508        -       0x00000060   Zero   RW          362    .bss                c_w.l(libspace.o)
    0x1ffd0568        -       0x00000000   Zero   RW          286    HEAP                startup_s6e2cc.o
    0x1ffd0568        -       0x00000200   Zero   RW          285    STACK               startup_s6e2cc.o


==============================================================================

Image component sizes


      Code (inc. data)   RO Data    RW Data    ZI Data      Debug   Object Name

       376         24          0          8          0      33870   audio.o
        94         14          0          0          0       1292   delay.o
       588         38          0          4       1080       5026   dstc.o
       236         14          0        100         84    1746449   fir_intr.o
       364         40          0          0          0       7089   gpio.o
       292         22          0          0          0       2592   i2c.o
       700         40          0          4          0      33688   i2s.o
        76         26        576          0        512        892   startup_s6e2cc.o
       308         52          0          8          0       1313   system_s6e2cc.o

    ----------------------------------------------------------------------
      3036        270        608        124       1676    1832211   Object Totals
         0          0         32          0          0          0   (incl. Generated)
         2          0          0          0          0          0   (incl. Padding)

    ----------------------------------------------------------------------

      Code (inc. data)   RO Data    RW Data    ZI Data      Debug   Library Member Name

         8          0          0          0          0         68   __main.o
         0          0          0          0          0          0   __rtentry.o
        12          0          0          0          0          0   __rtentry2.o
         6          0          0          0          0          0   __rtentry4.o
        52          8          0          0          0          0   __scatter.o
        26          0          0          0          0          0   __scatter_copy.o
        28          0          0          0          0          0   __scatter_zi.o
        18          0          0          0          0         80   exit.o
         6          0          0          0          0        152   heapauxi.o
         0          0          0          0          0          0   indicate_semi.o
         2          0          0          0          0          0   libinit.o
         6          0          0          0          0          0   libinit2.o
         2          0          0          0          0          0   libshutdown.o
         2          0          0          0          0          0   libshutdown2.o
         8          4          0          0         96         68   libspace.o
         2          0          0          0          0          0   rtexit.o
        10          0          0          0          0          0   rtexit2.o
        12          4          0          0          0         68   sys_exit.o
        74          0          0          0          0         80   sys_stackheap_outer.o
         2          0          0          0          0         68   use_no_semi.o
        10          0          0          0          0        116   fpinit.o

    ----------------------------------------------------------------------
       292         16          0          0         96        700   Library Totals
         6          0          0          0          0          0   (incl. Padding)

    ----------------------------------------------------------------------

      Code (inc. data)   RO Data    RW Data    ZI Data      Debug   Library Name

       276         16          0          0         96        584   c_w.l
        10          0          0          0          0        116   fz_wm.l

    ----------------------------------------------------------------------
       292         16          0          0         96        700   Library Totals

    ----------------------------------------------------------------------

==============================================================================


      Code (inc. data)   RO Data    RW Data    ZI Data      Debug   

      3328        286        608        124       1772    1830955   Grand Totals
      3328        286        608        124       1772    1830955   ELF Image Totals
      3328        286        608        124          0          0   ROM Totals

==============================================================================

    Total RO  Size (Code + RO Data)                 3936 (   3.84kB)
    Total RW  Size (RW Data + ZI Data)              1896 (   1.85kB)
    Total ROM Size (Code + RO Data + RW Data)       4060 (   3.96kB)

==============================================================================

